******************************************************************************
                  TI ARM Linker Unix v17.3.0                   
******************************************************************************
>> Linked Thu Apr 27 02:28:40 2017

OUTPUT FILE NAME:   <pixyUart.out>
ENTRY POINT SYMBOL: "_c_int00"  address: 000034d9


MEMORY CONFIGURATION

         name            origin    length      used     unused   attr    fill
----------------------  --------  ---------  --------  --------  ----  --------
  MAIN                  00000000   00040000  000039d8  0003c628  R  X
  INFO                  00200000   00004000  00000000  00004000  R  X
  SRAM_CODE             01000000   00010000  000009e9  0000f617  RW X
  SRAM_DATA             20000000   00010000  000009e9  0000f617  RW  


SEGMENT ALLOCATION MAP

run origin  load origin   length   init length attrs members
----------  ----------- ---------- ----------- ----- -------
00000000    00000000    000039d8   000039d8    r-x
  00000000    00000000    000000e4   000000e4    r-- .intvecs
  000000e4    000000e4    00003734   00003734    r-x .text
  00003818    00003818    00000128   00000128    r-- .const
  00003940    00003940    00000098   00000098    r-- .cinit
20000000    20000000    000007eb   00000000    rw-
  20000000    20000000    00000400   00000000    rw- .sysmem
  20000400    20000400    00000202   00000000    rw- .data
  20000604    20000604    000001e7   00000000    rw- .bss
2000fe00    2000fe00    00000200   00000000    rw-
  2000fe00    2000fe00    00000200   00000000    rw- .stack


SECTION ALLOCATION MAP

 output                                  attributes/
section   page    origin      length       input sections
--------  ----  ----------  ----------   ----------------
.intvecs   0    00000000    000000e4     
                  00000000    000000e4     startup_msp432p401r_ccs.obj (.intvecs:retain)

.text      0    000000e4    00003734     
                  000000e4    00001142     rtsv7M4_T_le_v4SPD16_eabi.lib : _printfi.obj (.text)
                  00001226    00000002                                   : mpu_init.obj (.text)
                  00001228    000003d0                                   : memory.obj (.text)
                  000015f8    00000398     main.obj (.text)
                  00001990    0000032c     system_msp432p401r.obj (.text)
                  00001cbc    00000324     rtsv7M4_T_le_v4SPD16_eabi.lib : trgdrv.obj (.text)
                  00001fe0    0000030c                                   : lowlev.obj (.text)
                  000022ec    000001f4                                   : ull_div_t2.obj (.text)
                  000024e0    000001c4                                   : fopen.obj (.text)
                  000026a4    000001b6                                   : fd_add_t2.obj (.text)
                  0000285a    00000136                                   : fd_div_t2.obj (.text)
                  00002990    00000134                                   : fputs.obj (.text)
                  00002ac4    000000fc                                   : fd_mul_t2.obj (.text)
                  00002bc0    000000fc                                   : s_scalbn.obj (.text)
                  00002cbc    000000dc                                   : setvbuf.obj (.text)
                  00002d98    000000c8                                   : fflush.obj (.text)
                  00002e60    000000ac                                   : _io_perm.obj (.text)
                  00002f0c    0000009c                                   : memcpy_t2.obj (.text)
                  00002fa8    00000098                                   : fclose.obj (.text)
                  00003040    00000098                                   : fputc.obj (.text)
                  000030d8    00000086                                   : fd_cmp_t2.obj (.text:__aeabi_cdcmple)
                  0000315e    00000086                                   : fd_cmp_t2.obj (.text:__aeabi_cdrcmple)
                  000031e4    0000007a                                   : memset_t2.obj (.text)
                  0000325e    00000002                                   : startup.obj (.text)
                  00003260    00000070                                   : autoinit.obj (.text)
                  000032d0    00000070                                   : printf.obj (.text)
                  00003340    00000068                                   : copy_decompress_lzss.obj (.text:decompress:lzss)
                  000033a8    00000068                                   : trgmsg.obj (.text)
                  00003410    00000064                                   : fseek.obj (.text)
                  00003474    00000064                                   : s_frexp.obj (.text)
                  000034d8    00000054                                   : boot.obj (.text)
                  0000352c    00000054                                   : exit.obj (.text)
                  00003580    00000054                                   : ltoa.obj (.text)
                  000035d4    0000004c                                   : atoi.obj (.text)
                  00003620    0000004c                                   : cpy_tbl.obj (.text)
                  0000366c    00000048                                   : fd_toi_t2.obj (.text)
                  000036b4    00000036                                   : strncpy.obj (.text)
                  000036ea    0000002e                                   : i_tofd_t2.obj (.text)
                  00003718    00000020                                   : memchr.obj (.text)
                  00003738    0000001c                                   : memccpy.obj (.text)
                  00003754    00000018                                   : args_main.obj (.text)
                  0000376c    00000018                                   : strcmp.obj (.text)
                  00003784    00000016                                   : strchr.obj (.text)
                  0000379a    00000002     --HOLE-- [fill = 0]
                  0000379c    00000014                                   : _lock.obj (.text)
                  000037b0    00000014                                   : s_copysign.obj (.text)
                  000037c4    00000014                                   : strcpy.obj (.text)
                  000037d8    00000014                                   : strlen.obj (.text)
                  000037ec    0000000e                                   : copy_decompress_none.obj (.text:decompress:none)
                  000037fa    0000000e     startup_msp432p401r_ccs.obj (.text)
                  00003808    0000000c     rtsv7M4_T_le_v4SPD16_eabi.lib : copy_zero_init.obj (.text:decompress:ZI)
                  00003814    00000004                                   : pre_init.obj (.text)

.const     0    00003818    00000128     
                  00003818    00000101     rtsv7M4_T_le_v4SPD16_eabi.lib : ctype.obj (.const:.string:_ctypes_)
                  00003919    00000003     --HOLE-- [fill = 0]
                  0000391c    00000024     main.obj (.const:uartConfig)

.cinit     0    00003940    00000098     
                  00003940    00000074     (.cinit..data.load) [load image, compression = lzss]
                  000039b4    0000000c     (__TI_handler_table)
                  000039c0    00000008     (.cinit..bss.load) [load image, compression = zero_init]
                  000039c8    00000010     (__TI_cinit_table)

.init_array 
*          0    00000000    00000000     UNINITIALIZED

.binit     0    00000000    00000000     

.sysmem    0    20000000    00000400     UNINITIALIZED
                  20000000    00000008     rtsv7M4_T_le_v4SPD16_eabi.lib : memory.obj (.sysmem)
                  20000008    000003f8     --HOLE--

.data      0    20000400    00000202     UNINITIALIZED
                  20000400    000000f0     rtsv7M4_T_le_v4SPD16_eabi.lib : defs.obj (.data:_ftable)
                  200004f0    000000d0                                   : lowlev.obj (.data:$O1$$)
                  200005c0    00000010                                   : defs.obj (.data)
                  200005d0    0000000c                                   : exit.obj (.data:$O1$$)
                  200005dc    0000000c                                   : memory.obj (.data:$O1$$)
                  200005e8    00000008                                   : _lock.obj (.data:$O1$$)
                  200005f0    00000004                                   : errno.obj (.data)
                  200005f4    00000004                                   : fopen.obj (.data)
                  200005f8    00000004                                   : stkdepth_vars.obj (.data)
                  200005fc    00000004     system_msp432p401r.obj (.data)
                  20000600    00000002     main.obj (.data)

.bss       0    20000604    000001e7     UNINITIALIZED
                  20000604    00000120     rtsv7M4_T_le_v4SPD16_eabi.lib : trgmsg.obj (.bss:_CIOBUF_)
                  20000724    000000a0     (.common:__TI_tmpnams)
                  200007c4    00000010     (.common:rxDataArray)
                  200007d4    00000008                                   : trgdrv.obj (.bss:parmbuf)
                  200007dc    00000002     (.common:angle)
                  200007de    00000002     (.common:checksum)
                  200007e0    00000002     (.common:height)
                  200007e2    00000002     (.common:signatureNumber)
                  200007e4    00000002     (.common:width)
                  200007e6    00000002     (.common:xCenter)
                  200007e8    00000002     (.common:yCenter)
                  200007ea    00000001     (.common:data)

.stack     0    2000fe00    00000200     UNINITIALIZED
                  2000fe00    00000200     --HOLE--

MODULE SUMMARY

       Module                        code    ro data   rw data
       ------                        ----    -------   -------
    ./
       main.obj                      920     36        66     
       system_msp432p401r.obj        812     0         8      
       startup_msp432p401r_ccs.obj   14      228       0      
    +--+-----------------------------+-------+---------+---------+
       Total:                        1746    264       74     
                                                              
    /Applications/ti/ccsv7/tools/compiler/ti-cgt-arm_17.3.0.STS/lib/rtsv7M4_T_le_v4SPD16_eabi.lib
       _printfi.obj                  4418    0         0      
       lowlev.obj                    780     0         416    
       memory.obj                    976     0         24     
       defs.obj                      0       0         832    
       trgdrv.obj                    804     0         16     
       trgmsg.obj                    104     0         576    
       ull_div_t2.obj                500     0         0      
       fopen.obj                     452     0         8      
       fd_add_t2.obj                 438     0         0      
       fd_div_t2.obj                 310     0         0      
       fputs.obj                     308     0         0      
       fd_cmp_t2.obj                 268     0         0      
       ctype.obj                     0       257       0      
       fd_mul_t2.obj                 252     0         0      
       s_scalbn.obj                  252     0         0      
       setvbuf.obj                   220     0         0      
       fflush.obj                    200     0         0      
       _io_perm.obj                  172     0         0      
       memcpy_t2.obj                 156     0         0      
       fclose.obj                    152     0         0      
       fputc.obj                     152     0         0      
       memset_t2.obj                 122     0         0      
       autoinit.obj                  112     0         0      
       printf.obj                    112     0         0      
       exit.obj                      84      0         24     
       copy_decompress_lzss.obj      104     0         0      
       fseek.obj                     100     0         0      
       s_frexp.obj                   100     0         0      
       boot.obj                      84      0         0      
       ltoa.obj                      84      0         0      
       atoi.obj                      76      0         0      
       cpy_tbl.obj                   76      0         0      
       fd_toi_t2.obj                 72      0         0      
       strncpy.obj                   54      0         0      
       i_tofd_t2.obj                 46      0         0      
       _lock.obj                     20      0         16     
       memchr.obj                    32      0         0      
       memccpy.obj                   28      0         0      
       args_main.obj                 24      0         0      
       strcmp.obj                    24      0         0      
       strchr.obj                    22      0         0      
       s_copysign.obj                20      0         0      
       strcpy.obj                    20      0         0      
       strlen.obj                    20      0         0      
       copy_decompress_none.obj      14      0         0      
       copy_zero_init.obj            12      0         0      
       errno.obj                     0       0         8      
       stkdepth_vars.obj             0       0         8      
       pre_init.obj                  4       0         0      
       mpu_init.obj                  2       0         0      
       startup.obj                   2       0         0      
    +--+-----------------------------+-------+---------+---------+
       Total:                        12384   257       1928   
                                                              
       Heap:                         0       0         2048   
       Stack:                        0       0         1024   
       Linker Generated:             0       152       0      
    +--+-----------------------------+-------+---------+---------+
       Grand Total:                  14130   673       5074   


LINKER GENERATED COPY TABLES

__TI_cinit_table @ 000039c8 records: 2, size/record: 8, table size: 16
	.data: load addr=00003940, load size=00000074 bytes, run addr=20000400, run size=00000202 bytes, compression=lzss
	.bss: load addr=000039c0, load size=00000008 bytes, run addr=20000604, run size=000001e7 bytes, compression=zero_init


LINKER GENERATED HANDLER TABLE

__TI_handler_table @ 000039b4 records: 3, size/record: 4, table size: 12
	index: 0, handler: __TI_decompress_lzss
	index: 1, handler: __TI_decompress_none
	index: 2, handler: __TI_zero_init


GLOBAL SYMBOLS: SORTED ALPHABETICALLY BY Name 

address   name                           
-------   ----                           
00003807  ADC14_IRQHandler               
00003807  AES256_IRQHandler              
00003807  BusFault_Handler               
0000352d  C$$EXIT                        
000033d7  C$$IO$$                        
00003807  COMP_E0_IRQHandler             
00003807  COMP_E1_IRQHandler             
00003807  CS_IRQHandler                  
00003807  DMA_ERR_IRQHandler             
00003807  DMA_INT0_IRQHandler            
00003807  DMA_INT1_IRQHandler            
00003807  DMA_INT2_IRQHandler            
00003807  DMA_INT3_IRQHandler            
00003807  DebugMon_Handler               
00003807  Default_Handler                
00003807  EUSCIA0_IRQHandler             
0000175d  EUSCIA1_IRQHandler             
0000175d  EUSCIA1_IRQHandler             
00003807  EUSCIA2_IRQHandler             
00003807  EUSCIA3_IRQHandler             
00003807  EUSCIB0_IRQHandler             
00003807  EUSCIB1_IRQHandler             
00003807  EUSCIB2_IRQHandler             
00003807  EUSCIB3_IRQHandler             
00003807  FLCTL_IRQHandler               
00003807  FPU_IRQHandler                 
00001f97  HOSTclock                      
00001f5f  HOSTclose                      
00001f21  HOSTgetenv                     
00001ec5  HOSTlseek                      
00001e73  HOSTopen                       
00001e27  HOSTread                       
00001dc9  HOSTrename                     
00001d8f  HOSTtime                       
00001d41  HOSTtime64                     
00001d09  HOSTunlink                     
00001cbd  HOSTwrite                      
00003807  HardFault_Handler              
00003807  MemManage_Handler              
00003807  NMI_Handler                    
00003807  PCM_IRQHandler                 
00003807  PORT1_IRQHandler               
00003807  PORT2_IRQHandler               
00003807  PORT3_IRQHandler               
00003807  PORT4_IRQHandler               
00003807  PORT5_IRQHandler               
00003807  PORT6_IRQHandler               
00003807  PSS_IRQHandler                 
00003807  PendSV_Handler                 
00003807  RTC_C_IRQHandler               
000037fb  Reset_Handler                  
UNDEFED   SHT$$INIT_ARRAY$$Base          
UNDEFED   SHT$$INIT_ARRAY$$Limit         
00003807  SVC_Handler                    
00003807  SysTick_Handler                
200005fc  SystemCoreClock                
00001991  SystemCoreClockUpdate          
00001c05  SystemInit                     
00003807  T32_INT1_IRQHandler            
00003807  T32_INT2_IRQHandler            
00003807  T32_INTC_IRQHandler            
00003807  TA0_0_IRQHandler               
00003807  TA0_N_IRQHandler               
00003807  TA1_0_IRQHandler               
00003807  TA1_N_IRQHandler               
00003807  TA2_0_IRQHandler               
00003807  TA2_N_IRQHandler               
00003807  TA3_0_IRQHandler               
00003807  TA3_N_IRQHandler               
00003807  UsageFault_Handler             
4000480c  WDTCTL_SYM                     
00003807  WDT_A_IRQHandler               
20000604  __CIOBUF_                      
20010000  __STACK_END                    
00000200  __STACK_SIZE                   
00000400  __SYSMEM_SIZE                  
000039c8  __TI_CINIT_Base                
000039d8  __TI_CINIT_Limit               
000039b4  __TI_Handler_Table_Base        
000039c0  __TI_Handler_Table_Limit       
00003261  __TI_auto_init                 
000025a9  __TI_cleanup                   
200005d0  __TI_cleanup_ptr               
00002fa9  __TI_closefile                 
00003341  __TI_decompress_lzss           
000037ed  __TI_decompress_none           
00002d99  __TI_doflush                   
200005d4  __TI_dtors_ptr                 
200005d8  __TI_enable_exit_profile_output
200005c0  __TI_ft_end                    
ffffffff  __TI_pprof_out_hndl            
00000931  __TI_printfi                   
ffffffff  __TI_prof_data_size            
ffffffff  __TI_prof_data_start           
00002ec3  __TI_rd_ok                     
000033db  __TI_readmsg                   
00000000  __TI_static_base__             
20000724  __TI_tmpnams                   
000033a9  __TI_writemsg                  
00002e61  __TI_wrt_ok                    
00003809  __TI_zero_init                 
000030d9  __aeabi_cdcmpeq                
000030d9  __aeabi_cdcmple                
0000315f  __aeabi_cdrcmple               
0000366d  __aeabi_d2iz                   
000026af  __aeabi_dadd                   
0000285b  __aeabi_ddiv                   
00002ac5  __aeabi_dmul                   
000026a5  __aeabi_dsub                   
000036eb  __aeabi_i2d                    
000031e5  __aeabi_memclr                 
000031e5  __aeabi_memclr4                
000031e5  __aeabi_memclr8                
00002f0d  __aeabi_memcpy                 
00002f0d  __aeabi_memcpy4                
00002f0d  __aeabi_memcpy8                
000031e7  __aeabi_memset                 
000031e7  __aeabi_memset4                
000031e7  __aeabi_memset8                
200005cc  __aeabi_stderr                 
200005c4  __aeabi_stdin                  
200005c8  __aeabi_stdout                 
000022ed  __aeabi_uldivmod               
ffffffff  __binit__                      
ffffffff  __c_args__                     
00001227  __mpu_init                     
2000fe00  __stack                        
00003755  _args_main                     
000034d9  _c_int00                       
00003818  _ctypes_                       
20000400  _ftable                        
200005e8  _lock                          
000037ab  _nop                           
000037a3  _register_lock                 
0000379d  _register_unlock               
20000000  _sys_memory                    
0000325f  _system_post_cinit             
00003815  _system_pre_init               
200005ec  _unlock                        
00003531  abort                          
00002241  add_device                     
200007dc  angle                          
000035d5  atoi                           
ffffffff  binit                          
000015c9  calloc                         
200007de  checksum                       
000021f1  close                          
00003621  copy_in                        
000037b1  copysign                       
000037b1  copysignl                      
20000600  currentState                   
200007ea  data                           
000015f9  didReceiveSyncWords            
200005f0  errno                          
00003539  exit                           
0000300f  fclose                         
00002de5  fflush                         
000025ff  fopen                          
00003041  fputc                          
00002991  fputs                          
00001313  free                           
000025d5  freopen                        
00003475  frexp                          
00003475  frexpl                         
00003411  fseek                          
200007e0  height                         
20000601  index                          
00000000  interruptVectors               
00002bc1  ldexp                          
00002bc1  ldexpl                         
000021cd  lseek                          
00003581  ltoa                           
0000183b  main                           
200005f8  main_func_sp                   
000012a9  malloc                         
000014dd  memalign                       
00003739  memccpy                        
00003719  memchr                         
00002f0d  memcpy                         
000031ed  memset                         
00001229  minit                          
00001681  moveCar                        
0000211f  open                           
000032d9  printf                         
00003041  putc                           
000030c5  putchar                        
00002a9d  puts                           
000020fb  read                           
000013d5  realloc                        
00002071  remove                         
000020d3  remove_device                  
00002095  rename                         
200007c4  rxDataArray                    
00002bc1  scalbn                         
00002bc1  scalbnl                        
00002cbd  setvbuf                        
200007e2  signatureNumber                
00003785  strchr                         
0000376d  strcmp                         
000037c5  strcpy                         
000037d9  strlen                         
000036b5  strncpy                        
0000391c  uartConfig                     
00002071  unlink                         
200007e4  width                          
00001fe1  write                          
200007e6  xCenter                        
200007e8  yCenter                        


GLOBAL SYMBOLS: SORTED BY Symbol Address 

address   name                           
-------   ----                           
00000000  __TI_static_base__             
00000000  interruptVectors               
00000200  __STACK_SIZE                   
00000400  __SYSMEM_SIZE                  
00000931  __TI_printfi                   
00001227  __mpu_init                     
00001229  minit                          
000012a9  malloc                         
00001313  free                           
000013d5  realloc                        
000014dd  memalign                       
000015c9  calloc                         
000015f9  didReceiveSyncWords            
00001681  moveCar                        
0000175d  EUSCIA1_IRQHandler             
0000175d  EUSCIA1_IRQHandler             
0000183b  main                           
00001991  SystemCoreClockUpdate          
00001c05  SystemInit                     
00001cbd  HOSTwrite                      
00001d09  HOSTunlink                     
00001d41  HOSTtime64                     
00001d8f  HOSTtime                       
00001dc9  HOSTrename                     
00001e27  HOSTread                       
00001e73  HOSTopen                       
00001ec5  HOSTlseek                      
00001f21  HOSTgetenv                     
00001f5f  HOSTclose                      
00001f97  HOSTclock                      
00001fe1  write                          
00002071  remove                         
00002071  unlink                         
00002095  rename                         
000020d3  remove_device                  
000020fb  read                           
0000211f  open                           
000021cd  lseek                          
000021f1  close                          
00002241  add_device                     
000022ed  __aeabi_uldivmod               
000025a9  __TI_cleanup                   
000025d5  freopen                        
000025ff  fopen                          
000026a5  __aeabi_dsub                   
000026af  __aeabi_dadd                   
0000285b  __aeabi_ddiv                   
00002991  fputs                          
00002a9d  puts                           
00002ac5  __aeabi_dmul                   
00002bc1  ldexp                          
00002bc1  ldexpl                         
00002bc1  scalbn                         
00002bc1  scalbnl                        
00002cbd  setvbuf                        
00002d99  __TI_doflush                   
00002de5  fflush                         
00002e61  __TI_wrt_ok                    
00002ec3  __TI_rd_ok                     
00002f0d  __aeabi_memcpy                 
00002f0d  __aeabi_memcpy4                
00002f0d  __aeabi_memcpy8                
00002f0d  memcpy                         
00002fa9  __TI_closefile                 
0000300f  fclose                         
00003041  fputc                          
00003041  putc                           
000030c5  putchar                        
000030d9  __aeabi_cdcmpeq                
000030d9  __aeabi_cdcmple                
0000315f  __aeabi_cdrcmple               
000031e5  __aeabi_memclr                 
000031e5  __aeabi_memclr4                
000031e5  __aeabi_memclr8                
000031e7  __aeabi_memset                 
000031e7  __aeabi_memset4                
000031e7  __aeabi_memset8                
000031ed  memset                         
0000325f  _system_post_cinit             
00003261  __TI_auto_init                 
000032d9  printf                         
00003341  __TI_decompress_lzss           
000033a9  __TI_writemsg                  
000033d7  C$$IO$$                        
000033db  __TI_readmsg                   
00003411  fseek                          
00003475  frexp                          
00003475  frexpl                         
000034d9  _c_int00                       
0000352d  C$$EXIT                        
00003531  abort                          
00003539  exit                           
00003581  ltoa                           
000035d5  atoi                           
00003621  copy_in                        
0000366d  __aeabi_d2iz                   
000036b5  strncpy                        
000036eb  __aeabi_i2d                    
00003719  memchr                         
00003739  memccpy                        
00003755  _args_main                     
0000376d  strcmp                         
00003785  strchr                         
0000379d  _register_unlock               
000037a3  _register_lock                 
000037ab  _nop                           
000037b1  copysign                       
000037b1  copysignl                      
000037c5  strcpy                         
000037d9  strlen                         
000037ed  __TI_decompress_none           
000037fb  Reset_Handler                  
00003807  ADC14_IRQHandler               
00003807  AES256_IRQHandler              
00003807  BusFault_Handler               
00003807  COMP_E0_IRQHandler             
00003807  COMP_E1_IRQHandler             
00003807  CS_IRQHandler                  
00003807  DMA_ERR_IRQHandler             
00003807  DMA_INT0_IRQHandler            
00003807  DMA_INT1_IRQHandler            
00003807  DMA_INT2_IRQHandler            
00003807  DMA_INT3_IRQHandler            
00003807  DebugMon_Handler               
00003807  Default_Handler                
00003807  EUSCIA0_IRQHandler             
00003807  EUSCIA2_IRQHandler             
00003807  EUSCIA3_IRQHandler             
00003807  EUSCIB0_IRQHandler             
00003807  EUSCIB1_IRQHandler             
00003807  EUSCIB2_IRQHandler             
00003807  EUSCIB3_IRQHandler             
00003807  FLCTL_IRQHandler               
00003807  FPU_IRQHandler                 
00003807  HardFault_Handler              
00003807  MemManage_Handler              
00003807  NMI_Handler                    
00003807  PCM_IRQHandler                 
00003807  PORT1_IRQHandler               
00003807  PORT2_IRQHandler               
00003807  PORT3_IRQHandler               
00003807  PORT4_IRQHandler               
00003807  PORT5_IRQHandler               
00003807  PORT6_IRQHandler               
00003807  PSS_IRQHandler                 
00003807  PendSV_Handler                 
00003807  RTC_C_IRQHandler               
00003807  SVC_Handler                    
00003807  SysTick_Handler                
00003807  T32_INT1_IRQHandler            
00003807  T32_INT2_IRQHandler            
00003807  T32_INTC_IRQHandler            
00003807  TA0_0_IRQHandler               
00003807  TA0_N_IRQHandler               
00003807  TA1_0_IRQHandler               
00003807  TA1_N_IRQHandler               
00003807  TA2_0_IRQHandler               
00003807  TA2_N_IRQHandler               
00003807  TA3_0_IRQHandler               
00003807  TA3_N_IRQHandler               
00003807  UsageFault_Handler             
00003807  WDT_A_IRQHandler               
00003809  __TI_zero_init                 
00003815  _system_pre_init               
00003818  _ctypes_                       
0000391c  uartConfig                     
000039b4  __TI_Handler_Table_Base        
000039c0  __TI_Handler_Table_Limit       
000039c8  __TI_CINIT_Base                
000039d8  __TI_CINIT_Limit               
20000000  _sys_memory                    
20000400  _ftable                        
200005c0  __TI_ft_end                    
200005c4  __aeabi_stdin                  
200005c8  __aeabi_stdout                 
200005cc  __aeabi_stderr                 
200005d0  __TI_cleanup_ptr               
200005d4  __TI_dtors_ptr                 
200005d8  __TI_enable_exit_profile_output
200005e8  _lock                          
200005ec  _unlock                        
200005f0  errno                          
200005f8  main_func_sp                   
200005fc  SystemCoreClock                
20000600  currentState                   
20000601  index                          
20000604  __CIOBUF_                      
20000724  __TI_tmpnams                   
200007c4  rxDataArray                    
200007dc  angle                          
200007de  checksum                       
200007e0  height                         
200007e2  signatureNumber                
200007e4  width                          
200007e6  xCenter                        
200007e8  yCenter                        
200007ea  data                           
2000fe00  __stack                        
20010000  __STACK_END                    
4000480c  WDTCTL_SYM                     
ffffffff  __TI_pprof_out_hndl            
ffffffff  __TI_prof_data_size            
ffffffff  __TI_prof_data_start           
ffffffff  __binit__                      
ffffffff  __c_args__                     
ffffffff  binit                          
UNDEFED   SHT$$INIT_ARRAY$$Base          
UNDEFED   SHT$$INIT_ARRAY$$Limit         

[208 symbols]
