******************************************************************************
                  TI ARM Linker Unix v17.3.0                   
******************************************************************************
>> Linked Wed Apr 26 10:16:12 2017

OUTPUT FILE NAME:   <pixyUart.out>
ENTRY POINT SYMBOL: "_c_int00"  address: 0000077d


MEMORY CONFIGURATION

         name            origin    length      used     unused   attr    fill
----------------------  --------  ---------  --------  --------  ----  --------
  MAIN                  00000000   00040000  0000092e  0003f6d2  R  X
  INFO                  00200000   00004000  00000000  00004000  R  X
  SRAM_CODE             01000000   00010000  0000022e  0000fdd2  RW X
  SRAM_DATA             20000000   00010000  0000022e  0000fdd2  RW  


SEGMENT ALLOCATION MAP

run origin  load origin   length   init length attrs members
----------  ----------- ---------- ----------- ----- -------
00000000    00000000    00000930   00000930    r-x
  00000000    00000000    000000e4   000000e4    r-- .intvecs
  000000e4    000000e4    000007e6   000007e6    r-x .text
  000008cc    000008cc    00000024   00000024    r-- .const
  000008f0    000008f0    00000040   00000040    r-- .cinit
20000000    20000000    0000002e   00000000    rw-
  20000000    20000000    0000001e   00000000    rw- .data
  2000001e    2000001e    00000010   00000000    rw- .bss
2000fe00    2000fe00    00000200   00000000    rw-
  2000fe00    2000fe00    00000200   00000000    rw- .stack


SECTION ALLOCATION MAP

 output                                  attributes/
section   page    origin      length       input sections
--------  ----  ----------  ----------   ----------------
.intvecs   0    00000000    000000e4     
                  00000000    000000e4     startup_msp432p401r_ccs.obj (.intvecs:retain)

.text      0    000000e4    000007e6     
                  000000e4    0000032c     system_msp432p401r.obj (.text)
                  00000410    0000017c     main.obj (.text)
                  0000058c    0000009c     rtsv7M4_T_le_v4SPD16_eabi.lib : memcpy_t2.obj (.text)
                  00000628    0000007a                                   : memset_t2.obj (.text)
                  000006a2    00000002                                   : mpu_init.obj (.text)
                  000006a4    00000070                                   : autoinit.obj (.text)
                  00000714    00000068                                   : copy_decompress_lzss.obj (.text:decompress:lzss)
                  0000077c    00000054                                   : boot.obj (.text)
                  000007d0    00000054                                   : exit.obj (.text)
                  00000824    0000004c                                   : cpy_tbl.obj (.text)
                  00000870    00000018                                   : args_main.obj (.text)
                  00000888    00000014                                   : _lock.obj (.text)
                  0000089c    0000000e                                   : copy_decompress_none.obj (.text:decompress:none)
                  000008aa    0000000e     startup_msp432p401r_ccs.obj (.text)
                  000008b8    0000000c     rtsv7M4_T_le_v4SPD16_eabi.lib : copy_zero_init.obj (.text:decompress:ZI)
                  000008c4    00000004                                   : pre_init.obj (.text)
                  000008c8    00000002                                   : startup.obj (.text)

.const     0    000008cc    00000024     
                  000008cc    00000024     main.obj (.const:uartConfig)

.cinit     0    000008f0    00000040     
                  000008f0    00000016     (.cinit..data.load) [load image, compression = lzss]
                  00000906    00000002     --HOLE-- [fill = 0]
                  00000908    0000000c     (__TI_handler_table)
                  00000914    00000004     --HOLE-- [fill = 0]
                  00000918    00000008     (.cinit..bss.load) [load image, compression = zero_init]
                  00000920    00000010     (__TI_cinit_table)

.init_array 
*          0    00000000    00000000     UNINITIALIZED

.binit     0    00000000    00000000     

.data      0    20000000    0000001e     UNINITIALIZED
                  20000000    0000000c     rtsv7M4_T_le_v4SPD16_eabi.lib : exit.obj (.data:$O1$$)
                  2000000c    00000008                                   : _lock.obj (.data:$O1$$)
                  20000014    00000004                                   : stkdepth_vars.obj (.data)
                  20000018    00000004     system_msp432p401r.obj (.data)
                  2000001c    00000002     main.obj (.data)

.bss       0    2000001e    00000010     UNINITIALIZED
                  2000001e    0000000c     (.common:rxData)
                  2000002a    00000004     (.common:endWords)

.stack     0    2000fe00    00000200     UNINITIALIZED
                  2000fe00    00000200     --HOLE--

MODULE SUMMARY

       Module                        code   ro data   rw data
       ------                        ----   -------   -------
    ./
       system_msp432p401r.obj        812    0         8      
       main.obj                      380    36        36     
       startup_msp432p401r_ccs.obj   14     228       0      
    +--+-----------------------------+------+---------+---------+
       Total:                        1206   264       44     
                                                             
    /Applications/ti/ccsv7/tools/compiler/ti-cgt-arm_17.3.0.STS/lib/rtsv7M4_T_le_v4SPD16_eabi.lib
       memcpy_t2.obj                 156    0         0      
       memset_t2.obj                 122    0         0      
       autoinit.obj                  112    0         0      
       exit.obj                      84     0         24     
       copy_decompress_lzss.obj      104    0         0      
       boot.obj                      84     0         0      
       cpy_tbl.obj                   76     0         0      
       _lock.obj                     20     0         16     
       args_main.obj                 24     0         0      
       copy_decompress_none.obj      14     0         0      
       copy_zero_init.obj            12     0         0      
       stkdepth_vars.obj             0      0         8      
       pre_init.obj                  4      0         0      
       mpu_init.obj                  2      0         0      
       startup.obj                   2      0         0      
    +--+-----------------------------+------+---------+---------+
       Total:                        816    0         48     
                                                             
       Stack:                        0      0         1024   
       Linker Generated:             0      58        0      
    +--+-----------------------------+------+---------+---------+
       Grand Total:                  2022   322       1116   


LINKER GENERATED COPY TABLES

__TI_cinit_table @ 00000920 records: 2, size/record: 8, table size: 16
	.data: load addr=000008f0, load size=00000016 bytes, run addr=20000000, run size=0000001e bytes, compression=lzss
	.bss: load addr=00000918, load size=00000008 bytes, run addr=2000001e, run size=00000010 bytes, compression=zero_init


LINKER GENERATED HANDLER TABLE

__TI_handler_table @ 00000908 records: 3, size/record: 4, table size: 12
	index: 0, handler: __TI_decompress_lzss
	index: 1, handler: __TI_decompress_none
	index: 2, handler: __TI_zero_init


GLOBAL SYMBOLS: SORTED ALPHABETICALLY BY Name 

address   name                           
-------   ----                           
000008b7  ADC14_IRQHandler               
000008b7  AES256_IRQHandler              
000008b7  BusFault_Handler               
000007d1  C$$EXIT                        
000008b7  COMP_E0_IRQHandler             
000008b7  COMP_E1_IRQHandler             
000008b7  CS_IRQHandler                  
000008b7  DMA_ERR_IRQHandler             
000008b7  DMA_INT0_IRQHandler            
000008b7  DMA_INT1_IRQHandler            
000008b7  DMA_INT2_IRQHandler            
000008b7  DMA_INT3_IRQHandler            
000008b7  DebugMon_Handler               
000008b7  Default_Handler                
000008b7  EUSCIA0_IRQHandler             
000004a7  EUSCIA1_IRQHandler             
000004a7  EUSCIA1_IRQHandler             
000008b7  EUSCIA2_IRQHandler             
000008b7  EUSCIA3_IRQHandler             
000008b7  EUSCIB0_IRQHandler             
000008b7  EUSCIB1_IRQHandler             
000008b7  EUSCIB2_IRQHandler             
000008b7  EUSCIB3_IRQHandler             
000008b7  FLCTL_IRQHandler               
000008b7  FPU_IRQHandler                 
000008b7  HardFault_Handler              
000008b7  MemManage_Handler              
000008b7  NMI_Handler                    
000008b7  PCM_IRQHandler                 
000008b7  PORT1_IRQHandler               
000008b7  PORT2_IRQHandler               
000008b7  PORT3_IRQHandler               
000008b7  PORT4_IRQHandler               
000008b7  PORT5_IRQHandler               
000008b7  PORT6_IRQHandler               
000008b7  PSS_IRQHandler                 
000008b7  PendSV_Handler                 
000008b7  RTC_C_IRQHandler               
000008ab  Reset_Handler                  
UNDEFED   SHT$$INIT_ARRAY$$Base          
UNDEFED   SHT$$INIT_ARRAY$$Limit         
000008b7  SVC_Handler                    
000008b7  SysTick_Handler                
20000018  SystemCoreClock                
000000e5  SystemCoreClockUpdate          
00000359  SystemInit                     
000008b7  T32_INT1_IRQHandler            
000008b7  T32_INT2_IRQHandler            
000008b7  T32_INTC_IRQHandler            
000008b7  TA0_0_IRQHandler               
000008b7  TA0_N_IRQHandler               
000008b7  TA1_0_IRQHandler               
000008b7  TA1_N_IRQHandler               
000008b7  TA2_0_IRQHandler               
000008b7  TA2_N_IRQHandler               
000008b7  TA3_0_IRQHandler               
000008b7  TA3_N_IRQHandler               
000008b7  UsageFault_Handler             
4000480c  WDTCTL_SYM                     
000008b7  WDT_A_IRQHandler               
20010000  __STACK_END                    
00000200  __STACK_SIZE                   
00000920  __TI_CINIT_Base                
00000930  __TI_CINIT_Limit               
00000908  __TI_Handler_Table_Base        
00000914  __TI_Handler_Table_Limit       
000006a5  __TI_auto_init                 
20000000  __TI_cleanup_ptr               
00000715  __TI_decompress_lzss           
0000089d  __TI_decompress_none           
20000004  __TI_dtors_ptr                 
20000008  __TI_enable_exit_profile_output
ffffffff  __TI_pprof_out_hndl            
ffffffff  __TI_prof_data_size            
ffffffff  __TI_prof_data_start           
00000000  __TI_static_base__             
000008b9  __TI_zero_init                 
00000629  __aeabi_memclr                 
00000629  __aeabi_memclr4                
00000629  __aeabi_memclr8                
0000058d  __aeabi_memcpy                 
0000058d  __aeabi_memcpy4                
0000058d  __aeabi_memcpy8                
0000062b  __aeabi_memset                 
0000062b  __aeabi_memset4                
0000062b  __aeabi_memset8                
ffffffff  __binit__                      
ffffffff  __c_args__                     
000006a3  __mpu_init                     
2000fe00  __stack                        
00000871  _args_main                     
0000077d  _c_int00                       
2000000c  _lock                          
00000897  _nop                           
0000088f  _register_lock                 
00000889  _register_unlock               
000008c9  _system_post_cinit             
000008c5  _system_pre_init               
20000010  _unlock                        
000007d5  abort                          
ffffffff  binit                          
00000825  copy_in                        
2000002a  endWords                       
000007dd  exit                           
2000001c  index                          
00000000  interruptVectors               
00000411  main                           
20000014  main_func_sp                   
0000058d  memcpy                         
00000631  memset                         
2000001e  rxData                         
000008cc  uartConfig                     
2000001d  wordIndex                      


GLOBAL SYMBOLS: SORTED BY Symbol Address 

address   name                           
-------   ----                           
00000000  __TI_static_base__             
00000000  interruptVectors               
000000e5  SystemCoreClockUpdate          
00000200  __STACK_SIZE                   
00000359  SystemInit                     
00000411  main                           
000004a7  EUSCIA1_IRQHandler             
000004a7  EUSCIA1_IRQHandler             
0000058d  __aeabi_memcpy                 
0000058d  __aeabi_memcpy4                
0000058d  __aeabi_memcpy8                
0000058d  memcpy                         
00000629  __aeabi_memclr                 
00000629  __aeabi_memclr4                
00000629  __aeabi_memclr8                
0000062b  __aeabi_memset                 
0000062b  __aeabi_memset4                
0000062b  __aeabi_memset8                
00000631  memset                         
000006a3  __mpu_init                     
000006a5  __TI_auto_init                 
00000715  __TI_decompress_lzss           
0000077d  _c_int00                       
000007d1  C$$EXIT                        
000007d5  abort                          
000007dd  exit                           
00000825  copy_in                        
00000871  _args_main                     
00000889  _register_unlock               
0000088f  _register_lock                 
00000897  _nop                           
0000089d  __TI_decompress_none           
000008ab  Reset_Handler                  
000008b7  ADC14_IRQHandler               
000008b7  AES256_IRQHandler              
000008b7  BusFault_Handler               
000008b7  COMP_E0_IRQHandler             
000008b7  COMP_E1_IRQHandler             
000008b7  CS_IRQHandler                  
000008b7  DMA_ERR_IRQHandler             
000008b7  DMA_INT0_IRQHandler            
000008b7  DMA_INT1_IRQHandler            
000008b7  DMA_INT2_IRQHandler            
000008b7  DMA_INT3_IRQHandler            
000008b7  DebugMon_Handler               
000008b7  Default_Handler                
000008b7  EUSCIA0_IRQHandler             
000008b7  EUSCIA2_IRQHandler             
000008b7  EUSCIA3_IRQHandler             
000008b7  EUSCIB0_IRQHandler             
000008b7  EUSCIB1_IRQHandler             
000008b7  EUSCIB2_IRQHandler             
000008b7  EUSCIB3_IRQHandler             
000008b7  FLCTL_IRQHandler               
000008b7  FPU_IRQHandler                 
000008b7  HardFault_Handler              
000008b7  MemManage_Handler              
000008b7  NMI_Handler                    
000008b7  PCM_IRQHandler                 
000008b7  PORT1_IRQHandler               
000008b7  PORT2_IRQHandler               
000008b7  PORT3_IRQHandler               
000008b7  PORT4_IRQHandler               
000008b7  PORT5_IRQHandler               
000008b7  PORT6_IRQHandler               
000008b7  PSS_IRQHandler                 
000008b7  PendSV_Handler                 
000008b7  RTC_C_IRQHandler               
000008b7  SVC_Handler                    
000008b7  SysTick_Handler                
000008b7  T32_INT1_IRQHandler            
000008b7  T32_INT2_IRQHandler            
000008b7  T32_INTC_IRQHandler            
000008b7  TA0_0_IRQHandler               
000008b7  TA0_N_IRQHandler               
000008b7  TA1_0_IRQHandler               
000008b7  TA1_N_IRQHandler               
000008b7  TA2_0_IRQHandler               
000008b7  TA2_N_IRQHandler               
000008b7  TA3_0_IRQHandler               
000008b7  TA3_N_IRQHandler               
000008b7  UsageFault_Handler             
000008b7  WDT_A_IRQHandler               
000008b9  __TI_zero_init                 
000008c5  _system_pre_init               
000008c9  _system_post_cinit             
000008cc  uartConfig                     
00000908  __TI_Handler_Table_Base        
00000914  __TI_Handler_Table_Limit       
00000920  __TI_CINIT_Base                
00000930  __TI_CINIT_Limit               
20000000  __TI_cleanup_ptr               
20000004  __TI_dtors_ptr                 
20000008  __TI_enable_exit_profile_output
2000000c  _lock                          
20000010  _unlock                        
20000014  main_func_sp                   
20000018  SystemCoreClock                
2000001c  index                          
2000001d  wordIndex                      
2000001e  rxData                         
2000002a  endWords                       
2000fe00  __stack                        
20010000  __STACK_END                    
4000480c  WDTCTL_SYM                     
ffffffff  __TI_pprof_out_hndl            
ffffffff  __TI_prof_data_size            
ffffffff  __TI_prof_data_start           
ffffffff  __binit__                      
ffffffff  __c_args__                     
ffffffff  binit                          
UNDEFED   SHT$$INIT_ARRAY$$Base          
UNDEFED   SHT$$INIT_ARRAY$$Limit         

[113 symbols]
