******************************************************************************
                  TI ARM Linker Unix v17.3.0                   
******************************************************************************
>> Linked Sat Apr 29 02:56:37 2017

OUTPUT FILE NAME:   <pixyUart.out>
ENTRY POINT SYMBOL: "_c_int00"  address: 00000cdd


MEMORY CONFIGURATION

         name            origin    length      used     unused   attr    fill
----------------------  --------  ---------  --------  --------  ----  --------
  MAIN                  00000000   00040000  00000eb6  0003f14a  R  X
  INFO                  00200000   00004000  00000000  00004000  R  X
  SRAM_CODE             01000000   00010000  00000263  0000fd9d  RW X
  SRAM_DATA             20000000   00010000  00000263  0000fd9d  RW  


SEGMENT ALLOCATION MAP

run origin  load origin   length   init length attrs members
----------  ----------- ---------- ----------- ----- -------
00000000    00000000    00000eb8   00000eb8    r-x
  00000000    00000000    000000e4   000000e4    r-- .intvecs
  000000e4    000000e4    00000d46   00000d46    r-x .text
  00000e2c    00000e2c    0000004c   0000004c    r-- .const
  00000e78    00000e78    00000040   00000040    r-- .cinit
20000000    20000000    00000064   00000000    rw-
  20000000    20000000    00000037   00000000    rw- .bss
  20000038    20000038    0000002c   00000000    rw- .data
2000fe00    2000fe00    00000200   00000000    rw-
  2000fe00    2000fe00    00000200   00000000    rw- .stack


SECTION ALLOCATION MAP

 output                                  attributes/
section   page    origin      length       input sections
--------  ----  ----------  ----------   ----------------
.intvecs   0    00000000    000000e4     
                  00000000    000000e4     startup_msp432p401r_ccs.obj (.intvecs:retain)

.text      0    000000e4    00000d46     
                  000000e4    000006dc     main.obj (.text)
                  000007c0    0000032c     system_msp432p401r.obj (.text)
                  00000aec    0000009c     rtsv7M4_T_le_v4SPD16_eabi.lib : memcpy_t2.obj (.text)
                  00000b88    0000007a                                   : memset_t2.obj (.text)
                  00000c02    00000002                                   : mpu_init.obj (.text)
                  00000c04    00000070                                   : autoinit.obj (.text)
                  00000c74    00000068                                   : copy_decompress_lzss.obj (.text:decompress:lzss)
                  00000cdc    00000054                                   : boot.obj (.text)
                  00000d30    00000054                                   : exit.obj (.text)
                  00000d84    0000004c                                   : cpy_tbl.obj (.text)
                  00000dd0    00000018                                   : args_main.obj (.text)
                  00000de8    00000014                                   : _lock.obj (.text)
                  00000dfc    0000000e                                   : copy_decompress_none.obj (.text:decompress:none)
                  00000e0a    0000000e     startup_msp432p401r_ccs.obj (.text)
                  00000e18    0000000c     rtsv7M4_T_le_v4SPD16_eabi.lib : copy_zero_init.obj (.text:decompress:ZI)
                  00000e24    00000004                                   : pre_init.obj (.text)
                  00000e28    00000002                                   : startup.obj (.text)

.const     0    00000e2c    0000004c     
                  00000e2c    00000024     main.obj (.const:uartConfig)
                  00000e50    00000018     main.obj (.const:upConfig)
                  00000e68    00000010     main.obj (.const:compareConfig)

.cinit     0    00000e78    00000040     
                  00000e78    00000017     (.cinit..data.load) [load image, compression = lzss]
                  00000e8f    00000001     --HOLE-- [fill = 0]
                  00000e90    0000000c     (__TI_handler_table)
                  00000e9c    00000004     --HOLE-- [fill = 0]
                  00000ea0    00000008     (.cinit..bss.load) [load image, compression = zero_init]
                  00000ea8    00000010     (__TI_cinit_table)

.init_array 
*          0    00000000    00000000     UNINITIALIZED

.binit     0    00000000    00000000     

.bss       0    20000000    00000037     UNINITIALIZED
                  20000000    00000010     (.common:rxDataArray)
                  20000010    0000000c     (.common:bleRxDataArray)
                  2000001c    00000004     (.common:xAcc)
                  20000020    00000004     (.common:yAcc)
                  20000024    00000004     (.common:zAcc)
                  20000028    00000002     (.common:angle)
                  2000002a    00000002     (.common:checksum)
                  2000002c    00000002     (.common:height)
                  2000002e    00000002     (.common:signatureNumber)
                  20000030    00000002     (.common:width)
                  20000032    00000002     (.common:xCenter)
                  20000034    00000002     (.common:yCenter)
                  20000036    00000001     (.common:data)

.data      0    20000038    0000002c     UNINITIALIZED
                  20000038    00000010     main.obj (.data)
                  20000048    0000000c     rtsv7M4_T_le_v4SPD16_eabi.lib : exit.obj (.data:$O1$$)
                  20000054    00000008                                   : _lock.obj (.data:$O1$$)
                  2000005c    00000004                                   : stkdepth_vars.obj (.data)
                  20000060    00000004     system_msp432p401r.obj (.data)

.stack     0    2000fe00    00000200     UNINITIALIZED
                  2000fe00    00000200     --HOLE--

MODULE SUMMARY

       Module                        code   ro data   rw data
       ------                        ----   -------   -------
    ./
       main.obj                      1756   76        142    
       system_msp432p401r.obj        812    0         8      
       startup_msp432p401r_ccs.obj   14     228       0      
    +--+-----------------------------+------+---------+---------+
       Total:                        2582   304       150    
                                                             
    /Applications/ti/ccsv7/tools/compiler/ti-cgt-arm_17.3.0.STS/lib/rtsv7M4_T_le_v4SPD16_eabi.lib
       memcpy_t2.obj                 156    0         0      
       memset_t2.obj                 122    0         0      
       autoinit.obj                  112    0         0      
       exit.obj                      84     0         24     
       copy_decompress_lzss.obj      104    0         0      
       boot.obj                      84     0         0      
       cpy_tbl.obj                   76     0         0      
       _lock.obj                     20     0         16     
       args_main.obj                 24     0         0      
       copy_decompress_none.obj      14     0         0      
       copy_zero_init.obj            12     0         0      
       stkdepth_vars.obj             0      0         8      
       pre_init.obj                  4      0         0      
       mpu_init.obj                  2      0         0      
       startup.obj                   2      0         0      
    +--+-----------------------------+------+---------+---------+
       Total:                        816    0         48     
                                                             
       Stack:                        0      0         1024   
       Linker Generated:             0      59        0      
    +--+-----------------------------+------+---------+---------+
       Grand Total:                  3398   363       1222   


LINKER GENERATED COPY TABLES

__TI_cinit_table @ 00000ea8 records: 2, size/record: 8, table size: 16
	.data: load addr=00000e78, load size=00000017 bytes, run addr=20000038, run size=0000002c bytes, compression=lzss
	.bss: load addr=00000ea0, load size=00000008 bytes, run addr=20000000, run size=00000037 bytes, compression=zero_init


LINKER GENERATED HANDLER TABLE

__TI_handler_table @ 00000e90 records: 3, size/record: 4, table size: 12
	index: 0, handler: __TI_decompress_lzss
	index: 1, handler: __TI_decompress_none
	index: 2, handler: __TI_zero_init


GLOBAL SYMBOLS: SORTED ALPHABETICALLY BY Name 

address   name                           
-------   ----                           
00000e17  ADC14_IRQHandler               
00000e17  AES256_IRQHandler              
00000e17  BusFault_Handler               
00000d31  C$$EXIT                        
00000e17  COMP_E0_IRQHandler             
00000e17  COMP_E1_IRQHandler             
00000e17  CS_IRQHandler                  
00000e17  DMA_ERR_IRQHandler             
00000e17  DMA_INT0_IRQHandler            
00000e17  DMA_INT1_IRQHandler            
00000e17  DMA_INT2_IRQHandler            
00000e17  DMA_INT3_IRQHandler            
00000e17  DebugMon_Handler               
00000e17  Default_Handler                
00000e17  EUSCIA0_IRQHandler             
00000275  EUSCIA1_IRQHandler             
00000275  EUSCIA1_IRQHandler             
00000361  EUSCIA2_IRQHandler             
00000361  EUSCIA2_IRQHandler             
00000e17  EUSCIA3_IRQHandler             
00000e17  EUSCIB0_IRQHandler             
00000e17  EUSCIB1_IRQHandler             
00000e17  EUSCIB2_IRQHandler             
00000e17  EUSCIB3_IRQHandler             
00000e17  FLCTL_IRQHandler               
00000e17  FPU_IRQHandler                 
00000e17  HardFault_Handler              
00000e17  MemManage_Handler              
00000e17  NMI_Handler                    
00000e17  PCM_IRQHandler                 
00000e17  PORT1_IRQHandler               
00000e17  PORT2_IRQHandler               
00000e17  PORT3_IRQHandler               
00000e17  PORT4_IRQHandler               
00000e17  PORT5_IRQHandler               
00000e17  PORT6_IRQHandler               
00000e17  PSS_IRQHandler                 
00000e17  PendSV_Handler                 
00000e17  RTC_C_IRQHandler               
00000e0b  Reset_Handler                  
UNDEFED   SHT$$INIT_ARRAY$$Base          
UNDEFED   SHT$$INIT_ARRAY$$Limit         
00000e17  SVC_Handler                    
00000e17  SysTick_Handler                
20000060  SystemCoreClock                
000007c1  SystemCoreClockUpdate          
00000a35  SystemInit                     
00000e17  T32_INT1_IRQHandler            
00000e17  T32_INT2_IRQHandler            
00000e17  T32_INTC_IRQHandler            
00000e17  TA0_0_IRQHandler               
00000e17  TA0_N_IRQHandler               
00000e17  TA1_0_IRQHandler               
00000e17  TA1_N_IRQHandler               
00000e17  TA2_0_IRQHandler               
00000e17  TA2_N_IRQHandler               
00000e17  TA3_0_IRQHandler               
00000e17  TA3_N_IRQHandler               
00000e17  UsageFault_Handler             
4000480c  WDTCTL_SYM                     
00000e17  WDT_A_IRQHandler               
20010000  __STACK_END                    
00000200  __STACK_SIZE                   
00000ea8  __TI_CINIT_Base                
00000eb8  __TI_CINIT_Limit               
00000e90  __TI_Handler_Table_Base        
00000e9c  __TI_Handler_Table_Limit       
00000c05  __TI_auto_init                 
20000048  __TI_cleanup_ptr               
00000c75  __TI_decompress_lzss           
00000dfd  __TI_decompress_none           
2000004c  __TI_dtors_ptr                 
20000050  __TI_enable_exit_profile_output
ffffffff  __TI_pprof_out_hndl            
ffffffff  __TI_prof_data_size            
ffffffff  __TI_prof_data_start           
00000000  __TI_static_base__             
00000e19  __TI_zero_init                 
00000b89  __aeabi_memclr                 
00000b89  __aeabi_memclr4                
00000b89  __aeabi_memclr8                
00000aed  __aeabi_memcpy                 
00000aed  __aeabi_memcpy4                
00000aed  __aeabi_memcpy8                
00000b8b  __aeabi_memset                 
00000b8b  __aeabi_memset4                
00000b8b  __aeabi_memset8                
ffffffff  __binit__                      
ffffffff  __c_args__                     
00000c03  __mpu_init                     
2000fe00  __stack                        
00000dd1  _args_main                     
00000cdd  _c_int00                       
20000054  _lock                          
00000df7  _nop                           
00000def  _register_lock                 
00000de9  _register_unlock               
00000e29  _system_post_cinit             
00000e25  _system_pre_init               
20000058  _unlock                        
00000d35  abort                          
20000028  angle                          
ffffffff  binit                          
2000003b  bleIndex                       
20000010  bleRxDataArray                 
2000002a  checksum                       
00000e68  compareConfig                  
00000d85  copy_in                        
20000039  currentState                   
20000036  data                           
00000129  didReceiveSyncWords            
00000d3d  exit                           
2000002c  height                         
2000003a  index                          
000000e5  initTimer                      
00000000  interruptVectors               
000005b9  main                           
2000005c  main_func_sp                   
00000aed  memcpy                         
00000b91  memset                         
20000038  mode                           
000001b1  moveCar                        
20000000  rxDataArray                    
2000002e  signatureNumber                
00000e2c  uartConfig                     
00000e50  upConfig                       
20000030  width                          
2000003c  x                              
2000001c  xAcc                           
20000032  xCenter                        
20000040  y                              
20000020  yAcc                           
20000034  yCenter                        
20000044  z                              
20000024  zAcc                           


GLOBAL SYMBOLS: SORTED BY Symbol Address 

address   name                           
-------   ----                           
00000000  __TI_static_base__             
00000000  interruptVectors               
000000e5  initTimer                      
00000129  didReceiveSyncWords            
000001b1  moveCar                        
00000200  __STACK_SIZE                   
00000275  EUSCIA1_IRQHandler             
00000275  EUSCIA1_IRQHandler             
00000361  EUSCIA2_IRQHandler             
00000361  EUSCIA2_IRQHandler             
000005b9  main                           
000007c1  SystemCoreClockUpdate          
00000a35  SystemInit                     
00000aed  __aeabi_memcpy                 
00000aed  __aeabi_memcpy4                
00000aed  __aeabi_memcpy8                
00000aed  memcpy                         
00000b89  __aeabi_memclr                 
00000b89  __aeabi_memclr4                
00000b89  __aeabi_memclr8                
00000b8b  __aeabi_memset                 
00000b8b  __aeabi_memset4                
00000b8b  __aeabi_memset8                
00000b91  memset                         
00000c03  __mpu_init                     
00000c05  __TI_auto_init                 
00000c75  __TI_decompress_lzss           
00000cdd  _c_int00                       
00000d31  C$$EXIT                        
00000d35  abort                          
00000d3d  exit                           
00000d85  copy_in                        
00000dd1  _args_main                     
00000de9  _register_unlock               
00000def  _register_lock                 
00000df7  _nop                           
00000dfd  __TI_decompress_none           
00000e0b  Reset_Handler                  
00000e17  ADC14_IRQHandler               
00000e17  AES256_IRQHandler              
00000e17  BusFault_Handler               
00000e17  COMP_E0_IRQHandler             
00000e17  COMP_E1_IRQHandler             
00000e17  CS_IRQHandler                  
00000e17  DMA_ERR_IRQHandler             
00000e17  DMA_INT0_IRQHandler            
00000e17  DMA_INT1_IRQHandler            
00000e17  DMA_INT2_IRQHandler            
00000e17  DMA_INT3_IRQHandler            
00000e17  DebugMon_Handler               
00000e17  Default_Handler                
00000e17  EUSCIA0_IRQHandler             
00000e17  EUSCIA3_IRQHandler             
00000e17  EUSCIB0_IRQHandler             
00000e17  EUSCIB1_IRQHandler             
00000e17  EUSCIB2_IRQHandler             
00000e17  EUSCIB3_IRQHandler             
00000e17  FLCTL_IRQHandler               
00000e17  FPU_IRQHandler                 
00000e17  HardFault_Handler              
00000e17  MemManage_Handler              
00000e17  NMI_Handler                    
00000e17  PCM_IRQHandler                 
00000e17  PORT1_IRQHandler               
00000e17  PORT2_IRQHandler               
00000e17  PORT3_IRQHandler               
00000e17  PORT4_IRQHandler               
00000e17  PORT5_IRQHandler               
00000e17  PORT6_IRQHandler               
00000e17  PSS_IRQHandler                 
00000e17  PendSV_Handler                 
00000e17  RTC_C_IRQHandler               
00000e17  SVC_Handler                    
00000e17  SysTick_Handler                
00000e17  T32_INT1_IRQHandler            
00000e17  T32_INT2_IRQHandler            
00000e17  T32_INTC_IRQHandler            
00000e17  TA0_0_IRQHandler               
00000e17  TA0_N_IRQHandler               
00000e17  TA1_0_IRQHandler               
00000e17  TA1_N_IRQHandler               
00000e17  TA2_0_IRQHandler               
00000e17  TA2_N_IRQHandler               
00000e17  TA3_0_IRQHandler               
00000e17  TA3_N_IRQHandler               
00000e17  UsageFault_Handler             
00000e17  WDT_A_IRQHandler               
00000e19  __TI_zero_init                 
00000e25  _system_pre_init               
00000e29  _system_post_cinit             
00000e2c  uartConfig                     
00000e50  upConfig                       
00000e68  compareConfig                  
00000e90  __TI_Handler_Table_Base        
00000e9c  __TI_Handler_Table_Limit       
00000ea8  __TI_CINIT_Base                
00000eb8  __TI_CINIT_Limit               
20000000  rxDataArray                    
20000010  bleRxDataArray                 
2000001c  xAcc                           
20000020  yAcc                           
20000024  zAcc                           
20000028  angle                          
2000002a  checksum                       
2000002c  height                         
2000002e  signatureNumber                
20000030  width                          
20000032  xCenter                        
20000034  yCenter                        
20000036  data                           
20000038  mode                           
20000039  currentState                   
2000003a  index                          
2000003b  bleIndex                       
2000003c  x                              
20000040  y                              
20000044  z                              
20000048  __TI_cleanup_ptr               
2000004c  __TI_dtors_ptr                 
20000050  __TI_enable_exit_profile_output
20000054  _lock                          
20000058  _unlock                        
2000005c  main_func_sp                   
20000060  SystemCoreClock                
2000fe00  __stack                        
20010000  __STACK_END                    
4000480c  WDTCTL_SYM                     
ffffffff  __TI_pprof_out_hndl            
ffffffff  __TI_prof_data_size            
ffffffff  __TI_prof_data_start           
ffffffff  __binit__                      
ffffffff  __c_args__                     
ffffffff  binit                          
UNDEFED   SHT$$INIT_ARRAY$$Base          
UNDEFED   SHT$$INIT_ARRAY$$Limit         

[135 symbols]
