******************************************************************************
                  TI ARM Linker Unix v17.3.0                   
******************************************************************************
>> Linked Thu Apr 27 02:36:09 2017

OUTPUT FILE NAME:   <pixyUart.out>
ENTRY POINT SYMBOL: "_c_int00"  address: 000008b9


MEMORY CONFIGURATION

         name            origin    length      used     unused   attr    fill
----------------------  --------  ---------  --------  --------  ----  --------
  MAIN                  00000000   00040000  00000a6a  0003f596  R  X
  INFO                  00200000   00004000  00000000  00004000  R  X
  SRAM_CODE             01000000   00010000  00000235  0000fdcb  RW X
  SRAM_DATA             20000000   00010000  00000235  0000fdcb  RW  


SEGMENT ALLOCATION MAP

run origin  load origin   length   init length attrs members
----------  ----------- ---------- ----------- ----- -------
00000000    00000000    00000a70   00000a70    r-x
  00000000    00000000    000000e4   000000e4    r-- .intvecs
  000000e4    000000e4    00000922   00000922    r-x .text
  00000a08    00000a08    00000024   00000024    r-- .const
  00000a30    00000a30    00000040   00000040    r-- .cinit
20000000    20000000    00000035   00000000    rw-
  20000000    20000000    0000001e   00000000    rw- .data
  2000001e    2000001e    00000017   00000000    rw- .bss
2000fe00    2000fe00    00000200   00000000    rw-
  2000fe00    2000fe00    00000200   00000000    rw- .stack


SECTION ALLOCATION MAP

 output                                  attributes/
section   page    origin      length       input sections
--------  ----  ----------  ----------   ----------------
.intvecs   0    00000000    000000e4     
                  00000000    000000e4     startup_msp432p401r_ccs.obj (.intvecs:retain)

.text      0    000000e4    00000922     
                  000000e4    0000032c     system_msp432p401r.obj (.text)
                  00000410    000002b8     main.obj (.text)
                  000006c8    0000009c     rtsv7M4_T_le_v4SPD16_eabi.lib : memcpy_t2.obj (.text)
                  00000764    0000007a                                   : memset_t2.obj (.text)
                  000007de    00000002                                   : mpu_init.obj (.text)
                  000007e0    00000070                                   : autoinit.obj (.text)
                  00000850    00000068                                   : copy_decompress_lzss.obj (.text:decompress:lzss)
                  000008b8    00000054                                   : boot.obj (.text)
                  0000090c    00000054                                   : exit.obj (.text)
                  00000960    0000004c                                   : cpy_tbl.obj (.text)
                  000009ac    00000018                                   : args_main.obj (.text)
                  000009c4    00000014                                   : _lock.obj (.text)
                  000009d8    0000000e                                   : copy_decompress_none.obj (.text:decompress:none)
                  000009e6    0000000e     startup_msp432p401r_ccs.obj (.text)
                  000009f4    0000000c     rtsv7M4_T_le_v4SPD16_eabi.lib : copy_zero_init.obj (.text:decompress:ZI)
                  00000a00    00000004                                   : pre_init.obj (.text)
                  00000a04    00000002                                   : startup.obj (.text)

.const     0    00000a08    00000024     
                  00000a08    00000024     main.obj (.const:uartConfig)

.cinit     0    00000a30    00000040     
                  00000a30    00000016     (.cinit..data.load) [load image, compression = lzss]
                  00000a46    00000002     --HOLE-- [fill = 0]
                  00000a48    0000000c     (__TI_handler_table)
                  00000a54    00000004     --HOLE-- [fill = 0]
                  00000a58    00000008     (.cinit..bss.load) [load image, compression = zero_init]
                  00000a60    00000010     (__TI_cinit_table)

.init_array 
*          0    00000000    00000000     UNINITIALIZED

.binit     0    00000000    00000000     

.data      0    20000000    0000001e     UNINITIALIZED
                  20000000    0000000c     rtsv7M4_T_le_v4SPD16_eabi.lib : exit.obj (.data:$O1$$)
                  2000000c    00000008                                   : _lock.obj (.data:$O1$$)
                  20000014    00000004                                   : stkdepth_vars.obj (.data)
                  20000018    00000004     system_msp432p401r.obj (.data)
                  2000001c    00000002     main.obj (.data)

.bss       0    2000001e    00000017     UNINITIALIZED
                  2000001e    00000010     (.common:rxDataArray)
                  2000002e    00000002     (.common:angle)
                  20000030    00000002     (.common:width)
                  20000032    00000002     (.common:xCenter)
                  20000034    00000001     (.common:data)

.stack     0    2000fe00    00000200     UNINITIALIZED
                  2000fe00    00000200     --HOLE--

MODULE SUMMARY

       Module                        code   ro data   rw data
       ------                        ----   -------   -------
    ./
       system_msp432p401r.obj        812    0         8      
       main.obj                      696    36        50     
       startup_msp432p401r_ccs.obj   14     228       0      
    +--+-----------------------------+------+---------+---------+
       Total:                        1522   264       58     
                                                             
    /Applications/ti/ccsv7/tools/compiler/ti-cgt-arm_17.3.0.STS/lib/rtsv7M4_T_le_v4SPD16_eabi.lib
       memcpy_t2.obj                 156    0         0      
       memset_t2.obj                 122    0         0      
       autoinit.obj                  112    0         0      
       exit.obj                      84     0         24     
       copy_decompress_lzss.obj      104    0         0      
       boot.obj                      84     0         0      
       cpy_tbl.obj                   76     0         0      
       _lock.obj                     20     0         16     
       args_main.obj                 24     0         0      
       copy_decompress_none.obj      14     0         0      
       copy_zero_init.obj            12     0         0      
       stkdepth_vars.obj             0      0         8      
       pre_init.obj                  4      0         0      
       mpu_init.obj                  2      0         0      
       startup.obj                   2      0         0      
    +--+-----------------------------+------+---------+---------+
       Total:                        816    0         48     
                                                             
       Stack:                        0      0         1024   
       Linker Generated:             0      58        0      
    +--+-----------------------------+------+---------+---------+
       Grand Total:                  2338   322       1130   


LINKER GENERATED COPY TABLES

__TI_cinit_table @ 00000a60 records: 2, size/record: 8, table size: 16
	.data: load addr=00000a30, load size=00000016 bytes, run addr=20000000, run size=0000001e bytes, compression=lzss
	.bss: load addr=00000a58, load size=00000008 bytes, run addr=2000001e, run size=00000017 bytes, compression=zero_init


LINKER GENERATED HANDLER TABLE

__TI_handler_table @ 00000a48 records: 3, size/record: 4, table size: 12
	index: 0, handler: __TI_decompress_lzss
	index: 1, handler: __TI_decompress_none
	index: 2, handler: __TI_zero_init


GLOBAL SYMBOLS: SORTED ALPHABETICALLY BY Name 

address   name                           
-------   ----                           
000009f3  ADC14_IRQHandler               
000009f3  AES256_IRQHandler              
000009f3  BusFault_Handler               
0000090d  C$$EXIT                        
000009f3  COMP_E0_IRQHandler             
000009f3  COMP_E1_IRQHandler             
000009f3  CS_IRQHandler                  
000009f3  DMA_ERR_IRQHandler             
000009f3  DMA_INT0_IRQHandler            
000009f3  DMA_INT1_IRQHandler            
000009f3  DMA_INT2_IRQHandler            
000009f3  DMA_INT3_IRQHandler            
000009f3  DebugMon_Handler               
000009f3  Default_Handler                
000009f3  EUSCIA0_IRQHandler             
00000575  EUSCIA1_IRQHandler             
00000575  EUSCIA1_IRQHandler             
000009f3  EUSCIA2_IRQHandler             
000009f3  EUSCIA3_IRQHandler             
000009f3  EUSCIB0_IRQHandler             
000009f3  EUSCIB1_IRQHandler             
000009f3  EUSCIB2_IRQHandler             
000009f3  EUSCIB3_IRQHandler             
000009f3  FLCTL_IRQHandler               
000009f3  FPU_IRQHandler                 
000009f3  HardFault_Handler              
000009f3  MemManage_Handler              
000009f3  NMI_Handler                    
000009f3  PCM_IRQHandler                 
000009f3  PORT1_IRQHandler               
000009f3  PORT2_IRQHandler               
000009f3  PORT3_IRQHandler               
000009f3  PORT4_IRQHandler               
000009f3  PORT5_IRQHandler               
000009f3  PORT6_IRQHandler               
000009f3  PSS_IRQHandler                 
000009f3  PendSV_Handler                 
000009f3  RTC_C_IRQHandler               
000009e7  Reset_Handler                  
UNDEFED   SHT$$INIT_ARRAY$$Base          
UNDEFED   SHT$$INIT_ARRAY$$Limit         
000009f3  SVC_Handler                    
000009f3  SysTick_Handler                
20000018  SystemCoreClock                
000000e5  SystemCoreClockUpdate          
00000359  SystemInit                     
000009f3  T32_INT1_IRQHandler            
000009f3  T32_INT2_IRQHandler            
000009f3  T32_INTC_IRQHandler            
000009f3  TA0_0_IRQHandler               
000009f3  TA0_N_IRQHandler               
000009f3  TA1_0_IRQHandler               
000009f3  TA1_N_IRQHandler               
000009f3  TA2_0_IRQHandler               
000009f3  TA2_N_IRQHandler               
000009f3  TA3_0_IRQHandler               
000009f3  TA3_N_IRQHandler               
000009f3  UsageFault_Handler             
4000480c  WDTCTL_SYM                     
000009f3  WDT_A_IRQHandler               
20010000  __STACK_END                    
00000200  __STACK_SIZE                   
00000a60  __TI_CINIT_Base                
00000a70  __TI_CINIT_Limit               
00000a48  __TI_Handler_Table_Base        
00000a54  __TI_Handler_Table_Limit       
000007e1  __TI_auto_init                 
20000000  __TI_cleanup_ptr               
00000851  __TI_decompress_lzss           
000009d9  __TI_decompress_none           
20000004  __TI_dtors_ptr                 
20000008  __TI_enable_exit_profile_output
ffffffff  __TI_pprof_out_hndl            
ffffffff  __TI_prof_data_size            
ffffffff  __TI_prof_data_start           
00000000  __TI_static_base__             
000009f5  __TI_zero_init                 
00000765  __aeabi_memclr                 
00000765  __aeabi_memclr4                
00000765  __aeabi_memclr8                
000006c9  __aeabi_memcpy                 
000006c9  __aeabi_memcpy4                
000006c9  __aeabi_memcpy8                
00000767  __aeabi_memset                 
00000767  __aeabi_memset4                
00000767  __aeabi_memset8                
ffffffff  __binit__                      
ffffffff  __c_args__                     
000007df  __mpu_init                     
2000fe00  __stack                        
000009ad  _args_main                     
000008b9  _c_int00                       
2000000c  _lock                          
000009d3  _nop                           
000009cb  _register_lock                 
000009c5  _register_unlock               
00000a05  _system_post_cinit             
00000a01  _system_pre_init               
20000010  _unlock                        
00000911  abort                          
2000002e  angle                          
ffffffff  binit                          
00000961  copy_in                        
2000001c  currentState                   
20000034  data                           
00000411  didReceiveSyncWords            
00000919  exit                           
2000001d  index                          
00000000  interruptVectors               
000005bb  main                           
20000014  main_func_sp                   
000006c9  memcpy                         
0000076d  memset                         
00000499  moveCar                        
2000001e  rxDataArray                    
00000a08  uartConfig                     
20000030  width                          
20000032  xCenter                        


GLOBAL SYMBOLS: SORTED BY Symbol Address 

address   name                           
-------   ----                           
00000000  __TI_static_base__             
00000000  interruptVectors               
000000e5  SystemCoreClockUpdate          
00000200  __STACK_SIZE                   
00000359  SystemInit                     
00000411  didReceiveSyncWords            
00000499  moveCar                        
00000575  EUSCIA1_IRQHandler             
00000575  EUSCIA1_IRQHandler             
000005bb  main                           
000006c9  __aeabi_memcpy                 
000006c9  __aeabi_memcpy4                
000006c9  __aeabi_memcpy8                
000006c9  memcpy                         
00000765  __aeabi_memclr                 
00000765  __aeabi_memclr4                
00000765  __aeabi_memclr8                
00000767  __aeabi_memset                 
00000767  __aeabi_memset4                
00000767  __aeabi_memset8                
0000076d  memset                         
000007df  __mpu_init                     
000007e1  __TI_auto_init                 
00000851  __TI_decompress_lzss           
000008b9  _c_int00                       
0000090d  C$$EXIT                        
00000911  abort                          
00000919  exit                           
00000961  copy_in                        
000009ad  _args_main                     
000009c5  _register_unlock               
000009cb  _register_lock                 
000009d3  _nop                           
000009d9  __TI_decompress_none           
000009e7  Reset_Handler                  
000009f3  ADC14_IRQHandler               
000009f3  AES256_IRQHandler              
000009f3  BusFault_Handler               
000009f3  COMP_E0_IRQHandler             
000009f3  COMP_E1_IRQHandler             
000009f3  CS_IRQHandler                  
000009f3  DMA_ERR_IRQHandler             
000009f3  DMA_INT0_IRQHandler            
000009f3  DMA_INT1_IRQHandler            
000009f3  DMA_INT2_IRQHandler            
000009f3  DMA_INT3_IRQHandler            
000009f3  DebugMon_Handler               
000009f3  Default_Handler                
000009f3  EUSCIA0_IRQHandler             
000009f3  EUSCIA2_IRQHandler             
000009f3  EUSCIA3_IRQHandler             
000009f3  EUSCIB0_IRQHandler             
000009f3  EUSCIB1_IRQHandler             
000009f3  EUSCIB2_IRQHandler             
000009f3  EUSCIB3_IRQHandler             
000009f3  FLCTL_IRQHandler               
000009f3  FPU_IRQHandler                 
000009f3  HardFault_Handler              
000009f3  MemManage_Handler              
000009f3  NMI_Handler                    
000009f3  PCM_IRQHandler                 
000009f3  PORT1_IRQHandler               
000009f3  PORT2_IRQHandler               
000009f3  PORT3_IRQHandler               
000009f3  PORT4_IRQHandler               
000009f3  PORT5_IRQHandler               
000009f3  PORT6_IRQHandler               
000009f3  PSS_IRQHandler                 
000009f3  PendSV_Handler                 
000009f3  RTC_C_IRQHandler               
000009f3  SVC_Handler                    
000009f3  SysTick_Handler                
000009f3  T32_INT1_IRQHandler            
000009f3  T32_INT2_IRQHandler            
000009f3  T32_INTC_IRQHandler            
000009f3  TA0_0_IRQHandler               
000009f3  TA0_N_IRQHandler               
000009f3  TA1_0_IRQHandler               
000009f3  TA1_N_IRQHandler               
000009f3  TA2_0_IRQHandler               
000009f3  TA2_N_IRQHandler               
000009f3  TA3_0_IRQHandler               
000009f3  TA3_N_IRQHandler               
000009f3  UsageFault_Handler             
000009f3  WDT_A_IRQHandler               
000009f5  __TI_zero_init                 
00000a01  _system_pre_init               
00000a05  _system_post_cinit             
00000a08  uartConfig                     
00000a48  __TI_Handler_Table_Base        
00000a54  __TI_Handler_Table_Limit       
00000a60  __TI_CINIT_Base                
00000a70  __TI_CINIT_Limit               
20000000  __TI_cleanup_ptr               
20000004  __TI_dtors_ptr                 
20000008  __TI_enable_exit_profile_output
2000000c  _lock                          
20000010  _unlock                        
20000014  main_func_sp                   
20000018  SystemCoreClock                
2000001c  currentState                   
2000001d  index                          
2000001e  rxDataArray                    
2000002e  angle                          
20000030  width                          
20000032  xCenter                        
20000034  data                           
2000fe00  __stack                        
20010000  __STACK_END                    
4000480c  WDTCTL_SYM                     
ffffffff  __TI_pprof_out_hndl            
ffffffff  __TI_prof_data_size            
ffffffff  __TI_prof_data_start           
ffffffff  __binit__                      
ffffffff  __c_args__                     
ffffffff  binit                          
UNDEFED   SHT$$INIT_ARRAY$$Base          
UNDEFED   SHT$$INIT_ARRAY$$Limit         

[118 symbols]
