******************************************************************************
                  TI ARM Linker Unix v17.3.0                   
******************************************************************************
>> Linked Wed Apr 26 19:28:34 2017

OUTPUT FILE NAME:   <pixyUart.out>
ENTRY POINT SYMBOL: "_c_int00"  address: 00000835


MEMORY CONFIGURATION

         name            origin    length      used     unused   attr    fill
----------------------  --------  ---------  --------  --------  ----  --------
  MAIN                  00000000   00040000  000009e6  0003f61a  R  X
  INFO                  00200000   00004000  00000000  00004000  R  X
  SRAM_CODE             01000000   00010000  00000236  0000fdca  RW X
  SRAM_DATA             20000000   00010000  00000236  0000fdca  RW  


SEGMENT ALLOCATION MAP

run origin  load origin   length   init length attrs members
----------  ----------- ---------- ----------- ----- -------
00000000    00000000    000009e8   000009e8    r-x
  00000000    00000000    000000e4   000000e4    r-- .intvecs
  000000e4    000000e4    0000089e   0000089e    r-x .text
  00000984    00000984    00000024   00000024    r-- .const
  000009a8    000009a8    00000040   00000040    r-- .cinit
20000000    20000000    00000036   00000000    rw-
  20000000    20000000    0000001e   00000000    rw- .data
  2000001e    2000001e    00000018   00000000    rw- .bss
2000fe00    2000fe00    00000200   00000000    rw-
  2000fe00    2000fe00    00000200   00000000    rw- .stack


SECTION ALLOCATION MAP

 output                                  attributes/
section   page    origin      length       input sections
--------  ----  ----------  ----------   ----------------
.intvecs   0    00000000    000000e4     
                  00000000    000000e4     startup_msp432p401r_ccs.obj (.intvecs:retain)

.text      0    000000e4    0000089e     
                  000000e4    0000032c     system_msp432p401r.obj (.text)
                  00000410    00000234     main.obj (.text)
                  00000644    0000009c     rtsv7M4_T_le_v4SPD16_eabi.lib : memcpy_t2.obj (.text)
                  000006e0    0000007a                                   : memset_t2.obj (.text)
                  0000075a    00000002                                   : mpu_init.obj (.text)
                  0000075c    00000070                                   : autoinit.obj (.text)
                  000007cc    00000068                                   : copy_decompress_lzss.obj (.text:decompress:lzss)
                  00000834    00000054                                   : boot.obj (.text)
                  00000888    00000054                                   : exit.obj (.text)
                  000008dc    0000004c                                   : cpy_tbl.obj (.text)
                  00000928    00000018                                   : args_main.obj (.text)
                  00000940    00000014                                   : _lock.obj (.text)
                  00000954    0000000e                                   : copy_decompress_none.obj (.text:decompress:none)
                  00000962    0000000e     startup_msp432p401r_ccs.obj (.text)
                  00000970    0000000c     rtsv7M4_T_le_v4SPD16_eabi.lib : copy_zero_init.obj (.text:decompress:ZI)
                  0000097c    00000004                                   : pre_init.obj (.text)
                  00000980    00000002                                   : startup.obj (.text)

.const     0    00000984    00000024     
                  00000984    00000024     main.obj (.const:uartConfig)

.cinit     0    000009a8    00000040     
                  000009a8    00000016     (.cinit..data.load) [load image, compression = lzss]
                  000009be    00000002     --HOLE-- [fill = 0]
                  000009c0    0000000c     (__TI_handler_table)
                  000009cc    00000004     --HOLE-- [fill = 0]
                  000009d0    00000008     (.cinit..bss.load) [load image, compression = zero_init]
                  000009d8    00000010     (__TI_cinit_table)

.init_array 
*          0    00000000    00000000     UNINITIALIZED

.binit     0    00000000    00000000     

.data      0    20000000    0000001e     UNINITIALIZED
                  20000000    0000000c     rtsv7M4_T_le_v4SPD16_eabi.lib : exit.obj (.data:$O1$$)
                  2000000c    00000008                                   : _lock.obj (.data:$O1$$)
                  20000014    00000004                                   : stkdepth_vars.obj (.data)
                  20000018    00000004     system_msp432p401r.obj (.data)
                  2000001c    00000002     main.obj (.data)

.bss       0    2000001e    00000018     UNINITIALIZED
                  2000001e    0000000c     (.common:rxData)
                  2000002a    00000002     (.common:checksum)
                  2000002c    00000002     (.common:height)
                  2000002e    00000002     (.common:signatureNumber)
                  20000030    00000002     (.common:width)
                  20000032    00000002     (.common:xCenter)
                  20000034    00000002     (.common:yCenter)

.stack     0    2000fe00    00000200     UNINITIALIZED
                  2000fe00    00000200     --HOLE--

MODULE SUMMARY

       Module                        code   ro data   rw data
       ------                        ----   -------   -------
    ./
       system_msp432p401r.obj        812    0         8      
       main.obj                      564    36        52     
       startup_msp432p401r_ccs.obj   14     228       0      
    +--+-----------------------------+------+---------+---------+
       Total:                        1390   264       60     
                                                             
    /Applications/ti/ccsv7/tools/compiler/ti-cgt-arm_17.3.0.STS/lib/rtsv7M4_T_le_v4SPD16_eabi.lib
       memcpy_t2.obj                 156    0         0      
       memset_t2.obj                 122    0         0      
       autoinit.obj                  112    0         0      
       exit.obj                      84     0         24     
       copy_decompress_lzss.obj      104    0         0      
       boot.obj                      84     0         0      
       cpy_tbl.obj                   76     0         0      
       _lock.obj                     20     0         16     
       args_main.obj                 24     0         0      
       copy_decompress_none.obj      14     0         0      
       copy_zero_init.obj            12     0         0      
       stkdepth_vars.obj             0      0         8      
       pre_init.obj                  4      0         0      
       mpu_init.obj                  2      0         0      
       startup.obj                   2      0         0      
    +--+-----------------------------+------+---------+---------+
       Total:                        816    0         48     
                                                             
       Stack:                        0      0         1024   
       Linker Generated:             0      58        0      
    +--+-----------------------------+------+---------+---------+
       Grand Total:                  2206   322       1132   


LINKER GENERATED COPY TABLES

__TI_cinit_table @ 000009d8 records: 2, size/record: 8, table size: 16
	.data: load addr=000009a8, load size=00000016 bytes, run addr=20000000, run size=0000001e bytes, compression=lzss
	.bss: load addr=000009d0, load size=00000008 bytes, run addr=2000001e, run size=00000018 bytes, compression=zero_init


LINKER GENERATED HANDLER TABLE

__TI_handler_table @ 000009c0 records: 3, size/record: 4, table size: 12
	index: 0, handler: __TI_decompress_lzss
	index: 1, handler: __TI_decompress_none
	index: 2, handler: __TI_zero_init


GLOBAL SYMBOLS: SORTED ALPHABETICALLY BY Name 

address   name                           
-------   ----                           
0000096f  ADC14_IRQHandler               
0000096f  AES256_IRQHandler              
0000096f  BusFault_Handler               
00000889  C$$EXIT                        
0000096f  COMP_E0_IRQHandler             
0000096f  COMP_E1_IRQHandler             
0000096f  CS_IRQHandler                  
0000096f  DMA_ERR_IRQHandler             
0000096f  DMA_INT0_IRQHandler            
0000096f  DMA_INT1_IRQHandler            
0000096f  DMA_INT2_IRQHandler            
0000096f  DMA_INT3_IRQHandler            
0000096f  DebugMon_Handler               
0000096f  Default_Handler                
0000096f  EUSCIA0_IRQHandler             
000004a7  EUSCIA1_IRQHandler             
000004a7  EUSCIA1_IRQHandler             
0000096f  EUSCIA2_IRQHandler             
0000096f  EUSCIA3_IRQHandler             
0000096f  EUSCIB0_IRQHandler             
0000096f  EUSCIB1_IRQHandler             
0000096f  EUSCIB2_IRQHandler             
0000096f  EUSCIB3_IRQHandler             
0000096f  FLCTL_IRQHandler               
0000096f  FPU_IRQHandler                 
0000096f  HardFault_Handler              
0000096f  MemManage_Handler              
0000096f  NMI_Handler                    
0000096f  PCM_IRQHandler                 
0000096f  PORT1_IRQHandler               
0000096f  PORT2_IRQHandler               
0000096f  PORT3_IRQHandler               
0000096f  PORT4_IRQHandler               
0000096f  PORT5_IRQHandler               
0000096f  PORT6_IRQHandler               
0000096f  PSS_IRQHandler                 
0000096f  PendSV_Handler                 
0000096f  RTC_C_IRQHandler               
00000963  Reset_Handler                  
UNDEFED   SHT$$INIT_ARRAY$$Base          
UNDEFED   SHT$$INIT_ARRAY$$Limit         
0000096f  SVC_Handler                    
0000096f  SysTick_Handler                
20000018  SystemCoreClock                
000000e5  SystemCoreClockUpdate          
00000359  SystemInit                     
0000096f  T32_INT1_IRQHandler            
0000096f  T32_INT2_IRQHandler            
0000096f  T32_INTC_IRQHandler            
0000096f  TA0_0_IRQHandler               
0000096f  TA0_N_IRQHandler               
0000096f  TA1_0_IRQHandler               
0000096f  TA1_N_IRQHandler               
0000096f  TA2_0_IRQHandler               
0000096f  TA2_N_IRQHandler               
0000096f  TA3_0_IRQHandler               
0000096f  TA3_N_IRQHandler               
0000096f  UsageFault_Handler             
4000480c  WDTCTL_SYM                     
0000096f  WDT_A_IRQHandler               
20010000  __STACK_END                    
00000200  __STACK_SIZE                   
000009d8  __TI_CINIT_Base                
000009e8  __TI_CINIT_Limit               
000009c0  __TI_Handler_Table_Base        
000009cc  __TI_Handler_Table_Limit       
0000075d  __TI_auto_init                 
20000000  __TI_cleanup_ptr               
000007cd  __TI_decompress_lzss           
00000955  __TI_decompress_none           
20000004  __TI_dtors_ptr                 
20000008  __TI_enable_exit_profile_output
ffffffff  __TI_pprof_out_hndl            
ffffffff  __TI_prof_data_size            
ffffffff  __TI_prof_data_start           
00000000  __TI_static_base__             
00000971  __TI_zero_init                 
000006e1  __aeabi_memclr                 
000006e1  __aeabi_memclr4                
000006e1  __aeabi_memclr8                
00000645  __aeabi_memcpy                 
00000645  __aeabi_memcpy4                
00000645  __aeabi_memcpy8                
000006e3  __aeabi_memset                 
000006e3  __aeabi_memset4                
000006e3  __aeabi_memset8                
ffffffff  __binit__                      
ffffffff  __c_args__                     
0000075b  __mpu_init                     
2000fe00  __stack                        
00000929  _args_main                     
00000835  _c_int00                       
2000000c  _lock                          
0000094f  _nop                           
00000947  _register_lock                 
00000941  _register_unlock               
00000981  _system_post_cinit             
0000097d  _system_pre_init               
20000010  _unlock                        
0000088d  abort                          
ffffffff  binit                          
2000002a  checksum                       
000008dd  copy_in                        
2000001c  currentState                   
00000895  exit                           
2000002c  height                         
2000001d  index                          
00000000  interruptVectors               
00000411  main                           
20000014  main_func_sp                   
00000645  memcpy                         
000006e9  memset                         
2000001e  rxData                         
2000002e  signatureNumber                
00000984  uartConfig                     
20000030  width                          
20000032  xCenter                        
20000034  yCenter                        


GLOBAL SYMBOLS: SORTED BY Symbol Address 

address   name                           
-------   ----                           
00000000  __TI_static_base__             
00000000  interruptVectors               
000000e5  SystemCoreClockUpdate          
00000200  __STACK_SIZE                   
00000359  SystemInit                     
00000411  main                           
000004a7  EUSCIA1_IRQHandler             
000004a7  EUSCIA1_IRQHandler             
00000645  __aeabi_memcpy                 
00000645  __aeabi_memcpy4                
00000645  __aeabi_memcpy8                
00000645  memcpy                         
000006e1  __aeabi_memclr                 
000006e1  __aeabi_memclr4                
000006e1  __aeabi_memclr8                
000006e3  __aeabi_memset                 
000006e3  __aeabi_memset4                
000006e3  __aeabi_memset8                
000006e9  memset                         
0000075b  __mpu_init                     
0000075d  __TI_auto_init                 
000007cd  __TI_decompress_lzss           
00000835  _c_int00                       
00000889  C$$EXIT                        
0000088d  abort                          
00000895  exit                           
000008dd  copy_in                        
00000929  _args_main                     
00000941  _register_unlock               
00000947  _register_lock                 
0000094f  _nop                           
00000955  __TI_decompress_none           
00000963  Reset_Handler                  
0000096f  ADC14_IRQHandler               
0000096f  AES256_IRQHandler              
0000096f  BusFault_Handler               
0000096f  COMP_E0_IRQHandler             
0000096f  COMP_E1_IRQHandler             
0000096f  CS_IRQHandler                  
0000096f  DMA_ERR_IRQHandler             
0000096f  DMA_INT0_IRQHandler            
0000096f  DMA_INT1_IRQHandler            
0000096f  DMA_INT2_IRQHandler            
0000096f  DMA_INT3_IRQHandler            
0000096f  DebugMon_Handler               
0000096f  Default_Handler                
0000096f  EUSCIA0_IRQHandler             
0000096f  EUSCIA2_IRQHandler             
0000096f  EUSCIA3_IRQHandler             
0000096f  EUSCIB0_IRQHandler             
0000096f  EUSCIB1_IRQHandler             
0000096f  EUSCIB2_IRQHandler             
0000096f  EUSCIB3_IRQHandler             
0000096f  FLCTL_IRQHandler               
0000096f  FPU_IRQHandler                 
0000096f  HardFault_Handler              
0000096f  MemManage_Handler              
0000096f  NMI_Handler                    
0000096f  PCM_IRQHandler                 
0000096f  PORT1_IRQHandler               
0000096f  PORT2_IRQHandler               
0000096f  PORT3_IRQHandler               
0000096f  PORT4_IRQHandler               
0000096f  PORT5_IRQHandler               
0000096f  PORT6_IRQHandler               
0000096f  PSS_IRQHandler                 
0000096f  PendSV_Handler                 
0000096f  RTC_C_IRQHandler               
0000096f  SVC_Handler                    
0000096f  SysTick_Handler                
0000096f  T32_INT1_IRQHandler            
0000096f  T32_INT2_IRQHandler            
0000096f  T32_INTC_IRQHandler            
0000096f  TA0_0_IRQHandler               
0000096f  TA0_N_IRQHandler               
0000096f  TA1_0_IRQHandler               
0000096f  TA1_N_IRQHandler               
0000096f  TA2_0_IRQHandler               
0000096f  TA2_N_IRQHandler               
0000096f  TA3_0_IRQHandler               
0000096f  TA3_N_IRQHandler               
0000096f  UsageFault_Handler             
0000096f  WDT_A_IRQHandler               
00000971  __TI_zero_init                 
0000097d  _system_pre_init               
00000981  _system_post_cinit             
00000984  uartConfig                     
000009c0  __TI_Handler_Table_Base        
000009cc  __TI_Handler_Table_Limit       
000009d8  __TI_CINIT_Base                
000009e8  __TI_CINIT_Limit               
20000000  __TI_cleanup_ptr               
20000004  __TI_dtors_ptr                 
20000008  __TI_enable_exit_profile_output
2000000c  _lock                          
20000010  _unlock                        
20000014  main_func_sp                   
20000018  SystemCoreClock                
2000001c  currentState                   
2000001d  index                          
2000001e  rxData                         
2000002a  checksum                       
2000002c  height                         
2000002e  signatureNumber                
20000030  width                          
20000032  xCenter                        
20000034  yCenter                        
2000fe00  __stack                        
20010000  __STACK_END                    
4000480c  WDTCTL_SYM                     
ffffffff  __TI_pprof_out_hndl            
ffffffff  __TI_prof_data_size            
ffffffff  __TI_prof_data_start           
ffffffff  __binit__                      
ffffffff  __c_args__                     
ffffffff  binit                          
UNDEFED   SHT$$INIT_ARRAY$$Base          
UNDEFED   SHT$$INIT_ARRAY$$Limit         

[118 symbols]
