******************************************************************************
                  TI ARM Linker Unix v17.3.0                   
******************************************************************************
>> Linked Fri Apr 28 18:55:41 2017

OUTPUT FILE NAME:   <pixyUart.out>
ENTRY POINT SYMBOL: "_c_int00"  address: 00000ac1


MEMORY CONFIGURATION

         name            origin    length      used     unused   attr    fill
----------------------  --------  ---------  --------  --------  ----  --------
  MAIN                  00000000   00040000  00000c72  0003f38e  R  X
  INFO                  00200000   00004000  00000000  00004000  R  X
  SRAM_CODE             01000000   00010000  0000026f  0000fd91  RW X
  SRAM_DATA             20000000   00010000  0000026f  0000fd91  RW  


SEGMENT ALLOCATION MAP

run origin  load origin   length   init length attrs members
----------  ----------- ---------- ----------- ----- -------
00000000    00000000    00000c78   00000c78    r-x
  00000000    00000000    000000e4   000000e4    r-- .intvecs
  000000e4    000000e4    00000b2a   00000b2a    r-x .text
  00000c10    00000c10    00000024   00000024    r-- .const
  00000c38    00000c38    00000040   00000040    r-- .cinit
20000000    20000000    00000070   00000000    rw-
  20000000    20000000    00000043   00000000    rw- .bss
  20000044    20000044    0000002c   00000000    rw- .data
2000fe00    2000fe00    00000200   00000000    rw-
  2000fe00    2000fe00    00000200   00000000    rw- .stack


SECTION ALLOCATION MAP

 output                                  attributes/
section   page    origin      length       input sections
--------  ----  ----------  ----------   ----------------
.intvecs   0    00000000    000000e4     
                  00000000    000000e4     startup_msp432p401r_ccs.obj (.intvecs:retain)

.text      0    000000e4    00000b2a     
                  000000e4    000004c0     main.obj (.text)
                  000005a4    0000032c     system_msp432p401r.obj (.text)
                  000008d0    0000009c     rtsv7M4_T_le_v4SPD16_eabi.lib : memcpy_t2.obj (.text)
                  0000096c    0000007a                                   : memset_t2.obj (.text)
                  000009e6    00000002                                   : mpu_init.obj (.text)
                  000009e8    00000070                                   : autoinit.obj (.text)
                  00000a58    00000068                                   : copy_decompress_lzss.obj (.text:decompress:lzss)
                  00000ac0    00000054                                   : boot.obj (.text)
                  00000b14    00000054                                   : exit.obj (.text)
                  00000b68    0000004c                                   : cpy_tbl.obj (.text)
                  00000bb4    00000018                                   : args_main.obj (.text)
                  00000bcc    00000014                                   : _lock.obj (.text)
                  00000be0    0000000e                                   : copy_decompress_none.obj (.text:decompress:none)
                  00000bee    0000000e     startup_msp432p401r_ccs.obj (.text)
                  00000bfc    0000000c     rtsv7M4_T_le_v4SPD16_eabi.lib : copy_zero_init.obj (.text:decompress:ZI)
                  00000c08    00000004                                   : pre_init.obj (.text)
                  00000c0c    00000002                                   : startup.obj (.text)

.const     0    00000c10    00000024     
                  00000c10    00000024     main.obj (.const:uartConfig)

.cinit     0    00000c38    00000040     
                  00000c38    0000001b     (.cinit..data.load) [load image, compression = lzss]
                  00000c53    00000001     --HOLE-- [fill = 0]
                  00000c54    0000000c     (__TI_handler_table)
                  00000c60    00000008     (.cinit..bss.load) [load image, compression = zero_init]
                  00000c68    00000010     (__TI_cinit_table)

.init_array 
*          0    00000000    00000000     UNINITIALIZED

.binit     0    00000000    00000000     

.bss       0    20000000    00000043     UNINITIALIZED
                  20000000    00000030     (.common:rxDataArray)
                  20000030    00000004     (.common:xAcc)
                  20000034    00000004     (.common:yAcc)
                  20000038    00000004     (.common:zAcc)
                  2000003c    00000002     (.common:angle)
                  2000003e    00000002     (.common:width)
                  20000040    00000002     (.common:xCenter)
                  20000042    00000001     (.common:data)

.data      0    20000044    0000002c     UNINITIALIZED
                  20000044    00000010     main.obj (.data)
                  20000054    0000000c     rtsv7M4_T_le_v4SPD16_eabi.lib : exit.obj (.data:$O1$$)
                  20000060    00000008                                   : _lock.obj (.data:$O1$$)
                  20000068    00000004                                   : stkdepth_vars.obj (.data)
                  2000006c    00000004     system_msp432p401r.obj (.data)

.stack     0    2000fe00    00000200     UNINITIALIZED
                  2000fe00    00000200     --HOLE--

MODULE SUMMARY

       Module                        code   ro data   rw data
       ------                        ----   -------   -------
    ./
       main.obj                      1216   36        166    
       system_msp432p401r.obj        812    0         8      
       startup_msp432p401r_ccs.obj   14     228       0      
    +--+-----------------------------+------+---------+---------+
       Total:                        2042   264       174    
                                                             
    /Applications/ti/ccsv7/tools/compiler/ti-cgt-arm_17.3.0.STS/lib/rtsv7M4_T_le_v4SPD16_eabi.lib
       memcpy_t2.obj                 156    0         0      
       memset_t2.obj                 122    0         0      
       autoinit.obj                  112    0         0      
       exit.obj                      84     0         24     
       copy_decompress_lzss.obj      104    0         0      
       boot.obj                      84     0         0      
       cpy_tbl.obj                   76     0         0      
       _lock.obj                     20     0         16     
       args_main.obj                 24     0         0      
       copy_decompress_none.obj      14     0         0      
       copy_zero_init.obj            12     0         0      
       stkdepth_vars.obj             0      0         8      
       pre_init.obj                  4      0         0      
       mpu_init.obj                  2      0         0      
       startup.obj                   2      0         0      
    +--+-----------------------------+------+---------+---------+
       Total:                        816    0         48     
                                                             
       Stack:                        0      0         1024   
       Linker Generated:             0      63        0      
    +--+-----------------------------+------+---------+---------+
       Grand Total:                  2858   327       1246   


LINKER GENERATED COPY TABLES

__TI_cinit_table @ 00000c68 records: 2, size/record: 8, table size: 16
	.data: load addr=00000c38, load size=0000001b bytes, run addr=20000044, run size=0000002c bytes, compression=lzss
	.bss: load addr=00000c60, load size=00000008 bytes, run addr=20000000, run size=00000043 bytes, compression=zero_init


LINKER GENERATED HANDLER TABLE

__TI_handler_table @ 00000c54 records: 3, size/record: 4, table size: 12
	index: 0, handler: __TI_decompress_lzss
	index: 1, handler: __TI_decompress_none
	index: 2, handler: __TI_zero_init


GLOBAL SYMBOLS: SORTED ALPHABETICALLY BY Name 

address   name                           
-------   ----                           
00000bfb  ADC14_IRQHandler               
00000bfb  AES256_IRQHandler              
00000bfb  BusFault_Handler               
00000b15  C$$EXIT                        
00000bfb  COMP_E0_IRQHandler             
00000bfb  COMP_E1_IRQHandler             
00000bfb  CS_IRQHandler                  
00000bfb  DMA_ERR_IRQHandler             
00000bfb  DMA_INT0_IRQHandler            
00000bfb  DMA_INT1_IRQHandler            
00000bfb  DMA_INT2_IRQHandler            
00000bfb  DMA_INT3_IRQHandler            
00000bfb  DebugMon_Handler               
00000bfb  Default_Handler                
00000bfb  EUSCIA0_IRQHandler             
00000bfb  EUSCIA1_IRQHandler             
00000249  EUSCIA2_IRQHandler             
00000249  EUSCIA2_IRQHandler             
00000bfb  EUSCIA3_IRQHandler             
00000bfb  EUSCIB0_IRQHandler             
00000bfb  EUSCIB1_IRQHandler             
00000bfb  EUSCIB2_IRQHandler             
00000bfb  EUSCIB3_IRQHandler             
00000bfb  FLCTL_IRQHandler               
00000bfb  FPU_IRQHandler                 
00000bfb  HardFault_Handler              
00000bfb  MemManage_Handler              
00000bfb  NMI_Handler                    
00000bfb  PCM_IRQHandler                 
00000bfb  PORT1_IRQHandler               
00000bfb  PORT2_IRQHandler               
00000bfb  PORT3_IRQHandler               
00000bfb  PORT4_IRQHandler               
00000bfb  PORT5_IRQHandler               
00000bfb  PORT6_IRQHandler               
00000bfb  PSS_IRQHandler                 
00000bfb  PendSV_Handler                 
00000bfb  RTC_C_IRQHandler               
00000bef  Reset_Handler                  
UNDEFED   SHT$$INIT_ARRAY$$Base          
UNDEFED   SHT$$INIT_ARRAY$$Limit         
00000bfb  SVC_Handler                    
00000bfb  SysTick_Handler                
2000006c  SystemCoreClock                
000005a5  SystemCoreClockUpdate          
00000819  SystemInit                     
00000bfb  T32_INT1_IRQHandler            
00000bfb  T32_INT2_IRQHandler            
00000bfb  T32_INTC_IRQHandler            
00000bfb  TA0_0_IRQHandler               
00000bfb  TA0_N_IRQHandler               
00000bfb  TA1_0_IRQHandler               
00000bfb  TA1_N_IRQHandler               
00000bfb  TA2_0_IRQHandler               
00000bfb  TA2_N_IRQHandler               
00000bfb  TA3_0_IRQHandler               
00000bfb  TA3_N_IRQHandler               
00000bfb  UsageFault_Handler             
4000480c  WDTCTL_SYM                     
00000bfb  WDT_A_IRQHandler               
20010000  __STACK_END                    
00000200  __STACK_SIZE                   
00000c68  __TI_CINIT_Base                
00000c78  __TI_CINIT_Limit               
00000c54  __TI_Handler_Table_Base        
00000c60  __TI_Handler_Table_Limit       
000009e9  __TI_auto_init                 
20000054  __TI_cleanup_ptr               
00000a59  __TI_decompress_lzss           
00000be1  __TI_decompress_none           
20000058  __TI_dtors_ptr                 
2000005c  __TI_enable_exit_profile_output
ffffffff  __TI_pprof_out_hndl            
ffffffff  __TI_prof_data_size            
ffffffff  __TI_prof_data_start           
00000000  __TI_static_base__             
00000bfd  __TI_zero_init                 
0000096d  __aeabi_memclr                 
0000096d  __aeabi_memclr4                
0000096d  __aeabi_memclr8                
000008d1  __aeabi_memcpy                 
000008d1  __aeabi_memcpy4                
000008d1  __aeabi_memcpy8                
0000096f  __aeabi_memset                 
0000096f  __aeabi_memset4                
0000096f  __aeabi_memset8                
ffffffff  __binit__                      
ffffffff  __c_args__                     
000009e7  __mpu_init                     
2000fe00  __stack                        
00000bb5  _args_main                     
00000ac1  _c_int00                       
20000060  _lock                          
00000bdb  _nop                           
00000bd3  _register_lock                 
00000bcd  _register_unlock               
00000c0d  _system_post_cinit             
00000c09  _system_pre_init               
20000064  _unlock                        
00000b19  abort                          
2000003c  angle                          
ffffffff  binit                          
00000b69  copy_in                        
20000044  currentState                   
20000042  data                           
000000e5  didReceiveSyncWords            
00000b21  exit                           
20000045  index                          
00000000  interruptVectors               
00000455  main                           
20000068  main_func_sp                   
000008d1  memcpy                         
00000975  memset                         
0000016d  moveCar                        
20000000  rxDataArray                    
00000c10  uartConfig                     
2000003e  width                          
20000048  x                              
20000030  xAcc                           
20000040  xCenter                        
2000004c  y                              
20000034  yAcc                           
20000050  z                              
20000038  zAcc                           


GLOBAL SYMBOLS: SORTED BY Symbol Address 

address   name                           
-------   ----                           
00000000  __TI_static_base__             
00000000  interruptVectors               
000000e5  didReceiveSyncWords            
0000016d  moveCar                        
00000200  __STACK_SIZE                   
00000249  EUSCIA2_IRQHandler             
00000249  EUSCIA2_IRQHandler             
00000455  main                           
000005a5  SystemCoreClockUpdate          
00000819  SystemInit                     
000008d1  __aeabi_memcpy                 
000008d1  __aeabi_memcpy4                
000008d1  __aeabi_memcpy8                
000008d1  memcpy                         
0000096d  __aeabi_memclr                 
0000096d  __aeabi_memclr4                
0000096d  __aeabi_memclr8                
0000096f  __aeabi_memset                 
0000096f  __aeabi_memset4                
0000096f  __aeabi_memset8                
00000975  memset                         
000009e7  __mpu_init                     
000009e9  __TI_auto_init                 
00000a59  __TI_decompress_lzss           
00000ac1  _c_int00                       
00000b15  C$$EXIT                        
00000b19  abort                          
00000b21  exit                           
00000b69  copy_in                        
00000bb5  _args_main                     
00000bcd  _register_unlock               
00000bd3  _register_lock                 
00000bdb  _nop                           
00000be1  __TI_decompress_none           
00000bef  Reset_Handler                  
00000bfb  ADC14_IRQHandler               
00000bfb  AES256_IRQHandler              
00000bfb  BusFault_Handler               
00000bfb  COMP_E0_IRQHandler             
00000bfb  COMP_E1_IRQHandler             
00000bfb  CS_IRQHandler                  
00000bfb  DMA_ERR_IRQHandler             
00000bfb  DMA_INT0_IRQHandler            
00000bfb  DMA_INT1_IRQHandler            
00000bfb  DMA_INT2_IRQHandler            
00000bfb  DMA_INT3_IRQHandler            
00000bfb  DebugMon_Handler               
00000bfb  Default_Handler                
00000bfb  EUSCIA0_IRQHandler             
00000bfb  EUSCIA1_IRQHandler             
00000bfb  EUSCIA3_IRQHandler             
00000bfb  EUSCIB0_IRQHandler             
00000bfb  EUSCIB1_IRQHandler             
00000bfb  EUSCIB2_IRQHandler             
00000bfb  EUSCIB3_IRQHandler             
00000bfb  FLCTL_IRQHandler               
00000bfb  FPU_IRQHandler                 
00000bfb  HardFault_Handler              
00000bfb  MemManage_Handler              
00000bfb  NMI_Handler                    
00000bfb  PCM_IRQHandler                 
00000bfb  PORT1_IRQHandler               
00000bfb  PORT2_IRQHandler               
00000bfb  PORT3_IRQHandler               
00000bfb  PORT4_IRQHandler               
00000bfb  PORT5_IRQHandler               
00000bfb  PORT6_IRQHandler               
00000bfb  PSS_IRQHandler                 
00000bfb  PendSV_Handler                 
00000bfb  RTC_C_IRQHandler               
00000bfb  SVC_Handler                    
00000bfb  SysTick_Handler                
00000bfb  T32_INT1_IRQHandler            
00000bfb  T32_INT2_IRQHandler            
00000bfb  T32_INTC_IRQHandler            
00000bfb  TA0_0_IRQHandler               
00000bfb  TA0_N_IRQHandler               
00000bfb  TA1_0_IRQHandler               
00000bfb  TA1_N_IRQHandler               
00000bfb  TA2_0_IRQHandler               
00000bfb  TA2_N_IRQHandler               
00000bfb  TA3_0_IRQHandler               
00000bfb  TA3_N_IRQHandler               
00000bfb  UsageFault_Handler             
00000bfb  WDT_A_IRQHandler               
00000bfd  __TI_zero_init                 
00000c09  _system_pre_init               
00000c0d  _system_post_cinit             
00000c10  uartConfig                     
00000c54  __TI_Handler_Table_Base        
00000c60  __TI_Handler_Table_Limit       
00000c68  __TI_CINIT_Base                
00000c78  __TI_CINIT_Limit               
20000000  rxDataArray                    
20000030  xAcc                           
20000034  yAcc                           
20000038  zAcc                           
2000003c  angle                          
2000003e  width                          
20000040  xCenter                        
20000042  data                           
20000044  currentState                   
20000045  index                          
20000048  x                              
2000004c  y                              
20000050  z                              
20000054  __TI_cleanup_ptr               
20000058  __TI_dtors_ptr                 
2000005c  __TI_enable_exit_profile_output
20000060  _lock                          
20000064  _unlock                        
20000068  main_func_sp                   
2000006c  SystemCoreClock                
2000fe00  __stack                        
20010000  __STACK_END                    
4000480c  WDTCTL_SYM                     
ffffffff  __TI_pprof_out_hndl            
ffffffff  __TI_prof_data_size            
ffffffff  __TI_prof_data_start           
ffffffff  __binit__                      
ffffffff  __c_args__                     
ffffffff  binit                          
UNDEFED   SHT$$INIT_ARRAY$$Base          
UNDEFED   SHT$$INIT_ARRAY$$Limit         

[124 symbols]
