******************************************************************************
                  TI ARM Linker Unix v17.3.0                   
******************************************************************************
>> Linked Thu Apr 27 17:22:02 2017

OUTPUT FILE NAME:   <pixyUart.out>
ENTRY POINT SYMBOL: "_c_int00"  address: 000008f9


MEMORY CONFIGURATION

         name            origin    length      used     unused   attr    fill
----------------------  --------  ---------  --------  --------  ----  --------
  MAIN                  00000000   00040000  00000aaa  0003f556  R  X
  INFO                  00200000   00004000  00000000  00004000  R  X
  SRAM_CODE             01000000   00010000  0000028d  0000fd73  RW X
  SRAM_DATA             20000000   00010000  0000028d  0000fd73  RW  


SEGMENT ALLOCATION MAP

run origin  load origin   length   init length attrs members
----------  ----------- ---------- ----------- ----- -------
00000000    00000000    00000ab0   00000ab0    r-x
  00000000    00000000    000000e4   000000e4    r-- .intvecs
  000000e4    000000e4    00000962   00000962    r-x .text
  00000a48    00000a48    00000024   00000024    r-- .const
  00000a70    00000a70    00000040   00000040    r-- .cinit
20000000    20000000    0000008e   00000000    rw-
  20000000    20000000    0000006f   00000000    rw- .bss
  20000070    20000070    0000001e   00000000    rw- .data
2000fe00    2000fe00    00000200   00000000    rw-
  2000fe00    2000fe00    00000200   00000000    rw- .stack


SECTION ALLOCATION MAP

 output                                  attributes/
section   page    origin      length       input sections
--------  ----  ----------  ----------   ----------------
.intvecs   0    00000000    000000e4     
                  00000000    000000e4     startup_msp432p401r_ccs.obj (.intvecs:retain)

.text      0    000000e4    00000962     
                  000000e4    0000032c     system_msp432p401r.obj (.text)
                  00000410    000002f8     main.obj (.text)
                  00000708    0000009c     rtsv7M4_T_le_v4SPD16_eabi.lib : memcpy_t2.obj (.text)
                  000007a4    0000007a                                   : memset_t2.obj (.text)
                  0000081e    00000002                                   : mpu_init.obj (.text)
                  00000820    00000070                                   : autoinit.obj (.text)
                  00000890    00000068                                   : copy_decompress_lzss.obj (.text:decompress:lzss)
                  000008f8    00000054                                   : boot.obj (.text)
                  0000094c    00000054                                   : exit.obj (.text)
                  000009a0    0000004c                                   : cpy_tbl.obj (.text)
                  000009ec    00000018                                   : args_main.obj (.text)
                  00000a04    00000014                                   : _lock.obj (.text)
                  00000a18    0000000e                                   : copy_decompress_none.obj (.text:decompress:none)
                  00000a26    0000000e     startup_msp432p401r_ccs.obj (.text)
                  00000a34    0000000c     rtsv7M4_T_le_v4SPD16_eabi.lib : copy_zero_init.obj (.text:decompress:ZI)
                  00000a40    00000004                                   : pre_init.obj (.text)
                  00000a44    00000002                                   : startup.obj (.text)

.const     0    00000a48    00000024     
                  00000a48    00000024     main.obj (.const:uartConfig)

.cinit     0    00000a70    00000040     
                  00000a70    00000016     (.cinit..data.load) [load image, compression = lzss]
                  00000a86    00000002     --HOLE-- [fill = 0]
                  00000a88    0000000c     (__TI_handler_table)
                  00000a94    00000004     --HOLE-- [fill = 0]
                  00000a98    00000008     (.cinit..bss.load) [load image, compression = zero_init]
                  00000aa0    00000010     (__TI_cinit_table)

.init_array 
*          0    00000000    00000000     UNINITIALIZED

.binit     0    00000000    00000000     

.bss       0    20000000    0000006f     UNINITIALIZED
                  20000000    00000064     (.common:rxDataArray)
                  20000064    00000004     (.common:x)
                  20000068    00000002     (.common:angle)
                  2000006a    00000002     (.common:width)
                  2000006c    00000002     (.common:xCenter)
                  2000006e    00000001     (.common:data)

.data      0    20000070    0000001e     UNINITIALIZED
                  20000070    0000000c     rtsv7M4_T_le_v4SPD16_eabi.lib : exit.obj (.data:$O1$$)
                  2000007c    00000008                                   : _lock.obj (.data:$O1$$)
                  20000084    00000004                                   : stkdepth_vars.obj (.data)
                  20000088    00000004     system_msp432p401r.obj (.data)
                  2000008c    00000002     main.obj (.data)

.stack     0    2000fe00    00000200     UNINITIALIZED
                  2000fe00    00000200     --HOLE--

MODULE SUMMARY

       Module                        code   ro data   rw data
       ------                        ----   -------   -------
    ./
       main.obj                      760    36        226    
       system_msp432p401r.obj        812    0         8      
       startup_msp432p401r_ccs.obj   14     228       0      
    +--+-----------------------------+------+---------+---------+
       Total:                        1586   264       234    
                                                             
    /Applications/ti/ccsv7/tools/compiler/ti-cgt-arm_17.3.0.STS/lib/rtsv7M4_T_le_v4SPD16_eabi.lib
       memcpy_t2.obj                 156    0         0      
       memset_t2.obj                 122    0         0      
       autoinit.obj                  112    0         0      
       exit.obj                      84     0         24     
       copy_decompress_lzss.obj      104    0         0      
       boot.obj                      84     0         0      
       cpy_tbl.obj                   76     0         0      
       _lock.obj                     20     0         16     
       args_main.obj                 24     0         0      
       copy_decompress_none.obj      14     0         0      
       copy_zero_init.obj            12     0         0      
       stkdepth_vars.obj             0      0         8      
       pre_init.obj                  4      0         0      
       mpu_init.obj                  2      0         0      
       startup.obj                   2      0         0      
    +--+-----------------------------+------+---------+---------+
       Total:                        816    0         48     
                                                             
       Stack:                        0      0         1024   
       Linker Generated:             0      58        0      
    +--+-----------------------------+------+---------+---------+
       Grand Total:                  2402   322       1306   


LINKER GENERATED COPY TABLES

__TI_cinit_table @ 00000aa0 records: 2, size/record: 8, table size: 16
	.data: load addr=00000a70, load size=00000016 bytes, run addr=20000070, run size=0000001e bytes, compression=lzss
	.bss: load addr=00000a98, load size=00000008 bytes, run addr=20000000, run size=0000006f bytes, compression=zero_init


LINKER GENERATED HANDLER TABLE

__TI_handler_table @ 00000a88 records: 3, size/record: 4, table size: 12
	index: 0, handler: __TI_decompress_lzss
	index: 1, handler: __TI_decompress_none
	index: 2, handler: __TI_zero_init


GLOBAL SYMBOLS: SORTED ALPHABETICALLY BY Name 

address   name                           
-------   ----                           
00000a33  ADC14_IRQHandler               
00000a33  AES256_IRQHandler              
00000a33  BusFault_Handler               
0000094d  C$$EXIT                        
00000a33  COMP_E0_IRQHandler             
00000a33  COMP_E1_IRQHandler             
00000a33  CS_IRQHandler                  
00000a33  DMA_ERR_IRQHandler             
00000a33  DMA_INT0_IRQHandler            
00000a33  DMA_INT1_IRQHandler            
00000a33  DMA_INT2_IRQHandler            
00000a33  DMA_INT3_IRQHandler            
00000a33  DebugMon_Handler               
00000a33  Default_Handler                
00000a33  EUSCIA0_IRQHandler             
00000575  EUSCIA1_IRQHandler             
00000575  EUSCIA1_IRQHandler             
00000a33  EUSCIA2_IRQHandler             
00000a33  EUSCIA3_IRQHandler             
00000a33  EUSCIB0_IRQHandler             
00000a33  EUSCIB1_IRQHandler             
00000a33  EUSCIB2_IRQHandler             
00000a33  EUSCIB3_IRQHandler             
00000a33  FLCTL_IRQHandler               
00000a33  FPU_IRQHandler                 
00000a33  HardFault_Handler              
00000a33  MemManage_Handler              
00000a33  NMI_Handler                    
00000a33  PCM_IRQHandler                 
00000a33  PORT1_IRQHandler               
00000a33  PORT2_IRQHandler               
00000a33  PORT3_IRQHandler               
00000a33  PORT4_IRQHandler               
00000a33  PORT5_IRQHandler               
00000a33  PORT6_IRQHandler               
00000a33  PSS_IRQHandler                 
00000a33  PendSV_Handler                 
00000a33  RTC_C_IRQHandler               
00000a27  Reset_Handler                  
UNDEFED   SHT$$INIT_ARRAY$$Base          
UNDEFED   SHT$$INIT_ARRAY$$Limit         
00000a33  SVC_Handler                    
00000a33  SysTick_Handler                
20000088  SystemCoreClock                
000000e5  SystemCoreClockUpdate          
00000359  SystemInit                     
00000a33  T32_INT1_IRQHandler            
00000a33  T32_INT2_IRQHandler            
00000a33  T32_INTC_IRQHandler            
00000a33  TA0_0_IRQHandler               
00000a33  TA0_N_IRQHandler               
00000a33  TA1_0_IRQHandler               
00000a33  TA1_N_IRQHandler               
00000a33  TA2_0_IRQHandler               
00000a33  TA2_N_IRQHandler               
00000a33  TA3_0_IRQHandler               
00000a33  TA3_N_IRQHandler               
00000a33  UsageFault_Handler             
4000480c  WDTCTL_SYM                     
00000a33  WDT_A_IRQHandler               
20010000  __STACK_END                    
00000200  __STACK_SIZE                   
00000aa0  __TI_CINIT_Base                
00000ab0  __TI_CINIT_Limit               
00000a88  __TI_Handler_Table_Base        
00000a94  __TI_Handler_Table_Limit       
00000821  __TI_auto_init                 
20000070  __TI_cleanup_ptr               
00000891  __TI_decompress_lzss           
00000a19  __TI_decompress_none           
20000074  __TI_dtors_ptr                 
20000078  __TI_enable_exit_profile_output
ffffffff  __TI_pprof_out_hndl            
ffffffff  __TI_prof_data_size            
ffffffff  __TI_prof_data_start           
00000000  __TI_static_base__             
00000a35  __TI_zero_init                 
000007a5  __aeabi_memclr                 
000007a5  __aeabi_memclr4                
000007a5  __aeabi_memclr8                
00000709  __aeabi_memcpy                 
00000709  __aeabi_memcpy4                
00000709  __aeabi_memcpy8                
000007a7  __aeabi_memset                 
000007a7  __aeabi_memset4                
000007a7  __aeabi_memset8                
ffffffff  __binit__                      
ffffffff  __c_args__                     
0000081f  __mpu_init                     
2000fe00  __stack                        
000009ed  _args_main                     
000008f9  _c_int00                       
2000007c  _lock                          
00000a13  _nop                           
00000a0b  _register_lock                 
00000a05  _register_unlock               
00000a45  _system_post_cinit             
00000a41  _system_pre_init               
20000080  _unlock                        
00000951  abort                          
20000068  angle                          
ffffffff  binit                          
000009a1  copy_in                        
2000008c  currentState                   
2000006e  data                           
00000411  didReceiveSyncWords            
00000959  exit                           
2000008d  index                          
00000000  interruptVectors               
000005e5  main                           
20000084  main_func_sp                   
00000709  memcpy                         
000007ad  memset                         
00000499  moveCar                        
20000000  rxDataArray                    
00000a48  uartConfig                     
2000006a  width                          
20000064  x                              
2000006c  xCenter                        


GLOBAL SYMBOLS: SORTED BY Symbol Address 

address   name                           
-------   ----                           
00000000  __TI_static_base__             
00000000  interruptVectors               
000000e5  SystemCoreClockUpdate          
00000200  __STACK_SIZE                   
00000359  SystemInit                     
00000411  didReceiveSyncWords            
00000499  moveCar                        
00000575  EUSCIA1_IRQHandler             
00000575  EUSCIA1_IRQHandler             
000005e5  main                           
00000709  __aeabi_memcpy                 
00000709  __aeabi_memcpy4                
00000709  __aeabi_memcpy8                
00000709  memcpy                         
000007a5  __aeabi_memclr                 
000007a5  __aeabi_memclr4                
000007a5  __aeabi_memclr8                
000007a7  __aeabi_memset                 
000007a7  __aeabi_memset4                
000007a7  __aeabi_memset8                
000007ad  memset                         
0000081f  __mpu_init                     
00000821  __TI_auto_init                 
00000891  __TI_decompress_lzss           
000008f9  _c_int00                       
0000094d  C$$EXIT                        
00000951  abort                          
00000959  exit                           
000009a1  copy_in                        
000009ed  _args_main                     
00000a05  _register_unlock               
00000a0b  _register_lock                 
00000a13  _nop                           
00000a19  __TI_decompress_none           
00000a27  Reset_Handler                  
00000a33  ADC14_IRQHandler               
00000a33  AES256_IRQHandler              
00000a33  BusFault_Handler               
00000a33  COMP_E0_IRQHandler             
00000a33  COMP_E1_IRQHandler             
00000a33  CS_IRQHandler                  
00000a33  DMA_ERR_IRQHandler             
00000a33  DMA_INT0_IRQHandler            
00000a33  DMA_INT1_IRQHandler            
00000a33  DMA_INT2_IRQHandler            
00000a33  DMA_INT3_IRQHandler            
00000a33  DebugMon_Handler               
00000a33  Default_Handler                
00000a33  EUSCIA0_IRQHandler             
00000a33  EUSCIA2_IRQHandler             
00000a33  EUSCIA3_IRQHandler             
00000a33  EUSCIB0_IRQHandler             
00000a33  EUSCIB1_IRQHandler             
00000a33  EUSCIB2_IRQHandler             
00000a33  EUSCIB3_IRQHandler             
00000a33  FLCTL_IRQHandler               
00000a33  FPU_IRQHandler                 
00000a33  HardFault_Handler              
00000a33  MemManage_Handler              
00000a33  NMI_Handler                    
00000a33  PCM_IRQHandler                 
00000a33  PORT1_IRQHandler               
00000a33  PORT2_IRQHandler               
00000a33  PORT3_IRQHandler               
00000a33  PORT4_IRQHandler               
00000a33  PORT5_IRQHandler               
00000a33  PORT6_IRQHandler               
00000a33  PSS_IRQHandler                 
00000a33  PendSV_Handler                 
00000a33  RTC_C_IRQHandler               
00000a33  SVC_Handler                    
00000a33  SysTick_Handler                
00000a33  T32_INT1_IRQHandler            
00000a33  T32_INT2_IRQHandler            
00000a33  T32_INTC_IRQHandler            
00000a33  TA0_0_IRQHandler               
00000a33  TA0_N_IRQHandler               
00000a33  TA1_0_IRQHandler               
00000a33  TA1_N_IRQHandler               
00000a33  TA2_0_IRQHandler               
00000a33  TA2_N_IRQHandler               
00000a33  TA3_0_IRQHandler               
00000a33  TA3_N_IRQHandler               
00000a33  UsageFault_Handler             
00000a33  WDT_A_IRQHandler               
00000a35  __TI_zero_init                 
00000a41  _system_pre_init               
00000a45  _system_post_cinit             
00000a48  uartConfig                     
00000a88  __TI_Handler_Table_Base        
00000a94  __TI_Handler_Table_Limit       
00000aa0  __TI_CINIT_Base                
00000ab0  __TI_CINIT_Limit               
20000000  rxDataArray                    
20000064  x                              
20000068  angle                          
2000006a  width                          
2000006c  xCenter                        
2000006e  data                           
20000070  __TI_cleanup_ptr               
20000074  __TI_dtors_ptr                 
20000078  __TI_enable_exit_profile_output
2000007c  _lock                          
20000080  _unlock                        
20000084  main_func_sp                   
20000088  SystemCoreClock                
2000008c  currentState                   
2000008d  index                          
2000fe00  __stack                        
20010000  __STACK_END                    
4000480c  WDTCTL_SYM                     
ffffffff  __TI_pprof_out_hndl            
ffffffff  __TI_prof_data_size            
ffffffff  __TI_prof_data_start           
ffffffff  __binit__                      
ffffffff  __c_args__                     
ffffffff  binit                          
UNDEFED   SHT$$INIT_ARRAY$$Base          
UNDEFED   SHT$$INIT_ARRAY$$Limit         

[119 symbols]
