******************************************************************************
                  TI ARM Linker Unix v17.3.0                   
******************************************************************************
>> Linked Sat Apr 29 00:14:49 2017

OUTPUT FILE NAME:   <pixyUart.out>
ENTRY POINT SYMBOL: "_c_int00"  address: 00000a2d


MEMORY CONFIGURATION

         name            origin    length      used     unused   attr    fill
----------------------  --------  ---------  --------  --------  ----  --------
  MAIN                  00000000   00040000  00000c0e  0003f3f2  R  X
  INFO                  00200000   00004000  00000000  00004000  R  X
  SRAM_CODE             01000000   00010000  0000024b  0000fdb5  RW X
  SRAM_DATA             20000000   00010000  0000024b  0000fdb5  RW  


SEGMENT ALLOCATION MAP

run origin  load origin   length   init length attrs members
----------  ----------- ---------- ----------- ----- -------
00000000    00000000    00000c10   00000c10    r-x
  00000000    00000000    000000e4   000000e4    r-- .intvecs
  000000e4    000000e4    00000a96   00000a96    r-x .text
  00000b7c    00000b7c    00000054   00000054    r-- .const
  00000bd0    00000bd0    00000040   00000040    r-- .cinit
20000000    20000000    0000004b   00000000    rw-
  20000000    20000000    0000002c   00000000    rw- .data
  2000002c    2000002c    0000001f   00000000    rw- .bss
2000fe00    2000fe00    00000200   00000000    rw-
  2000fe00    2000fe00    00000200   00000000    rw- .stack


SECTION ALLOCATION MAP

 output                                  attributes/
section   page    origin      length       input sections
--------  ----  ----------  ----------   ----------------
.intvecs   0    00000000    000000e4     
                  00000000    000000e4     startup_msp432p401r_ccs.obj (.intvecs:retain)

.text      0    000000e4    00000a96     
                  000000e4    0000042c     main.obj (.text)
                  00000510    0000032c     system_msp432p401r.obj (.text)
                  0000083c    0000009c     rtsv7M4_T_le_v4SPD16_eabi.lib : memcpy_t2.obj (.text)
                  000008d8    0000007a                                   : memset_t2.obj (.text)
                  00000952    00000002                                   : mpu_init.obj (.text)
                  00000954    00000070                                   : autoinit.obj (.text)
                  000009c4    00000068                                   : copy_decompress_lzss.obj (.text:decompress:lzss)
                  00000a2c    00000054                                   : boot.obj (.text)
                  00000a80    00000054                                   : exit.obj (.text)
                  00000ad4    0000004c                                   : cpy_tbl.obj (.text)
                  00000b20    00000018                                   : args_main.obj (.text)
                  00000b38    00000014                                   : _lock.obj (.text)
                  00000b4c    0000000e                                   : copy_decompress_none.obj (.text:decompress:none)
                  00000b5a    0000000e     startup_msp432p401r_ccs.obj (.text)
                  00000b68    0000000c     rtsv7M4_T_le_v4SPD16_eabi.lib : copy_zero_init.obj (.text:decompress:ZI)
                  00000b74    00000004                                   : pre_init.obj (.text)
                  00000b78    00000002                                   : startup.obj (.text)

.const     0    00000b7c    00000054     
                  00000b7c    00000024     main.obj (.const:uartConfig)
                  00000ba0    00000018     main.obj (.const:upConfig)
                  00000bb8    00000010     main.obj (.const:compareConfig)
                  00000bc8    00000008     main.obj (.const:.string:portMapping)

.cinit     0    00000bd0    00000040     
                  00000bd0    0000001b     (.cinit..data.load) [load image, compression = lzss]
                  00000beb    00000001     --HOLE-- [fill = 0]
                  00000bec    0000000c     (__TI_handler_table)
                  00000bf8    00000008     (.cinit..bss.load) [load image, compression = zero_init]
                  00000c00    00000010     (__TI_cinit_table)

.init_array 
*          0    00000000    00000000     UNINITIALIZED

.binit     0    00000000    00000000     

.data      0    20000000    0000002c     UNINITIALIZED
                  20000000    00000010     main.obj (.data)
                  20000010    0000000c     rtsv7M4_T_le_v4SPD16_eabi.lib : exit.obj (.data:$O1$$)
                  2000001c    00000008                                   : _lock.obj (.data:$O1$$)
                  20000024    00000004                                   : stkdepth_vars.obj (.data)
                  20000028    00000004     system_msp432p401r.obj (.data)

.bss       0    2000002c    0000001f     UNINITIALIZED
                  2000002c    00000010     (.common:rxDataArray)
                  2000003c    00000002     (.common:angle)
                  2000003e    00000002     (.common:checksum)
                  20000040    00000002     (.common:height)
                  20000042    00000002     (.common:signatureNumber)
                  20000044    00000002     (.common:width)
                  20000046    00000002     (.common:xCenter)
                  20000048    00000002     (.common:yCenter)
                  2000004a    00000001     (.common:data)

.stack     0    2000fe00    00000200     UNINITIALIZED
                  2000fe00    00000200     --HOLE--

MODULE SUMMARY

       Module                        code   ro data   rw data
       ------                        ----   -------   -------
    ./
       main.obj                      1068   84        94     
       system_msp432p401r.obj        812    0         8      
       startup_msp432p401r_ccs.obj   14     228       0      
    +--+-----------------------------+------+---------+---------+
       Total:                        1894   312       102    
                                                             
    /Applications/ti/ccsv7/tools/compiler/ti-cgt-arm_17.3.0.STS/lib/rtsv7M4_T_le_v4SPD16_eabi.lib
       memcpy_t2.obj                 156    0         0      
       memset_t2.obj                 122    0         0      
       autoinit.obj                  112    0         0      
       exit.obj                      84     0         24     
       copy_decompress_lzss.obj      104    0         0      
       boot.obj                      84     0         0      
       cpy_tbl.obj                   76     0         0      
       _lock.obj                     20     0         16     
       args_main.obj                 24     0         0      
       copy_decompress_none.obj      14     0         0      
       copy_zero_init.obj            12     0         0      
       stkdepth_vars.obj             0      0         8      
       pre_init.obj                  4      0         0      
       mpu_init.obj                  2      0         0      
       startup.obj                   2      0         0      
    +--+-----------------------------+------+---------+---------+
       Total:                        816    0         48     
                                                             
       Stack:                        0      0         1024   
       Linker Generated:             0      63        0      
    +--+-----------------------------+------+---------+---------+
       Grand Total:                  2710   375       1174   


LINKER GENERATED COPY TABLES

__TI_cinit_table @ 00000c00 records: 2, size/record: 8, table size: 16
	.data: load addr=00000bd0, load size=0000001b bytes, run addr=20000000, run size=0000002c bytes, compression=lzss
	.bss: load addr=00000bf8, load size=00000008 bytes, run addr=2000002c, run size=0000001f bytes, compression=zero_init


LINKER GENERATED HANDLER TABLE

__TI_handler_table @ 00000bec records: 3, size/record: 4, table size: 12
	index: 0, handler: __TI_decompress_lzss
	index: 1, handler: __TI_decompress_none
	index: 2, handler: __TI_zero_init


GLOBAL SYMBOLS: SORTED ALPHABETICALLY BY Name 

address   name                           
-------   ----                           
00000b67  ADC14_IRQHandler               
00000b67  AES256_IRQHandler              
00000b67  BusFault_Handler               
00000a81  C$$EXIT                        
00000b67  COMP_E0_IRQHandler             
00000b67  COMP_E1_IRQHandler             
00000b67  CS_IRQHandler                  
00000b67  DMA_ERR_IRQHandler             
00000b67  DMA_INT0_IRQHandler            
00000b67  DMA_INT1_IRQHandler            
00000b67  DMA_INT2_IRQHandler            
00000b67  DMA_INT3_IRQHandler            
00000b67  DebugMon_Handler               
00000b67  Default_Handler                
00000b67  EUSCIA0_IRQHandler             
00000291  EUSCIA1_IRQHandler             
00000291  EUSCIA1_IRQHandler             
00000b67  EUSCIA2_IRQHandler             
00000b67  EUSCIA3_IRQHandler             
00000b67  EUSCIB0_IRQHandler             
00000b67  EUSCIB1_IRQHandler             
00000b67  EUSCIB2_IRQHandler             
00000b67  EUSCIB3_IRQHandler             
00000b67  FLCTL_IRQHandler               
00000b67  FPU_IRQHandler                 
00000b67  HardFault_Handler              
00000b67  MemManage_Handler              
00000b67  NMI_Handler                    
00000b67  PCM_IRQHandler                 
00000b67  PORT1_IRQHandler               
00000b67  PORT2_IRQHandler               
00000b67  PORT3_IRQHandler               
00000b67  PORT4_IRQHandler               
00000b67  PORT5_IRQHandler               
00000b67  PORT6_IRQHandler               
00000b67  PSS_IRQHandler                 
00000b67  PendSV_Handler                 
00000b67  RTC_C_IRQHandler               
00000b5b  Reset_Handler                  
UNDEFED   SHT$$INIT_ARRAY$$Base          
UNDEFED   SHT$$INIT_ARRAY$$Limit         
00000b67  SVC_Handler                    
00000b67  SysTick_Handler                
20000028  SystemCoreClock                
00000511  SystemCoreClockUpdate          
00000785  SystemInit                     
00000b67  T32_INT1_IRQHandler            
00000b67  T32_INT2_IRQHandler            
00000b67  T32_INTC_IRQHandler            
00000b67  TA0_0_IRQHandler               
00000b67  TA0_N_IRQHandler               
00000b67  TA1_0_IRQHandler               
00000b67  TA1_N_IRQHandler               
00000b67  TA2_0_IRQHandler               
00000b67  TA2_N_IRQHandler               
00000b67  TA3_0_IRQHandler               
00000b67  TA3_N_IRQHandler               
00000b67  UsageFault_Handler             
4000480c  WDTCTL_SYM                     
00000b67  WDT_A_IRQHandler               
20010000  __STACK_END                    
00000200  __STACK_SIZE                   
00000c00  __TI_CINIT_Base                
00000c10  __TI_CINIT_Limit               
00000bec  __TI_Handler_Table_Base        
00000bf8  __TI_Handler_Table_Limit       
00000955  __TI_auto_init                 
20000010  __TI_cleanup_ptr               
000009c5  __TI_decompress_lzss           
00000b4d  __TI_decompress_none           
20000014  __TI_dtors_ptr                 
20000018  __TI_enable_exit_profile_output
ffffffff  __TI_pprof_out_hndl            
ffffffff  __TI_prof_data_size            
ffffffff  __TI_prof_data_start           
00000000  __TI_static_base__             
00000b69  __TI_zero_init                 
000008d9  __aeabi_memclr                 
000008d9  __aeabi_memclr4                
000008d9  __aeabi_memclr8                
0000083d  __aeabi_memcpy                 
0000083d  __aeabi_memcpy4                
0000083d  __aeabi_memcpy8                
000008db  __aeabi_memset                 
000008db  __aeabi_memset4                
000008db  __aeabi_memset8                
ffffffff  __binit__                      
ffffffff  __c_args__                     
00000953  __mpu_init                     
2000fe00  __stack                        
00000b21  _args_main                     
00000a2d  _c_int00                       
2000001c  _lock                          
00000b47  _nop                           
00000b3f  _register_lock                 
00000b39  _register_unlock               
00000b79  _system_post_cinit             
00000b75  _system_pre_init               
20000020  _unlock                        
00000a85  abort                          
2000003c  angle                          
ffffffff  binit                          
2000003e  checksum                       
00000bb8  compareConfig                  
00000ad5  copy_in                        
20000001  currentState                   
2000004a  data                           
00000129  didReceiveSyncWords            
00000a8d  exit                           
20000040  height                         
20000002  index                          
000000e5  initTimer                      
00000000  interruptVectors               
00000379  main                           
20000024  main_func_sp                   
0000083d  memcpy                         
000008e1  memset                         
20000000  mode                           
000001b1  moveCar                        
00000bc8  portMapping                    
2000002c  rxDataArray                    
20000042  signatureNumber                
00000b7c  uartConfig                     
00000ba0  upConfig                       
20000044  width                          
20000004  x                              
20000046  xCenter                        
20000008  y                              
20000048  yCenter                        
2000000c  z                              


GLOBAL SYMBOLS: SORTED BY Symbol Address 

address   name                           
-------   ----                           
00000000  __TI_static_base__             
00000000  interruptVectors               
000000e5  initTimer                      
00000129  didReceiveSyncWords            
000001b1  moveCar                        
00000200  __STACK_SIZE                   
00000291  EUSCIA1_IRQHandler             
00000291  EUSCIA1_IRQHandler             
00000379  main                           
00000511  SystemCoreClockUpdate          
00000785  SystemInit                     
0000083d  __aeabi_memcpy                 
0000083d  __aeabi_memcpy4                
0000083d  __aeabi_memcpy8                
0000083d  memcpy                         
000008d9  __aeabi_memclr                 
000008d9  __aeabi_memclr4                
000008d9  __aeabi_memclr8                
000008db  __aeabi_memset                 
000008db  __aeabi_memset4                
000008db  __aeabi_memset8                
000008e1  memset                         
00000953  __mpu_init                     
00000955  __TI_auto_init                 
000009c5  __TI_decompress_lzss           
00000a2d  _c_int00                       
00000a81  C$$EXIT                        
00000a85  abort                          
00000a8d  exit                           
00000ad5  copy_in                        
00000b21  _args_main                     
00000b39  _register_unlock               
00000b3f  _register_lock                 
00000b47  _nop                           
00000b4d  __TI_decompress_none           
00000b5b  Reset_Handler                  
00000b67  ADC14_IRQHandler               
00000b67  AES256_IRQHandler              
00000b67  BusFault_Handler               
00000b67  COMP_E0_IRQHandler             
00000b67  COMP_E1_IRQHandler             
00000b67  CS_IRQHandler                  
00000b67  DMA_ERR_IRQHandler             
00000b67  DMA_INT0_IRQHandler            
00000b67  DMA_INT1_IRQHandler            
00000b67  DMA_INT2_IRQHandler            
00000b67  DMA_INT3_IRQHandler            
00000b67  DebugMon_Handler               
00000b67  Default_Handler                
00000b67  EUSCIA0_IRQHandler             
00000b67  EUSCIA2_IRQHandler             
00000b67  EUSCIA3_IRQHandler             
00000b67  EUSCIB0_IRQHandler             
00000b67  EUSCIB1_IRQHandler             
00000b67  EUSCIB2_IRQHandler             
00000b67  EUSCIB3_IRQHandler             
00000b67  FLCTL_IRQHandler               
00000b67  FPU_IRQHandler                 
00000b67  HardFault_Handler              
00000b67  MemManage_Handler              
00000b67  NMI_Handler                    
00000b67  PCM_IRQHandler                 
00000b67  PORT1_IRQHandler               
00000b67  PORT2_IRQHandler               
00000b67  PORT3_IRQHandler               
00000b67  PORT4_IRQHandler               
00000b67  PORT5_IRQHandler               
00000b67  PORT6_IRQHandler               
00000b67  PSS_IRQHandler                 
00000b67  PendSV_Handler                 
00000b67  RTC_C_IRQHandler               
00000b67  SVC_Handler                    
00000b67  SysTick_Handler                
00000b67  T32_INT1_IRQHandler            
00000b67  T32_INT2_IRQHandler            
00000b67  T32_INTC_IRQHandler            
00000b67  TA0_0_IRQHandler               
00000b67  TA0_N_IRQHandler               
00000b67  TA1_0_IRQHandler               
00000b67  TA1_N_IRQHandler               
00000b67  TA2_0_IRQHandler               
00000b67  TA2_N_IRQHandler               
00000b67  TA3_0_IRQHandler               
00000b67  TA3_N_IRQHandler               
00000b67  UsageFault_Handler             
00000b67  WDT_A_IRQHandler               
00000b69  __TI_zero_init                 
00000b75  _system_pre_init               
00000b79  _system_post_cinit             
00000b7c  uartConfig                     
00000ba0  upConfig                       
00000bb8  compareConfig                  
00000bc8  portMapping                    
00000bec  __TI_Handler_Table_Base        
00000bf8  __TI_Handler_Table_Limit       
00000c00  __TI_CINIT_Base                
00000c10  __TI_CINIT_Limit               
20000000  mode                           
20000001  currentState                   
20000002  index                          
20000004  x                              
20000008  y                              
2000000c  z                              
20000010  __TI_cleanup_ptr               
20000014  __TI_dtors_ptr                 
20000018  __TI_enable_exit_profile_output
2000001c  _lock                          
20000020  _unlock                        
20000024  main_func_sp                   
20000028  SystemCoreClock                
2000002c  rxDataArray                    
2000003c  angle                          
2000003e  checksum                       
20000040  height                         
20000042  signatureNumber                
20000044  width                          
20000046  xCenter                        
20000048  yCenter                        
2000004a  data                           
2000fe00  __stack                        
20010000  __STACK_END                    
4000480c  WDTCTL_SYM                     
ffffffff  __TI_pprof_out_hndl            
ffffffff  __TI_prof_data_size            
ffffffff  __TI_prof_data_start           
ffffffff  __binit__                      
ffffffff  __c_args__                     
ffffffff  binit                          
UNDEFED   SHT$$INIT_ARRAY$$Base          
UNDEFED   SHT$$INIT_ARRAY$$Limit         

[130 symbols]
