******************************************************************************
                  TI ARM Linker Unix v17.3.0                   
******************************************************************************
>> Linked Sun May  7 19:29:34 2017

OUTPUT FILE NAME:   <pixyUart.out>
ENTRY POINT SYMBOL: "_c_int00"  address: 00000f95


MEMORY CONFIGURATION

         name            origin    length      used     unused   attr    fill
----------------------  --------  ---------  --------  --------  ----  --------
  MAIN                  00000000   00040000  00001176  0003ee8a  R  X
  INFO                  00200000   00004000  00000000  00004000  R  X
  SRAM_CODE             01000000   00010000  00000263  0000fd9d  RW X
  SRAM_DATA             20000000   00010000  00000263  0000fd9d  RW  


SEGMENT ALLOCATION MAP

run origin  load origin   length   init length attrs members
----------  ----------- ---------- ----------- ----- -------
00000000    00000000    00001178   00001178    r-x
  00000000    00000000    000000e4   000000e4    r-- .intvecs
  000000e4    000000e4    00000ffe   00000ffe    r-x .text
  000010e4    000010e4    00000054   00000054    r-- .const
  00001138    00001138    00000040   00000040    r-- .cinit
20000000    20000000    00000064   00000000    rw-
  20000000    20000000    00000037   00000000    rw- .bss
  20000038    20000038    0000002c   00000000    rw- .data
2000fe00    2000fe00    00000200   00000000    rw-
  2000fe00    2000fe00    00000200   00000000    rw- .stack


SECTION ALLOCATION MAP

 output                                  attributes/
section   page    origin      length       input sections
--------  ----  ----------  ----------   ----------------
.intvecs   0    00000000    000000e4     
                  00000000    000000e4     startup_msp432p401r_ccs.obj (.intvecs:retain)

.text      0    000000e4    00000ffe     
                  000000e4    00000994     main.obj (.text)
                  00000a78    0000032c     system_msp432p401r.obj (.text)
                  00000da4    0000009c     rtsv7M4_T_le_v4SPD16_eabi.lib : memcpy_t2.obj (.text)
                  00000e40    0000007a                                   : memset_t2.obj (.text)
                  00000eba    00000002                                   : mpu_init.obj (.text)
                  00000ebc    00000070                                   : autoinit.obj (.text)
                  00000f2c    00000068                                   : copy_decompress_lzss.obj (.text:decompress:lzss)
                  00000f94    00000054                                   : boot.obj (.text)
                  00000fe8    00000054                                   : exit.obj (.text)
                  0000103c    0000004c                                   : cpy_tbl.obj (.text)
                  00001088    00000018                                   : args_main.obj (.text)
                  000010a0    00000014                                   : _lock.obj (.text)
                  000010b4    0000000e                                   : copy_decompress_none.obj (.text:decompress:none)
                  000010c2    0000000e     startup_msp432p401r_ccs.obj (.text)
                  000010d0    0000000c     rtsv7M4_T_le_v4SPD16_eabi.lib : copy_zero_init.obj (.text:decompress:ZI)
                  000010dc    00000004                                   : pre_init.obj (.text)
                  000010e0    00000002                                   : startup.obj (.text)

.const     0    000010e4    00000054     
                  000010e4    00000024     main.obj (.const:uartConfig)
                  00001108    00000018     main.obj (.const:upConfig)
                  00001120    00000010     main.obj (.const:compareConfig)
                  00001130    00000008     main.obj (.const:.string:portMapping)

.cinit     0    00001138    00000040     
                  00001138    0000001b     (.cinit..data.load) [load image, compression = lzss]
                  00001153    00000001     --HOLE-- [fill = 0]
                  00001154    0000000c     (__TI_handler_table)
                  00001160    00000008     (.cinit..bss.load) [load image, compression = zero_init]
                  00001168    00000010     (__TI_cinit_table)

.init_array 
*          0    00000000    00000000     UNINITIALIZED

.binit     0    00000000    00000000     

.bss       0    20000000    00000037     UNINITIALIZED
                  20000000    00000010     (.common:rxDataArray)
                  20000010    0000000c     (.common:bleRxDataArray)
                  2000001c    00000004     (.common:xAcc)
                  20000020    00000004     (.common:yAcc)
                  20000024    00000004     (.common:zAcc)
                  20000028    00000002     (.common:angle)
                  2000002a    00000002     (.common:checksum)
                  2000002c    00000002     (.common:height)
                  2000002e    00000002     (.common:signatureNumber)
                  20000030    00000002     (.common:width)
                  20000032    00000002     (.common:xCenter)
                  20000034    00000002     (.common:yCenter)
                  20000036    00000001     (.common:data)

.data      0    20000038    0000002c     UNINITIALIZED
                  20000038    00000010     main.obj (.data)
                  20000048    0000000c     rtsv7M4_T_le_v4SPD16_eabi.lib : exit.obj (.data:$O1$$)
                  20000054    00000008                                   : _lock.obj (.data:$O1$$)
                  2000005c    00000004                                   : stkdepth_vars.obj (.data)
                  20000060    00000004     system_msp432p401r.obj (.data)

.stack     0    2000fe00    00000200     UNINITIALIZED
                  2000fe00    00000200     --HOLE--

MODULE SUMMARY

       Module                        code   ro data   rw data
       ------                        ----   -------   -------
    ./
       main.obj                      2452   84        142    
       system_msp432p401r.obj        812    0         8      
       startup_msp432p401r_ccs.obj   14     228       0      
    +--+-----------------------------+------+---------+---------+
       Total:                        3278   312       150    
                                                             
    /Applications/ti/ccsv7/tools/compiler/ti-cgt-arm_17.3.0.STS/lib/rtsv7M4_T_le_v4SPD16_eabi.lib
       memcpy_t2.obj                 156    0         0      
       memset_t2.obj                 122    0         0      
       autoinit.obj                  112    0         0      
       exit.obj                      84     0         24     
       copy_decompress_lzss.obj      104    0         0      
       boot.obj                      84     0         0      
       cpy_tbl.obj                   76     0         0      
       _lock.obj                     20     0         16     
       args_main.obj                 24     0         0      
       copy_decompress_none.obj      14     0         0      
       copy_zero_init.obj            12     0         0      
       stkdepth_vars.obj             0      0         8      
       pre_init.obj                  4      0         0      
       mpu_init.obj                  2      0         0      
       startup.obj                   2      0         0      
    +--+-----------------------------+------+---------+---------+
       Total:                        816    0         48     
                                                             
       Stack:                        0      0         1024   
       Linker Generated:             0      63        0      
    +--+-----------------------------+------+---------+---------+
       Grand Total:                  4094   375       1222   


LINKER GENERATED COPY TABLES

__TI_cinit_table @ 00001168 records: 2, size/record: 8, table size: 16
	.data: load addr=00001138, load size=0000001b bytes, run addr=20000038, run size=0000002c bytes, compression=lzss
	.bss: load addr=00001160, load size=00000008 bytes, run addr=20000000, run size=00000037 bytes, compression=zero_init


LINKER GENERATED HANDLER TABLE

__TI_handler_table @ 00001154 records: 3, size/record: 4, table size: 12
	index: 0, handler: __TI_decompress_lzss
	index: 1, handler: __TI_decompress_none
	index: 2, handler: __TI_zero_init


GLOBAL SYMBOLS: SORTED ALPHABETICALLY BY Name 

address   name                           
-------   ----                           
000010cf  ADC14_IRQHandler               
000010cf  AES256_IRQHandler              
000010cf  BusFault_Handler               
00000fe9  C$$EXIT                        
000010cf  COMP_E0_IRQHandler             
000010cf  COMP_E1_IRQHandler             
000010cf  CS_IRQHandler                  
000010cf  DMA_ERR_IRQHandler             
000010cf  DMA_INT0_IRQHandler            
000010cf  DMA_INT1_IRQHandler            
000010cf  DMA_INT2_IRQHandler            
000010cf  DMA_INT3_IRQHandler            
000010cf  DebugMon_Handler               
000010cf  Default_Handler                
000010cf  EUSCIA0_IRQHandler             
00000321  EUSCIA1_IRQHandler             
00000321  EUSCIA1_IRQHandler             
000004fd  EUSCIA2_IRQHandler             
000004fd  EUSCIA2_IRQHandler             
000010cf  EUSCIA3_IRQHandler             
000010cf  EUSCIB0_IRQHandler             
000010cf  EUSCIB1_IRQHandler             
000010cf  EUSCIB2_IRQHandler             
000010cf  EUSCIB3_IRQHandler             
000010cf  FLCTL_IRQHandler               
000010cf  FPU_IRQHandler                 
000010cf  HardFault_Handler              
000010cf  MemManage_Handler              
000010cf  NMI_Handler                    
000010cf  PCM_IRQHandler                 
000010cf  PORT1_IRQHandler               
000010cf  PORT2_IRQHandler               
000010cf  PORT3_IRQHandler               
000010cf  PORT4_IRQHandler               
000010cf  PORT5_IRQHandler               
000010cf  PORT6_IRQHandler               
000010cf  PSS_IRQHandler                 
000010cf  PendSV_Handler                 
000010cf  RTC_C_IRQHandler               
000010c3  Reset_Handler                  
UNDEFED   SHT$$INIT_ARRAY$$Base          
UNDEFED   SHT$$INIT_ARRAY$$Limit         
000010cf  SVC_Handler                    
000010cf  SysTick_Handler                
20000060  SystemCoreClock                
00000a79  SystemCoreClockUpdate          
00000ced  SystemInit                     
000010cf  T32_INT1_IRQHandler            
000010cf  T32_INT2_IRQHandler            
000010cf  T32_INTC_IRQHandler            
000010cf  TA0_0_IRQHandler               
000010cf  TA0_N_IRQHandler               
000010cf  TA1_0_IRQHandler               
000010cf  TA1_N_IRQHandler               
000010cf  TA2_0_IRQHandler               
000010cf  TA2_N_IRQHandler               
000010cf  TA3_0_IRQHandler               
000010cf  TA3_N_IRQHandler               
000010cf  UsageFault_Handler             
4000480c  WDTCTL_SYM                     
000010cf  WDT_A_IRQHandler               
20010000  __STACK_END                    
00000200  __STACK_SIZE                   
00001168  __TI_CINIT_Base                
00001178  __TI_CINIT_Limit               
00001154  __TI_Handler_Table_Base        
00001160  __TI_Handler_Table_Limit       
00000ebd  __TI_auto_init                 
20000048  __TI_cleanup_ptr               
00000f2d  __TI_decompress_lzss           
000010b5  __TI_decompress_none           
2000004c  __TI_dtors_ptr                 
20000050  __TI_enable_exit_profile_output
ffffffff  __TI_pprof_out_hndl            
ffffffff  __TI_prof_data_size            
ffffffff  __TI_prof_data_start           
00000000  __TI_static_base__             
000010d1  __TI_zero_init                 
00000e41  __aeabi_memclr                 
00000e41  __aeabi_memclr4                
00000e41  __aeabi_memclr8                
00000da5  __aeabi_memcpy                 
00000da5  __aeabi_memcpy4                
00000da5  __aeabi_memcpy8                
00000e43  __aeabi_memset                 
00000e43  __aeabi_memset4                
00000e43  __aeabi_memset8                
ffffffff  __binit__                      
ffffffff  __c_args__                     
00000ebb  __mpu_init                     
2000fe00  __stack                        
00001089  _args_main                     
00000f95  _c_int00                       
20000054  _lock                          
000010af  _nop                           
000010a7  _register_lock                 
000010a1  _register_unlock               
000010e1  _system_post_cinit             
000010dd  _system_pre_init               
20000058  _unlock                        
00000fed  abort                          
20000028  angle                          
ffffffff  binit                          
2000003a  bleIndex                       
20000010  bleRxDataArray                 
2000002a  checksum                       
00001120  compareConfig                  
0000103d  copy_in                        
20000038  currentState                   
20000036  data                           
00000129  didReceiveSyncWords            
00000ff5  exit                           
2000002c  height                         
20000039  index                          
000000e5  initTimer                      
00000000  interruptVectors               
00000891  main                           
2000005c  main_func_sp                   
00000da5  memcpy                         
00000e49  memset                         
000001b1  moveCar                        
00001130  portMapping                    
20000000  rxDataArray                    
2000002e  signatureNumber                
000010e4  uartConfig                     
00001108  upConfig                       
20000030  width                          
2000003c  x                              
2000001c  xAcc                           
20000032  xCenter                        
20000040  y                              
20000020  yAcc                           
20000034  yCenter                        
20000044  z                              
20000024  zAcc                           


GLOBAL SYMBOLS: SORTED BY Symbol Address 

address   name                           
-------   ----                           
00000000  __TI_static_base__             
00000000  interruptVectors               
000000e5  initTimer                      
00000129  didReceiveSyncWords            
000001b1  moveCar                        
00000200  __STACK_SIZE                   
00000321  EUSCIA1_IRQHandler             
00000321  EUSCIA1_IRQHandler             
000004fd  EUSCIA2_IRQHandler             
000004fd  EUSCIA2_IRQHandler             
00000891  main                           
00000a79  SystemCoreClockUpdate          
00000ced  SystemInit                     
00000da5  __aeabi_memcpy                 
00000da5  __aeabi_memcpy4                
00000da5  __aeabi_memcpy8                
00000da5  memcpy                         
00000e41  __aeabi_memclr                 
00000e41  __aeabi_memclr4                
00000e41  __aeabi_memclr8                
00000e43  __aeabi_memset                 
00000e43  __aeabi_memset4                
00000e43  __aeabi_memset8                
00000e49  memset                         
00000ebb  __mpu_init                     
00000ebd  __TI_auto_init                 
00000f2d  __TI_decompress_lzss           
00000f95  _c_int00                       
00000fe9  C$$EXIT                        
00000fed  abort                          
00000ff5  exit                           
0000103d  copy_in                        
00001089  _args_main                     
000010a1  _register_unlock               
000010a7  _register_lock                 
000010af  _nop                           
000010b5  __TI_decompress_none           
000010c3  Reset_Handler                  
000010cf  ADC14_IRQHandler               
000010cf  AES256_IRQHandler              
000010cf  BusFault_Handler               
000010cf  COMP_E0_IRQHandler             
000010cf  COMP_E1_IRQHandler             
000010cf  CS_IRQHandler                  
000010cf  DMA_ERR_IRQHandler             
000010cf  DMA_INT0_IRQHandler            
000010cf  DMA_INT1_IRQHandler            
000010cf  DMA_INT2_IRQHandler            
000010cf  DMA_INT3_IRQHandler            
000010cf  DebugMon_Handler               
000010cf  Default_Handler                
000010cf  EUSCIA0_IRQHandler             
000010cf  EUSCIA3_IRQHandler             
000010cf  EUSCIB0_IRQHandler             
000010cf  EUSCIB1_IRQHandler             
000010cf  EUSCIB2_IRQHandler             
000010cf  EUSCIB3_IRQHandler             
000010cf  FLCTL_IRQHandler               
000010cf  FPU_IRQHandler                 
000010cf  HardFault_Handler              
000010cf  MemManage_Handler              
000010cf  NMI_Handler                    
000010cf  PCM_IRQHandler                 
000010cf  PORT1_IRQHandler               
000010cf  PORT2_IRQHandler               
000010cf  PORT3_IRQHandler               
000010cf  PORT4_IRQHandler               
000010cf  PORT5_IRQHandler               
000010cf  PORT6_IRQHandler               
000010cf  PSS_IRQHandler                 
000010cf  PendSV_Handler                 
000010cf  RTC_C_IRQHandler               
000010cf  SVC_Handler                    
000010cf  SysTick_Handler                
000010cf  T32_INT1_IRQHandler            
000010cf  T32_INT2_IRQHandler            
000010cf  T32_INTC_IRQHandler            
000010cf  TA0_0_IRQHandler               
000010cf  TA0_N_IRQHandler               
000010cf  TA1_0_IRQHandler               
000010cf  TA1_N_IRQHandler               
000010cf  TA2_0_IRQHandler               
000010cf  TA2_N_IRQHandler               
000010cf  TA3_0_IRQHandler               
000010cf  TA3_N_IRQHandler               
000010cf  UsageFault_Handler             
000010cf  WDT_A_IRQHandler               
000010d1  __TI_zero_init                 
000010dd  _system_pre_init               
000010e1  _system_post_cinit             
000010e4  uartConfig                     
00001108  upConfig                       
00001120  compareConfig                  
00001130  portMapping                    
00001154  __TI_Handler_Table_Base        
00001160  __TI_Handler_Table_Limit       
00001168  __TI_CINIT_Base                
00001178  __TI_CINIT_Limit               
20000000  rxDataArray                    
20000010  bleRxDataArray                 
2000001c  xAcc                           
20000020  yAcc                           
20000024  zAcc                           
20000028  angle                          
2000002a  checksum                       
2000002c  height                         
2000002e  signatureNumber                
20000030  width                          
20000032  xCenter                        
20000034  yCenter                        
20000036  data                           
20000038  currentState                   
20000039  index                          
2000003a  bleIndex                       
2000003c  x                              
20000040  y                              
20000044  z                              
20000048  __TI_cleanup_ptr               
2000004c  __TI_dtors_ptr                 
20000050  __TI_enable_exit_profile_output
20000054  _lock                          
20000058  _unlock                        
2000005c  main_func_sp                   
20000060  SystemCoreClock                
2000fe00  __stack                        
20010000  __STACK_END                    
4000480c  WDTCTL_SYM                     
ffffffff  __TI_pprof_out_hndl            
ffffffff  __TI_prof_data_size            
ffffffff  __TI_prof_data_start           
ffffffff  __binit__                      
ffffffff  __c_args__                     
ffffffff  binit                          
UNDEFED   SHT$$INIT_ARRAY$$Base          
UNDEFED   SHT$$INIT_ARRAY$$Limit         

[135 symbols]
