******************************************************************************
                  TI ARM Linker Unix v17.3.0                   
******************************************************************************
>> Linked Fri Apr 28 19:22:32 2017

OUTPUT FILE NAME:   <pixyUart.out>
ENTRY POINT SYMBOL: "_c_int00"  address: 00000c99


MEMORY CONFIGURATION

         name            origin    length      used     unused   attr    fill
----------------------  --------  ---------  --------  --------  ----  --------
  MAIN                  00000000   00040000  00000e7a  0003f186  R  X
  INFO                  00200000   00004000  00000000  00004000  R  X
  SRAM_CODE             01000000   00010000  00000257  0000fda9  RW X
  SRAM_DATA             20000000   00010000  00000257  0000fda9  RW  


SEGMENT ALLOCATION MAP

run origin  load origin   length   init length attrs members
----------  ----------- ---------- ----------- ----- -------
00000000    00000000    00000e80   00000e80    r-x
  00000000    00000000    000000e4   000000e4    r-- .intvecs
  000000e4    000000e4    00000d02   00000d02    r-x .text
  00000de8    00000de8    00000054   00000054    r-- .const
  00000e40    00000e40    00000040   00000040    r-- .cinit
20000000    20000000    00000057   00000000    rw-
  20000000    20000000    0000002c   00000000    rw- .data
  2000002c    2000002c    0000002b   00000000    rw- .bss
2000fe00    2000fe00    00000200   00000000    rw-
  2000fe00    2000fe00    00000200   00000000    rw- .stack


SECTION ALLOCATION MAP

 output                                  attributes/
section   page    origin      length       input sections
--------  ----  ----------  ----------   ----------------
.intvecs   0    00000000    000000e4     
                  00000000    000000e4     startup_msp432p401r_ccs.obj (.intvecs:retain)

.text      0    000000e4    00000d02     
                  000000e4    00000698     main.obj (.text)
                  0000077c    0000032c     system_msp432p401r.obj (.text)
                  00000aa8    0000009c     rtsv7M4_T_le_v4SPD16_eabi.lib : memcpy_t2.obj (.text)
                  00000b44    0000007a                                   : memset_t2.obj (.text)
                  00000bbe    00000002                                   : mpu_init.obj (.text)
                  00000bc0    00000070                                   : autoinit.obj (.text)
                  00000c30    00000068                                   : copy_decompress_lzss.obj (.text:decompress:lzss)
                  00000c98    00000054                                   : boot.obj (.text)
                  00000cec    00000054                                   : exit.obj (.text)
                  00000d40    0000004c                                   : cpy_tbl.obj (.text)
                  00000d8c    00000018                                   : args_main.obj (.text)
                  00000da4    00000014                                   : _lock.obj (.text)
                  00000db8    0000000e                                   : copy_decompress_none.obj (.text:decompress:none)
                  00000dc6    0000000e     startup_msp432p401r_ccs.obj (.text)
                  00000dd4    0000000c     rtsv7M4_T_le_v4SPD16_eabi.lib : copy_zero_init.obj (.text:decompress:ZI)
                  00000de0    00000004                                   : pre_init.obj (.text)
                  00000de4    00000002                                   : startup.obj (.text)

.const     0    00000de8    00000054     
                  00000de8    00000024     main.obj (.const:uartConfig)
                  00000e0c    00000018     main.obj (.const:upConfig)
                  00000e24    00000010     main.obj (.const:compareConfig)
                  00000e34    00000008     main.obj (.const:.string:portMapping)

.cinit     0    00000e40    00000040     
                  00000e40    0000001b     (.cinit..data.load) [load image, compression = lzss]
                  00000e5b    00000001     --HOLE-- [fill = 0]
                  00000e5c    0000000c     (__TI_handler_table)
                  00000e68    00000008     (.cinit..bss.load) [load image, compression = zero_init]
                  00000e70    00000010     (__TI_cinit_table)

.init_array 
*          0    00000000    00000000     UNINITIALIZED

.binit     0    00000000    00000000     

.data      0    20000000    0000002c     UNINITIALIZED
                  20000000    00000010     main.obj (.data)
                  20000010    0000000c     rtsv7M4_T_le_v4SPD16_eabi.lib : exit.obj (.data:$O1$$)
                  2000001c    00000008                                   : _lock.obj (.data:$O1$$)
                  20000024    00000004                                   : stkdepth_vars.obj (.data)
                  20000028    00000004     system_msp432p401r.obj (.data)

.bss       0    2000002c    0000002b     UNINITIALIZED
                  2000002c    00000010     (.common:rxDataArray)
                  2000003c    00000004     (.common:xAcc)
                  20000040    00000004     (.common:yAcc)
                  20000044    00000004     (.common:zAcc)
                  20000048    00000002     (.common:angle)
                  2000004a    00000002     (.common:checksum)
                  2000004c    00000002     (.common:height)
                  2000004e    00000002     (.common:signatureNumber)
                  20000050    00000002     (.common:width)
                  20000052    00000002     (.common:xCenter)
                  20000054    00000002     (.common:yCenter)
                  20000056    00000001     (.common:data)

.stack     0    2000fe00    00000200     UNINITIALIZED
                  2000fe00    00000200     --HOLE--

MODULE SUMMARY

       Module                        code   ro data   rw data
       ------                        ----   -------   -------
    ./
       main.obj                      1688   84        118    
       system_msp432p401r.obj        812    0         8      
       startup_msp432p401r_ccs.obj   14     228       0      
    +--+-----------------------------+------+---------+---------+
       Total:                        2514   312       126    
                                                             
    /Applications/ti/ccsv7/tools/compiler/ti-cgt-arm_17.3.0.STS/lib/rtsv7M4_T_le_v4SPD16_eabi.lib
       memcpy_t2.obj                 156    0         0      
       memset_t2.obj                 122    0         0      
       autoinit.obj                  112    0         0      
       exit.obj                      84     0         24     
       copy_decompress_lzss.obj      104    0         0      
       boot.obj                      84     0         0      
       cpy_tbl.obj                   76     0         0      
       _lock.obj                     20     0         16     
       args_main.obj                 24     0         0      
       copy_decompress_none.obj      14     0         0      
       copy_zero_init.obj            12     0         0      
       stkdepth_vars.obj             0      0         8      
       pre_init.obj                  4      0         0      
       mpu_init.obj                  2      0         0      
       startup.obj                   2      0         0      
    +--+-----------------------------+------+---------+---------+
       Total:                        816    0         48     
                                                             
       Stack:                        0      0         1024   
       Linker Generated:             0      63        0      
    +--+-----------------------------+------+---------+---------+
       Grand Total:                  3330   375       1198   


LINKER GENERATED COPY TABLES

__TI_cinit_table @ 00000e70 records: 2, size/record: 8, table size: 16
	.data: load addr=00000e40, load size=0000001b bytes, run addr=20000000, run size=0000002c bytes, compression=lzss
	.bss: load addr=00000e68, load size=00000008 bytes, run addr=2000002c, run size=0000002b bytes, compression=zero_init


LINKER GENERATED HANDLER TABLE

__TI_handler_table @ 00000e5c records: 3, size/record: 4, table size: 12
	index: 0, handler: __TI_decompress_lzss
	index: 1, handler: __TI_decompress_none
	index: 2, handler: __TI_zero_init


GLOBAL SYMBOLS: SORTED ALPHABETICALLY BY Name 

address   name                           
-------   ----                           
00000dd3  ADC14_IRQHandler               
00000dd3  AES256_IRQHandler              
00000dd3  BusFault_Handler               
00000ced  C$$EXIT                        
00000dd3  COMP_E0_IRQHandler             
00000dd3  COMP_E1_IRQHandler             
00000dd3  CS_IRQHandler                  
00000dd3  DMA_ERR_IRQHandler             
00000dd3  DMA_INT0_IRQHandler            
00000dd3  DMA_INT1_IRQHandler            
00000dd3  DMA_INT2_IRQHandler            
00000dd3  DMA_INT3_IRQHandler            
00000dd3  DebugMon_Handler               
00000dd3  Default_Handler                
00000dd3  EUSCIA0_IRQHandler             
00000291  EUSCIA1_IRQHandler             
00000291  EUSCIA1_IRQHandler             
00000381  EUSCIA2_IRQHandler             
00000381  EUSCIA2_IRQHandler             
00000dd3  EUSCIA3_IRQHandler             
00000dd3  EUSCIB0_IRQHandler             
00000dd3  EUSCIB1_IRQHandler             
00000dd3  EUSCIB2_IRQHandler             
00000dd3  EUSCIB3_IRQHandler             
00000dd3  FLCTL_IRQHandler               
00000dd3  FPU_IRQHandler                 
00000dd3  HardFault_Handler              
00000dd3  MemManage_Handler              
00000dd3  NMI_Handler                    
00000dd3  PCM_IRQHandler                 
00000dd3  PORT1_IRQHandler               
00000dd3  PORT2_IRQHandler               
00000dd3  PORT3_IRQHandler               
00000dd3  PORT4_IRQHandler               
00000dd3  PORT5_IRQHandler               
00000dd3  PORT6_IRQHandler               
00000dd3  PSS_IRQHandler                 
00000dd3  PendSV_Handler                 
00000dd3  RTC_C_IRQHandler               
00000dc7  Reset_Handler                  
UNDEFED   SHT$$INIT_ARRAY$$Base          
UNDEFED   SHT$$INIT_ARRAY$$Limit         
00000dd3  SVC_Handler                    
00000dd3  SysTick_Handler                
20000028  SystemCoreClock                
0000077d  SystemCoreClockUpdate          
000009f1  SystemInit                     
00000dd3  T32_INT1_IRQHandler            
00000dd3  T32_INT2_IRQHandler            
00000dd3  T32_INTC_IRQHandler            
00000dd3  TA0_0_IRQHandler               
00000dd3  TA0_N_IRQHandler               
00000dd3  TA1_0_IRQHandler               
00000dd3  TA1_N_IRQHandler               
00000dd3  TA2_0_IRQHandler               
00000dd3  TA2_N_IRQHandler               
00000dd3  TA3_0_IRQHandler               
00000dd3  TA3_N_IRQHandler               
00000dd3  UsageFault_Handler             
4000480c  WDTCTL_SYM                     
00000dd3  WDT_A_IRQHandler               
20010000  __STACK_END                    
00000200  __STACK_SIZE                   
00000e70  __TI_CINIT_Base                
00000e80  __TI_CINIT_Limit               
00000e5c  __TI_Handler_Table_Base        
00000e68  __TI_Handler_Table_Limit       
00000bc1  __TI_auto_init                 
20000010  __TI_cleanup_ptr               
00000c31  __TI_decompress_lzss           
00000db9  __TI_decompress_none           
20000014  __TI_dtors_ptr                 
20000018  __TI_enable_exit_profile_output
ffffffff  __TI_pprof_out_hndl            
ffffffff  __TI_prof_data_size            
ffffffff  __TI_prof_data_start           
00000000  __TI_static_base__             
00000dd5  __TI_zero_init                 
00000b45  __aeabi_memclr                 
00000b45  __aeabi_memclr4                
00000b45  __aeabi_memclr8                
00000aa9  __aeabi_memcpy                 
00000aa9  __aeabi_memcpy4                
00000aa9  __aeabi_memcpy8                
00000b47  __aeabi_memset                 
00000b47  __aeabi_memset4                
00000b47  __aeabi_memset8                
ffffffff  __binit__                      
ffffffff  __c_args__                     
00000bbf  __mpu_init                     
2000fe00  __stack                        
00000d8d  _args_main                     
00000c99  _c_int00                       
2000001c  _lock                          
00000db3  _nop                           
00000dab  _register_lock                 
00000da5  _register_unlock               
00000de5  _system_post_cinit             
00000de1  _system_pre_init               
20000020  _unlock                        
00000cf1  abort                          
20000048  angle                          
ffffffff  binit                          
2000004a  checksum                       
00000e24  compareConfig                  
00000d41  copy_in                        
20000000  currentState                   
20000056  data                           
00000129  didReceiveSyncWords            
00000cf9  exit                           
2000004c  height                         
20000001  index                          
000000e5  initTimer                      
00000000  interruptVectors               
000005d9  main                           
20000024  main_func_sp                   
00000aa9  memcpy                         
00000b4d  memset                         
000001b1  moveCar                        
00000e34  portMapping                    
2000002c  rxDataArray                    
2000004e  signatureNumber                
00000de8  uartConfig                     
00000e0c  upConfig                       
20000050  width                          
20000004  x                              
2000003c  xAcc                           
20000052  xCenter                        
20000008  y                              
20000040  yAcc                           
20000054  yCenter                        
2000000c  z                              
20000044  zAcc                           


GLOBAL SYMBOLS: SORTED BY Symbol Address 

address   name                           
-------   ----                           
00000000  __TI_static_base__             
00000000  interruptVectors               
000000e5  initTimer                      
00000129  didReceiveSyncWords            
000001b1  moveCar                        
00000200  __STACK_SIZE                   
00000291  EUSCIA1_IRQHandler             
00000291  EUSCIA1_IRQHandler             
00000381  EUSCIA2_IRQHandler             
00000381  EUSCIA2_IRQHandler             
000005d9  main                           
0000077d  SystemCoreClockUpdate          
000009f1  SystemInit                     
00000aa9  __aeabi_memcpy                 
00000aa9  __aeabi_memcpy4                
00000aa9  __aeabi_memcpy8                
00000aa9  memcpy                         
00000b45  __aeabi_memclr                 
00000b45  __aeabi_memclr4                
00000b45  __aeabi_memclr8                
00000b47  __aeabi_memset                 
00000b47  __aeabi_memset4                
00000b47  __aeabi_memset8                
00000b4d  memset                         
00000bbf  __mpu_init                     
00000bc1  __TI_auto_init                 
00000c31  __TI_decompress_lzss           
00000c99  _c_int00                       
00000ced  C$$EXIT                        
00000cf1  abort                          
00000cf9  exit                           
00000d41  copy_in                        
00000d8d  _args_main                     
00000da5  _register_unlock               
00000dab  _register_lock                 
00000db3  _nop                           
00000db9  __TI_decompress_none           
00000dc7  Reset_Handler                  
00000dd3  ADC14_IRQHandler               
00000dd3  AES256_IRQHandler              
00000dd3  BusFault_Handler               
00000dd3  COMP_E0_IRQHandler             
00000dd3  COMP_E1_IRQHandler             
00000dd3  CS_IRQHandler                  
00000dd3  DMA_ERR_IRQHandler             
00000dd3  DMA_INT0_IRQHandler            
00000dd3  DMA_INT1_IRQHandler            
00000dd3  DMA_INT2_IRQHandler            
00000dd3  DMA_INT3_IRQHandler            
00000dd3  DebugMon_Handler               
00000dd3  Default_Handler                
00000dd3  EUSCIA0_IRQHandler             
00000dd3  EUSCIA3_IRQHandler             
00000dd3  EUSCIB0_IRQHandler             
00000dd3  EUSCIB1_IRQHandler             
00000dd3  EUSCIB2_IRQHandler             
00000dd3  EUSCIB3_IRQHandler             
00000dd3  FLCTL_IRQHandler               
00000dd3  FPU_IRQHandler                 
00000dd3  HardFault_Handler              
00000dd3  MemManage_Handler              
00000dd3  NMI_Handler                    
00000dd3  PCM_IRQHandler                 
00000dd3  PORT1_IRQHandler               
00000dd3  PORT2_IRQHandler               
00000dd3  PORT3_IRQHandler               
00000dd3  PORT4_IRQHandler               
00000dd3  PORT5_IRQHandler               
00000dd3  PORT6_IRQHandler               
00000dd3  PSS_IRQHandler                 
00000dd3  PendSV_Handler                 
00000dd3  RTC_C_IRQHandler               
00000dd3  SVC_Handler                    
00000dd3  SysTick_Handler                
00000dd3  T32_INT1_IRQHandler            
00000dd3  T32_INT2_IRQHandler            
00000dd3  T32_INTC_IRQHandler            
00000dd3  TA0_0_IRQHandler               
00000dd3  TA0_N_IRQHandler               
00000dd3  TA1_0_IRQHandler               
00000dd3  TA1_N_IRQHandler               
00000dd3  TA2_0_IRQHandler               
00000dd3  TA2_N_IRQHandler               
00000dd3  TA3_0_IRQHandler               
00000dd3  TA3_N_IRQHandler               
00000dd3  UsageFault_Handler             
00000dd3  WDT_A_IRQHandler               
00000dd5  __TI_zero_init                 
00000de1  _system_pre_init               
00000de5  _system_post_cinit             
00000de8  uartConfig                     
00000e0c  upConfig                       
00000e24  compareConfig                  
00000e34  portMapping                    
00000e5c  __TI_Handler_Table_Base        
00000e68  __TI_Handler_Table_Limit       
00000e70  __TI_CINIT_Base                
00000e80  __TI_CINIT_Limit               
20000000  currentState                   
20000001  index                          
20000004  x                              
20000008  y                              
2000000c  z                              
20000010  __TI_cleanup_ptr               
20000014  __TI_dtors_ptr                 
20000018  __TI_enable_exit_profile_output
2000001c  _lock                          
20000020  _unlock                        
20000024  main_func_sp                   
20000028  SystemCoreClock                
2000002c  rxDataArray                    
2000003c  xAcc                           
20000040  yAcc                           
20000044  zAcc                           
20000048  angle                          
2000004a  checksum                       
2000004c  height                         
2000004e  signatureNumber                
20000050  width                          
20000052  xCenter                        
20000054  yCenter                        
20000056  data                           
2000fe00  __stack                        
20010000  __STACK_END                    
4000480c  WDTCTL_SYM                     
ffffffff  __TI_pprof_out_hndl            
ffffffff  __TI_prof_data_size            
ffffffff  __TI_prof_data_start           
ffffffff  __binit__                      
ffffffff  __c_args__                     
ffffffff  binit                          
UNDEFED   SHT$$INIT_ARRAY$$Base          
UNDEFED   SHT$$INIT_ARRAY$$Limit         

[133 symbols]
