******************************************************************************
                  TI ARM Linker Unix v17.3.0                   
******************************************************************************
>> Linked Tue May  2 00:31:45 2017

OUTPUT FILE NAME:   <pixyUart.out>
ENTRY POINT SYMBOL: "_c_int00"  address: 00000ec1


MEMORY CONFIGURATION

         name            origin    length      used     unused   attr    fill
----------------------  --------  ---------  --------  --------  ----  --------
  MAIN                  00000000   00040000  000010a2  0003ef5e  R  X
  INFO                  00200000   00004000  00000000  00004000  R  X
  SRAM_CODE             01000000   00010000  00000263  0000fd9d  RW X
  SRAM_DATA             20000000   00010000  00000263  0000fd9d  RW  


SEGMENT ALLOCATION MAP

run origin  load origin   length   init length attrs members
----------  ----------- ---------- ----------- ----- -------
00000000    00000000    000010a8   000010a8    r-x
  00000000    00000000    000000e4   000000e4    r-- .intvecs
  000000e4    000000e4    00000f2a   00000f2a    r-x .text
  00001010    00001010    00000054   00000054    r-- .const
  00001068    00001068    00000040   00000040    r-- .cinit
20000000    20000000    00000064   00000000    rw-
  20000000    20000000    00000037   00000000    rw- .bss
  20000038    20000038    0000002c   00000000    rw- .data
2000fe00    2000fe00    00000200   00000000    rw-
  2000fe00    2000fe00    00000200   00000000    rw- .stack


SECTION ALLOCATION MAP

 output                                  attributes/
section   page    origin      length       input sections
--------  ----  ----------  ----------   ----------------
.intvecs   0    00000000    000000e4     
                  00000000    000000e4     startup_msp432p401r_ccs.obj (.intvecs:retain)

.text      0    000000e4    00000f2a     
                  000000e4    000008c0     main.obj (.text)
                  000009a4    0000032c     system_msp432p401r.obj (.text)
                  00000cd0    0000009c     rtsv7M4_T_le_v4SPD16_eabi.lib : memcpy_t2.obj (.text)
                  00000d6c    0000007a                                   : memset_t2.obj (.text)
                  00000de6    00000002                                   : mpu_init.obj (.text)
                  00000de8    00000070                                   : autoinit.obj (.text)
                  00000e58    00000068                                   : copy_decompress_lzss.obj (.text:decompress:lzss)
                  00000ec0    00000054                                   : boot.obj (.text)
                  00000f14    00000054                                   : exit.obj (.text)
                  00000f68    0000004c                                   : cpy_tbl.obj (.text)
                  00000fb4    00000018                                   : args_main.obj (.text)
                  00000fcc    00000014                                   : _lock.obj (.text)
                  00000fe0    0000000e                                   : copy_decompress_none.obj (.text:decompress:none)
                  00000fee    0000000e     startup_msp432p401r_ccs.obj (.text)
                  00000ffc    0000000c     rtsv7M4_T_le_v4SPD16_eabi.lib : copy_zero_init.obj (.text:decompress:ZI)
                  00001008    00000004                                   : pre_init.obj (.text)
                  0000100c    00000002                                   : startup.obj (.text)

.const     0    00001010    00000054     
                  00001010    00000024     main.obj (.const:uartConfig)
                  00001034    00000018     main.obj (.const:upConfig)
                  0000104c    00000010     main.obj (.const:compareConfig)
                  0000105c    00000008     main.obj (.const:.string:portMapping)

.cinit     0    00001068    00000040     
                  00001068    00000017     (.cinit..data.load) [load image, compression = lzss]
                  0000107f    00000001     --HOLE-- [fill = 0]
                  00001080    0000000c     (__TI_handler_table)
                  0000108c    00000004     --HOLE-- [fill = 0]
                  00001090    00000008     (.cinit..bss.load) [load image, compression = zero_init]
                  00001098    00000010     (__TI_cinit_table)

.init_array 
*          0    00000000    00000000     UNINITIALIZED

.binit     0    00000000    00000000     

.bss       0    20000000    00000037     UNINITIALIZED
                  20000000    00000010     (.common:rxDataArray)
                  20000010    0000000c     (.common:bleRxDataArray)
                  2000001c    00000004     (.common:xAcc)
                  20000020    00000004     (.common:yAcc)
                  20000024    00000004     (.common:zAcc)
                  20000028    00000002     (.common:angle)
                  2000002a    00000002     (.common:checksum)
                  2000002c    00000002     (.common:height)
                  2000002e    00000002     (.common:signatureNumber)
                  20000030    00000002     (.common:width)
                  20000032    00000002     (.common:xCenter)
                  20000034    00000002     (.common:yCenter)
                  20000036    00000001     (.common:data)

.data      0    20000038    0000002c     UNINITIALIZED
                  20000038    00000010     main.obj (.data)
                  20000048    0000000c     rtsv7M4_T_le_v4SPD16_eabi.lib : exit.obj (.data:$O1$$)
                  20000054    00000008                                   : _lock.obj (.data:$O1$$)
                  2000005c    00000004                                   : stkdepth_vars.obj (.data)
                  20000060    00000004     system_msp432p401r.obj (.data)

.stack     0    2000fe00    00000200     UNINITIALIZED
                  2000fe00    00000200     --HOLE--

MODULE SUMMARY

       Module                        code   ro data   rw data
       ------                        ----   -------   -------
    ./
       main.obj                      2240   84        142    
       system_msp432p401r.obj        812    0         8      
       startup_msp432p401r_ccs.obj   14     228       0      
    +--+-----------------------------+------+---------+---------+
       Total:                        3066   312       150    
                                                             
    /Applications/ti/ccsv7/tools/compiler/ti-cgt-arm_17.3.0.STS/lib/rtsv7M4_T_le_v4SPD16_eabi.lib
       memcpy_t2.obj                 156    0         0      
       memset_t2.obj                 122    0         0      
       autoinit.obj                  112    0         0      
       exit.obj                      84     0         24     
       copy_decompress_lzss.obj      104    0         0      
       boot.obj                      84     0         0      
       cpy_tbl.obj                   76     0         0      
       _lock.obj                     20     0         16     
       args_main.obj                 24     0         0      
       copy_decompress_none.obj      14     0         0      
       copy_zero_init.obj            12     0         0      
       stkdepth_vars.obj             0      0         8      
       pre_init.obj                  4      0         0      
       mpu_init.obj                  2      0         0      
       startup.obj                   2      0         0      
    +--+-----------------------------+------+---------+---------+
       Total:                        816    0         48     
                                                             
       Stack:                        0      0         1024   
       Linker Generated:             0      59        0      
    +--+-----------------------------+------+---------+---------+
       Grand Total:                  3882   371       1222   


LINKER GENERATED COPY TABLES

__TI_cinit_table @ 00001098 records: 2, size/record: 8, table size: 16
	.data: load addr=00001068, load size=00000017 bytes, run addr=20000038, run size=0000002c bytes, compression=lzss
	.bss: load addr=00001090, load size=00000008 bytes, run addr=20000000, run size=00000037 bytes, compression=zero_init


LINKER GENERATED HANDLER TABLE

__TI_handler_table @ 00001080 records: 3, size/record: 4, table size: 12
	index: 0, handler: __TI_decompress_lzss
	index: 1, handler: __TI_decompress_none
	index: 2, handler: __TI_zero_init


GLOBAL SYMBOLS: SORTED ALPHABETICALLY BY Name 

address   name                           
-------   ----                           
00000ffb  ADC14_IRQHandler               
00000ffb  AES256_IRQHandler              
00000ffb  BusFault_Handler               
00000f15  C$$EXIT                        
00000ffb  COMP_E0_IRQHandler             
00000ffb  COMP_E1_IRQHandler             
00000ffb  CS_IRQHandler                  
00000ffb  DMA_ERR_IRQHandler             
00000ffb  DMA_INT0_IRQHandler            
00000ffb  DMA_INT1_IRQHandler            
00000ffb  DMA_INT2_IRQHandler            
00000ffb  DMA_INT3_IRQHandler            
00000ffb  DebugMon_Handler               
00000ffb  Default_Handler                
00000ffb  EUSCIA0_IRQHandler             
0000031d  EUSCIA1_IRQHandler             
0000031d  EUSCIA1_IRQHandler             
00000461  EUSCIA2_IRQHandler             
00000461  EUSCIA2_IRQHandler             
00000ffb  EUSCIA3_IRQHandler             
00000ffb  EUSCIB0_IRQHandler             
00000ffb  EUSCIB1_IRQHandler             
00000ffb  EUSCIB2_IRQHandler             
00000ffb  EUSCIB3_IRQHandler             
00000ffb  FLCTL_IRQHandler               
00000ffb  FPU_IRQHandler                 
00000ffb  HardFault_Handler              
00000ffb  MemManage_Handler              
00000ffb  NMI_Handler                    
00000ffb  PCM_IRQHandler                 
00000ffb  PORT1_IRQHandler               
00000ffb  PORT2_IRQHandler               
00000ffb  PORT3_IRQHandler               
00000ffb  PORT4_IRQHandler               
00000ffb  PORT5_IRQHandler               
00000ffb  PORT6_IRQHandler               
00000ffb  PSS_IRQHandler                 
00000ffb  PendSV_Handler                 
00000ffb  RTC_C_IRQHandler               
00000fef  Reset_Handler                  
UNDEFED   SHT$$INIT_ARRAY$$Base          
UNDEFED   SHT$$INIT_ARRAY$$Limit         
00000ffb  SVC_Handler                    
00000ffb  SysTick_Handler                
20000060  SystemCoreClock                
000009a5  SystemCoreClockUpdate          
00000c19  SystemInit                     
00000ffb  T32_INT1_IRQHandler            
00000ffb  T32_INT2_IRQHandler            
00000ffb  T32_INTC_IRQHandler            
00000ffb  TA0_0_IRQHandler               
00000ffb  TA0_N_IRQHandler               
00000ffb  TA1_0_IRQHandler               
00000ffb  TA1_N_IRQHandler               
00000ffb  TA2_0_IRQHandler               
00000ffb  TA2_N_IRQHandler               
00000ffb  TA3_0_IRQHandler               
00000ffb  TA3_N_IRQHandler               
00000ffb  UsageFault_Handler             
4000480c  WDTCTL_SYM                     
00000ffb  WDT_A_IRQHandler               
20010000  __STACK_END                    
00000200  __STACK_SIZE                   
00001098  __TI_CINIT_Base                
000010a8  __TI_CINIT_Limit               
00001080  __TI_Handler_Table_Base        
0000108c  __TI_Handler_Table_Limit       
00000de9  __TI_auto_init                 
20000048  __TI_cleanup_ptr               
00000e59  __TI_decompress_lzss           
00000fe1  __TI_decompress_none           
2000004c  __TI_dtors_ptr                 
20000050  __TI_enable_exit_profile_output
ffffffff  __TI_pprof_out_hndl            
ffffffff  __TI_prof_data_size            
ffffffff  __TI_prof_data_start           
00000000  __TI_static_base__             
00000ffd  __TI_zero_init                 
00000d6d  __aeabi_memclr                 
00000d6d  __aeabi_memclr4                
00000d6d  __aeabi_memclr8                
00000cd1  __aeabi_memcpy                 
00000cd1  __aeabi_memcpy4                
00000cd1  __aeabi_memcpy8                
00000d6f  __aeabi_memset                 
00000d6f  __aeabi_memset4                
00000d6f  __aeabi_memset8                
ffffffff  __binit__                      
ffffffff  __c_args__                     
00000de7  __mpu_init                     
2000fe00  __stack                        
00000fb5  _args_main                     
00000ec1  _c_int00                       
20000054  _lock                          
00000fdb  _nop                           
00000fd3  _register_lock                 
00000fcd  _register_unlock               
0000100d  _system_post_cinit             
00001009  _system_pre_init               
20000058  _unlock                        
00000f19  abort                          
20000028  angle                          
ffffffff  binit                          
2000003b  bleIndex                       
20000010  bleRxDataArray                 
2000002a  checksum                       
0000104c  compareConfig                  
00000f69  copy_in                        
20000039  currentState                   
20000036  data                           
00000129  didReceiveSyncWords            
00000f21  exit                           
2000002c  height                         
2000003a  index                          
000000e5  initTimer                      
00000000  interruptVectors               
000007d9  main                           
2000005c  main_func_sp                   
00000cd1  memcpy                         
00000d75  memset                         
20000038  mode                           
000001b1  moveCar                        
0000105c  portMapping                    
20000000  rxDataArray                    
2000002e  signatureNumber                
00001010  uartConfig                     
00001034  upConfig                       
20000030  width                          
2000003c  x                              
2000001c  xAcc                           
20000032  xCenter                        
20000040  y                              
20000020  yAcc                           
20000034  yCenter                        
20000044  z                              
20000024  zAcc                           


GLOBAL SYMBOLS: SORTED BY Symbol Address 

address   name                           
-------   ----                           
00000000  __TI_static_base__             
00000000  interruptVectors               
000000e5  initTimer                      
00000129  didReceiveSyncWords            
000001b1  moveCar                        
00000200  __STACK_SIZE                   
0000031d  EUSCIA1_IRQHandler             
0000031d  EUSCIA1_IRQHandler             
00000461  EUSCIA2_IRQHandler             
00000461  EUSCIA2_IRQHandler             
000007d9  main                           
000009a5  SystemCoreClockUpdate          
00000c19  SystemInit                     
00000cd1  __aeabi_memcpy                 
00000cd1  __aeabi_memcpy4                
00000cd1  __aeabi_memcpy8                
00000cd1  memcpy                         
00000d6d  __aeabi_memclr                 
00000d6d  __aeabi_memclr4                
00000d6d  __aeabi_memclr8                
00000d6f  __aeabi_memset                 
00000d6f  __aeabi_memset4                
00000d6f  __aeabi_memset8                
00000d75  memset                         
00000de7  __mpu_init                     
00000de9  __TI_auto_init                 
00000e59  __TI_decompress_lzss           
00000ec1  _c_int00                       
00000f15  C$$EXIT                        
00000f19  abort                          
00000f21  exit                           
00000f69  copy_in                        
00000fb5  _args_main                     
00000fcd  _register_unlock               
00000fd3  _register_lock                 
00000fdb  _nop                           
00000fe1  __TI_decompress_none           
00000fef  Reset_Handler                  
00000ffb  ADC14_IRQHandler               
00000ffb  AES256_IRQHandler              
00000ffb  BusFault_Handler               
00000ffb  COMP_E0_IRQHandler             
00000ffb  COMP_E1_IRQHandler             
00000ffb  CS_IRQHandler                  
00000ffb  DMA_ERR_IRQHandler             
00000ffb  DMA_INT0_IRQHandler            
00000ffb  DMA_INT1_IRQHandler            
00000ffb  DMA_INT2_IRQHandler            
00000ffb  DMA_INT3_IRQHandler            
00000ffb  DebugMon_Handler               
00000ffb  Default_Handler                
00000ffb  EUSCIA0_IRQHandler             
00000ffb  EUSCIA3_IRQHandler             
00000ffb  EUSCIB0_IRQHandler             
00000ffb  EUSCIB1_IRQHandler             
00000ffb  EUSCIB2_IRQHandler             
00000ffb  EUSCIB3_IRQHandler             
00000ffb  FLCTL_IRQHandler               
00000ffb  FPU_IRQHandler                 
00000ffb  HardFault_Handler              
00000ffb  MemManage_Handler              
00000ffb  NMI_Handler                    
00000ffb  PCM_IRQHandler                 
00000ffb  PORT1_IRQHandler               
00000ffb  PORT2_IRQHandler               
00000ffb  PORT3_IRQHandler               
00000ffb  PORT4_IRQHandler               
00000ffb  PORT5_IRQHandler               
00000ffb  PORT6_IRQHandler               
00000ffb  PSS_IRQHandler                 
00000ffb  PendSV_Handler                 
00000ffb  RTC_C_IRQHandler               
00000ffb  SVC_Handler                    
00000ffb  SysTick_Handler                
00000ffb  T32_INT1_IRQHandler            
00000ffb  T32_INT2_IRQHandler            
00000ffb  T32_INTC_IRQHandler            
00000ffb  TA0_0_IRQHandler               
00000ffb  TA0_N_IRQHandler               
00000ffb  TA1_0_IRQHandler               
00000ffb  TA1_N_IRQHandler               
00000ffb  TA2_0_IRQHandler               
00000ffb  TA2_N_IRQHandler               
00000ffb  TA3_0_IRQHandler               
00000ffb  TA3_N_IRQHandler               
00000ffb  UsageFault_Handler             
00000ffb  WDT_A_IRQHandler               
00000ffd  __TI_zero_init                 
00001009  _system_pre_init               
0000100d  _system_post_cinit             
00001010  uartConfig                     
00001034  upConfig                       
0000104c  compareConfig                  
0000105c  portMapping                    
00001080  __TI_Handler_Table_Base        
0000108c  __TI_Handler_Table_Limit       
00001098  __TI_CINIT_Base                
000010a8  __TI_CINIT_Limit               
20000000  rxDataArray                    
20000010  bleRxDataArray                 
2000001c  xAcc                           
20000020  yAcc                           
20000024  zAcc                           
20000028  angle                          
2000002a  checksum                       
2000002c  height                         
2000002e  signatureNumber                
20000030  width                          
20000032  xCenter                        
20000034  yCenter                        
20000036  data                           
20000038  mode                           
20000039  currentState                   
2000003a  index                          
2000003b  bleIndex                       
2000003c  x                              
20000040  y                              
20000044  z                              
20000048  __TI_cleanup_ptr               
2000004c  __TI_dtors_ptr                 
20000050  __TI_enable_exit_profile_output
20000054  _lock                          
20000058  _unlock                        
2000005c  main_func_sp                   
20000060  SystemCoreClock                
2000fe00  __stack                        
20010000  __STACK_END                    
4000480c  WDTCTL_SYM                     
ffffffff  __TI_pprof_out_hndl            
ffffffff  __TI_prof_data_size            
ffffffff  __TI_prof_data_start           
ffffffff  __binit__                      
ffffffff  __c_args__                     
ffffffff  binit                          
UNDEFED   SHT$$INIT_ARRAY$$Base          
UNDEFED   SHT$$INIT_ARRAY$$Limit         

[136 symbols]
