<?xml version="1.0"?>
<link_info>
   <banner>TI ARM Linker Unix v17.3.0.STS</banner>
   <copyright>Copyright (c) 1996-2017 Texas Instruments Incorporated</copyright>
   <link_time>0x59018f98</link_time>
   <link_errors>0x0</link_errors>
   <output_file>pixyUart.out</output_file>
   <entry_point>
      <name>_c_int00</name>
      <address>0x34d9</address>
   </entry_point>
   <input_file_list>
      <input_file id="fl-2">
         <path>./</path>
         <kind>object</kind>
         <file>main.obj</file>
         <name>main.obj</name>
      </input_file>
      <input_file id="fl-3">
         <path>./</path>
         <kind>object</kind>
         <file>startup_msp432p401r_ccs.obj</file>
         <name>startup_msp432p401r_ccs.obj</name>
      </input_file>
      <input_file id="fl-4">
         <path>./</path>
         <kind>object</kind>
         <file>system_msp432p401r.obj</file>
         <name>system_msp432p401r.obj</name>
      </input_file>
      <input_file id="fl-8">
         <kind>object</kind>
         <file>&lt;internal&gt;</file>
         <name>&lt;internal&gt;</name>
      </input_file>
      <input_file id="fl-be">
         <path>/Applications/ti/ccsv7/tools/compiler/ti-cgt-arm_17.3.0.STS/lib/</path>
         <kind>archive</kind>
         <file>rtsv7M4_T_le_v4SPD16_eabi.lib</file>
         <name>boot.obj</name>
      </input_file>
      <input_file id="fl-bf">
         <path>/Applications/ti/ccsv7/tools/compiler/ti-cgt-arm_17.3.0.STS/lib/</path>
         <kind>archive</kind>
         <file>rtsv7M4_T_le_v4SPD16_eabi.lib</file>
         <name>copy_decompress_lzss.obj</name>
      </input_file>
      <input_file id="fl-c0">
         <path>/Applications/ti/ccsv7/tools/compiler/ti-cgt-arm_17.3.0.STS/lib/</path>
         <kind>archive</kind>
         <file>rtsv7M4_T_le_v4SPD16_eabi.lib</file>
         <name>copy_decompress_none.obj</name>
      </input_file>
      <input_file id="fl-c1">
         <path>/Applications/ti/ccsv7/tools/compiler/ti-cgt-arm_17.3.0.STS/lib/</path>
         <kind>archive</kind>
         <file>rtsv7M4_T_le_v4SPD16_eabi.lib</file>
         <name>copy_zero_init.obj</name>
      </input_file>
      <input_file id="fl-c2">
         <path>/Applications/ti/ccsv7/tools/compiler/ti-cgt-arm_17.3.0.STS/lib/</path>
         <kind>archive</kind>
         <file>rtsv7M4_T_le_v4SPD16_eabi.lib</file>
         <name>exit.obj</name>
      </input_file>
      <input_file id="fl-c3">
         <path>/Applications/ti/ccsv7/tools/compiler/ti-cgt-arm_17.3.0.STS/lib/</path>
         <kind>archive</kind>
         <file>rtsv7M4_T_le_v4SPD16_eabi.lib</file>
         <name>memcpy_t2.obj</name>
      </input_file>
      <input_file id="fl-c4">
         <path>/Applications/ti/ccsv7/tools/compiler/ti-cgt-arm_17.3.0.STS/lib/</path>
         <kind>archive</kind>
         <file>rtsv7M4_T_le_v4SPD16_eabi.lib</file>
         <name>memset_t2.obj</name>
      </input_file>
      <input_file id="fl-c5">
         <path>/Applications/ti/ccsv7/tools/compiler/ti-cgt-arm_17.3.0.STS/lib/</path>
         <kind>archive</kind>
         <file>rtsv7M4_T_le_v4SPD16_eabi.lib</file>
         <name>mpu_init.obj</name>
      </input_file>
      <input_file id="fl-c6">
         <path>/Applications/ti/ccsv7/tools/compiler/ti-cgt-arm_17.3.0.STS/lib/</path>
         <kind>archive</kind>
         <file>rtsv7M4_T_le_v4SPD16_eabi.lib</file>
         <name>pre_init.obj</name>
      </input_file>
      <input_file id="fl-c7">
         <path>/Applications/ti/ccsv7/tools/compiler/ti-cgt-arm_17.3.0.STS/lib/</path>
         <kind>archive</kind>
         <file>rtsv7M4_T_le_v4SPD16_eabi.lib</file>
         <name>printf.obj</name>
      </input_file>
      <input_file id="fl-c8">
         <path>/Applications/ti/ccsv7/tools/compiler/ti-cgt-arm_17.3.0.STS/lib/</path>
         <kind>archive</kind>
         <file>rtsv7M4_T_le_v4SPD16_eabi.lib</file>
         <name>stkdepth_vars.obj</name>
      </input_file>
      <input_file id="fl-c9">
         <path>/Applications/ti/ccsv7/tools/compiler/ti-cgt-arm_17.3.0.STS/lib/</path>
         <kind>archive</kind>
         <file>rtsv7M4_T_le_v4SPD16_eabi.lib</file>
         <name>_lock.obj</name>
      </input_file>
      <input_file id="fl-ca">
         <path>/Applications/ti/ccsv7/tools/compiler/ti-cgt-arm_17.3.0.STS/lib/</path>
         <kind>archive</kind>
         <file>rtsv7M4_T_le_v4SPD16_eabi.lib</file>
         <name>_printfi.obj</name>
      </input_file>
      <input_file id="fl-cb">
         <path>/Applications/ti/ccsv7/tools/compiler/ti-cgt-arm_17.3.0.STS/lib/</path>
         <kind>archive</kind>
         <file>rtsv7M4_T_le_v4SPD16_eabi.lib</file>
         <name>args_main.obj</name>
      </input_file>
      <input_file id="fl-cc">
         <path>/Applications/ti/ccsv7/tools/compiler/ti-cgt-arm_17.3.0.STS/lib/</path>
         <kind>archive</kind>
         <file>rtsv7M4_T_le_v4SPD16_eabi.lib</file>
         <name>atoi.obj</name>
      </input_file>
      <input_file id="fl-cd">
         <path>/Applications/ti/ccsv7/tools/compiler/ti-cgt-arm_17.3.0.STS/lib/</path>
         <kind>archive</kind>
         <file>rtsv7M4_T_le_v4SPD16_eabi.lib</file>
         <name>autoinit.obj</name>
      </input_file>
      <input_file id="fl-ce">
         <path>/Applications/ti/ccsv7/tools/compiler/ti-cgt-arm_17.3.0.STS/lib/</path>
         <kind>archive</kind>
         <file>rtsv7M4_T_le_v4SPD16_eabi.lib</file>
         <name>cpy_tbl.obj</name>
      </input_file>
      <input_file id="fl-cf">
         <path>/Applications/ti/ccsv7/tools/compiler/ti-cgt-arm_17.3.0.STS/lib/</path>
         <kind>archive</kind>
         <file>rtsv7M4_T_le_v4SPD16_eabi.lib</file>
         <name>ctype.obj</name>
      </input_file>
      <input_file id="fl-d0">
         <path>/Applications/ti/ccsv7/tools/compiler/ti-cgt-arm_17.3.0.STS/lib/</path>
         <kind>archive</kind>
         <file>rtsv7M4_T_le_v4SPD16_eabi.lib</file>
         <name>defs.obj</name>
      </input_file>
      <input_file id="fl-d1">
         <path>/Applications/ti/ccsv7/tools/compiler/ti-cgt-arm_17.3.0.STS/lib/</path>
         <kind>archive</kind>
         <file>rtsv7M4_T_le_v4SPD16_eabi.lib</file>
         <name>fd_add_t2.obj</name>
      </input_file>
      <input_file id="fl-d2">
         <path>/Applications/ti/ccsv7/tools/compiler/ti-cgt-arm_17.3.0.STS/lib/</path>
         <kind>archive</kind>
         <file>rtsv7M4_T_le_v4SPD16_eabi.lib</file>
         <name>fd_cmp_t2.obj</name>
      </input_file>
      <input_file id="fl-d3">
         <path>/Applications/ti/ccsv7/tools/compiler/ti-cgt-arm_17.3.0.STS/lib/</path>
         <kind>archive</kind>
         <file>rtsv7M4_T_le_v4SPD16_eabi.lib</file>
         <name>fd_div_t2.obj</name>
      </input_file>
      <input_file id="fl-d4">
         <path>/Applications/ti/ccsv7/tools/compiler/ti-cgt-arm_17.3.0.STS/lib/</path>
         <kind>archive</kind>
         <file>rtsv7M4_T_le_v4SPD16_eabi.lib</file>
         <name>fd_mul_t2.obj</name>
      </input_file>
      <input_file id="fl-d5">
         <path>/Applications/ti/ccsv7/tools/compiler/ti-cgt-arm_17.3.0.STS/lib/</path>
         <kind>archive</kind>
         <file>rtsv7M4_T_le_v4SPD16_eabi.lib</file>
         <name>fd_toi_t2.obj</name>
      </input_file>
      <input_file id="fl-d6">
         <path>/Applications/ti/ccsv7/tools/compiler/ti-cgt-arm_17.3.0.STS/lib/</path>
         <kind>archive</kind>
         <file>rtsv7M4_T_le_v4SPD16_eabi.lib</file>
         <name>fputc.obj</name>
      </input_file>
      <input_file id="fl-d7">
         <path>/Applications/ti/ccsv7/tools/compiler/ti-cgt-arm_17.3.0.STS/lib/</path>
         <kind>archive</kind>
         <file>rtsv7M4_T_le_v4SPD16_eabi.lib</file>
         <name>fputs.obj</name>
      </input_file>
      <input_file id="fl-d8">
         <path>/Applications/ti/ccsv7/tools/compiler/ti-cgt-arm_17.3.0.STS/lib/</path>
         <kind>archive</kind>
         <file>rtsv7M4_T_le_v4SPD16_eabi.lib</file>
         <name>i_tofd_t2.obj</name>
      </input_file>
      <input_file id="fl-d9">
         <path>/Applications/ti/ccsv7/tools/compiler/ti-cgt-arm_17.3.0.STS/lib/</path>
         <kind>archive</kind>
         <file>rtsv7M4_T_le_v4SPD16_eabi.lib</file>
         <name>lowlev.obj</name>
      </input_file>
      <input_file id="fl-da">
         <path>/Applications/ti/ccsv7/tools/compiler/ti-cgt-arm_17.3.0.STS/lib/</path>
         <kind>archive</kind>
         <file>rtsv7M4_T_le_v4SPD16_eabi.lib</file>
         <name>ltoa.obj</name>
      </input_file>
      <input_file id="fl-db">
         <path>/Applications/ti/ccsv7/tools/compiler/ti-cgt-arm_17.3.0.STS/lib/</path>
         <kind>archive</kind>
         <file>rtsv7M4_T_le_v4SPD16_eabi.lib</file>
         <name>memccpy.obj</name>
      </input_file>
      <input_file id="fl-dc">
         <path>/Applications/ti/ccsv7/tools/compiler/ti-cgt-arm_17.3.0.STS/lib/</path>
         <kind>archive</kind>
         <file>rtsv7M4_T_le_v4SPD16_eabi.lib</file>
         <name>memchr.obj</name>
      </input_file>
      <input_file id="fl-dd">
         <path>/Applications/ti/ccsv7/tools/compiler/ti-cgt-arm_17.3.0.STS/lib/</path>
         <kind>archive</kind>
         <file>rtsv7M4_T_le_v4SPD16_eabi.lib</file>
         <name>s_frexp.obj</name>
      </input_file>
      <input_file id="fl-de">
         <path>/Applications/ti/ccsv7/tools/compiler/ti-cgt-arm_17.3.0.STS/lib/</path>
         <kind>archive</kind>
         <file>rtsv7M4_T_le_v4SPD16_eabi.lib</file>
         <name>s_scalbn.obj</name>
      </input_file>
      <input_file id="fl-df">
         <path>/Applications/ti/ccsv7/tools/compiler/ti-cgt-arm_17.3.0.STS/lib/</path>
         <kind>archive</kind>
         <file>rtsv7M4_T_le_v4SPD16_eabi.lib</file>
         <name>startup.obj</name>
      </input_file>
      <input_file id="fl-e0">
         <path>/Applications/ti/ccsv7/tools/compiler/ti-cgt-arm_17.3.0.STS/lib/</path>
         <kind>archive</kind>
         <file>rtsv7M4_T_le_v4SPD16_eabi.lib</file>
         <name>strchr.obj</name>
      </input_file>
      <input_file id="fl-e1">
         <path>/Applications/ti/ccsv7/tools/compiler/ti-cgt-arm_17.3.0.STS/lib/</path>
         <kind>archive</kind>
         <file>rtsv7M4_T_le_v4SPD16_eabi.lib</file>
         <name>strcmp.obj</name>
      </input_file>
      <input_file id="fl-e2">
         <path>/Applications/ti/ccsv7/tools/compiler/ti-cgt-arm_17.3.0.STS/lib/</path>
         <kind>archive</kind>
         <file>rtsv7M4_T_le_v4SPD16_eabi.lib</file>
         <name>strlen.obj</name>
      </input_file>
      <input_file id="fl-e3">
         <path>/Applications/ti/ccsv7/tools/compiler/ti-cgt-arm_17.3.0.STS/lib/</path>
         <kind>archive</kind>
         <file>rtsv7M4_T_le_v4SPD16_eabi.lib</file>
         <name>strncpy.obj</name>
      </input_file>
      <input_file id="fl-e4">
         <path>/Applications/ti/ccsv7/tools/compiler/ti-cgt-arm_17.3.0.STS/lib/</path>
         <kind>archive</kind>
         <file>rtsv7M4_T_le_v4SPD16_eabi.lib</file>
         <name>trgdrv.obj</name>
      </input_file>
      <input_file id="fl-e5">
         <path>/Applications/ti/ccsv7/tools/compiler/ti-cgt-arm_17.3.0.STS/lib/</path>
         <kind>archive</kind>
         <file>rtsv7M4_T_le_v4SPD16_eabi.lib</file>
         <name>trgmsg.obj</name>
      </input_file>
      <input_file id="fl-e6">
         <path>/Applications/ti/ccsv7/tools/compiler/ti-cgt-arm_17.3.0.STS/lib/</path>
         <kind>archive</kind>
         <file>rtsv7M4_T_le_v4SPD16_eabi.lib</file>
         <name>ull_div_t2.obj</name>
      </input_file>
      <input_file id="fl-e7">
         <path>/Applications/ti/ccsv7/tools/compiler/ti-cgt-arm_17.3.0.STS/lib/</path>
         <kind>archive</kind>
         <file>rtsv7M4_T_le_v4SPD16_eabi.lib</file>
         <name>_io_perm.obj</name>
      </input_file>
      <input_file id="fl-e8">
         <path>/Applications/ti/ccsv7/tools/compiler/ti-cgt-arm_17.3.0.STS/lib/</path>
         <kind>archive</kind>
         <file>rtsv7M4_T_le_v4SPD16_eabi.lib</file>
         <name>errno.obj</name>
      </input_file>
      <input_file id="fl-e9">
         <path>/Applications/ti/ccsv7/tools/compiler/ti-cgt-arm_17.3.0.STS/lib/</path>
         <kind>archive</kind>
         <file>rtsv7M4_T_le_v4SPD16_eabi.lib</file>
         <name>fflush.obj</name>
      </input_file>
      <input_file id="fl-ea">
         <path>/Applications/ti/ccsv7/tools/compiler/ti-cgt-arm_17.3.0.STS/lib/</path>
         <kind>archive</kind>
         <file>rtsv7M4_T_le_v4SPD16_eabi.lib</file>
         <name>fseek.obj</name>
      </input_file>
      <input_file id="fl-eb">
         <path>/Applications/ti/ccsv7/tools/compiler/ti-cgt-arm_17.3.0.STS/lib/</path>
         <kind>archive</kind>
         <file>rtsv7M4_T_le_v4SPD16_eabi.lib</file>
         <name>s_copysign.obj</name>
      </input_file>
      <input_file id="fl-ec">
         <path>/Applications/ti/ccsv7/tools/compiler/ti-cgt-arm_17.3.0.STS/lib/</path>
         <kind>archive</kind>
         <file>rtsv7M4_T_le_v4SPD16_eabi.lib</file>
         <name>setvbuf.obj</name>
      </input_file>
      <input_file id="fl-ed">
         <path>/Applications/ti/ccsv7/tools/compiler/ti-cgt-arm_17.3.0.STS/lib/</path>
         <kind>archive</kind>
         <file>rtsv7M4_T_le_v4SPD16_eabi.lib</file>
         <name>strcpy.obj</name>
      </input_file>
      <input_file id="fl-ee">
         <path>/Applications/ti/ccsv7/tools/compiler/ti-cgt-arm_17.3.0.STS/lib/</path>
         <kind>archive</kind>
         <file>rtsv7M4_T_le_v4SPD16_eabi.lib</file>
         <name>fopen.obj</name>
      </input_file>
      <input_file id="fl-ef">
         <path>/Applications/ti/ccsv7/tools/compiler/ti-cgt-arm_17.3.0.STS/lib/</path>
         <kind>archive</kind>
         <file>rtsv7M4_T_le_v4SPD16_eabi.lib</file>
         <name>memory.obj</name>
      </input_file>
      <input_file id="fl-f0">
         <path>/Applications/ti/ccsv7/tools/compiler/ti-cgt-arm_17.3.0.STS/lib/</path>
         <kind>archive</kind>
         <file>rtsv7M4_T_le_v4SPD16_eabi.lib</file>
         <name>fclose.obj</name>
      </input_file>
      <input_file id="fl-f1">
         <path>/Applications/ti/ccsv7/tools/compiler/ti-cgt-arm_17.3.0.STS/lib/</path>
         <kind>archive</kind>
         <file>rtsv7M4_T_le_v4SPD16_eabi.lib</file>
         <name>remove.obj</name>
      </input_file>
   </input_file_list>
   <object_component_list>
      <object_component id="oc-2c">
         <name>.intvecs:retain</name>
         <load_address>0x0</load_address>
         <run_address>0x0</run_address>
         <size>0xe4</size>
         <input_file_ref idref="fl-3"/>
      </object_component>
      <object_component id="oc-126">
         <name>.text</name>
         <load_address>0xe4</load_address>
         <run_address>0xe4</run_address>
         <size>0x1142</size>
         <input_file_ref idref="fl-ca"/>
      </object_component>
      <object_component id="oc-56">
         <name>.text</name>
         <load_address>0x1226</load_address>
         <run_address>0x1226</run_address>
         <size>0x2</size>
         <input_file_ref idref="fl-c5"/>
      </object_component>
      <object_component id="oc-24d">
         <name>.text</name>
         <load_address>0x1228</load_address>
         <run_address>0x1228</run_address>
         <size>0x3d0</size>
         <input_file_ref idref="fl-ef"/>
      </object_component>
      <object_component id="oc-7e">
         <name>.text</name>
         <load_address>0x15f8</load_address>
         <run_address>0x15f8</run_address>
         <size>0x398</size>
         <input_file_ref idref="fl-2"/>
      </object_component>
      <object_component id="oc-be">
         <name>.text</name>
         <load_address>0x1990</load_address>
         <run_address>0x1990</run_address>
         <size>0x32c</size>
         <input_file_ref idref="fl-4"/>
      </object_component>
      <object_component id="oc-26a">
         <name>.text</name>
         <load_address>0x1cbc</load_address>
         <run_address>0x1cbc</run_address>
         <size>0x324</size>
         <input_file_ref idref="fl-e4"/>
      </object_component>
      <object_component id="oc-16d">
         <name>.text</name>
         <load_address>0x1fe0</load_address>
         <run_address>0x1fe0</run_address>
         <size>0x30c</size>
         <input_file_ref idref="fl-d9"/>
      </object_component>
      <object_component id="oc-183">
         <name>.text</name>
         <load_address>0x22ec</load_address>
         <run_address>0x22ec</run_address>
         <size>0x1f4</size>
         <input_file_ref idref="fl-e6"/>
      </object_component>
      <object_component id="oc-253">
         <name>.text</name>
         <load_address>0x24e0</load_address>
         <run_address>0x24e0</run_address>
         <size>0x1c4</size>
         <input_file_ref idref="fl-ee"/>
      </object_component>
      <object_component id="oc-1ac">
         <name>.text</name>
         <load_address>0x26a4</load_address>
         <run_address>0x26a4</run_address>
         <size>0x1b6</size>
         <input_file_ref idref="fl-d1"/>
      </object_component>
      <object_component id="oc-192">
         <name>.text</name>
         <load_address>0x285a</load_address>
         <run_address>0x285a</run_address>
         <size>0x136</size>
         <input_file_ref idref="fl-d3"/>
      </object_component>
      <object_component id="oc-120">
         <name>.text</name>
         <load_address>0x2990</load_address>
         <run_address>0x2990</run_address>
         <size>0x134</size>
         <input_file_ref idref="fl-d7"/>
      </object_component>
      <object_component id="oc-18d">
         <name>.text</name>
         <load_address>0x2ac4</load_address>
         <run_address>0x2ac4</run_address>
         <size>0xfc</size>
         <input_file_ref idref="fl-d4"/>
      </object_component>
      <object_component id="oc-1b7">
         <name>.text</name>
         <load_address>0x2bc0</load_address>
         <run_address>0x2bc0</run_address>
         <size>0xfc</size>
         <input_file_ref idref="fl-de"/>
      </object_component>
      <object_component id="oc-1f1">
         <name>.text</name>
         <load_address>0x2cbc</load_address>
         <run_address>0x2cbc</run_address>
         <size>0xdc</size>
         <input_file_ref idref="fl-ec"/>
      </object_component>
      <object_component id="oc-167">
         <name>.text</name>
         <load_address>0x2d98</load_address>
         <run_address>0x2d98</run_address>
         <size>0xc8</size>
         <input_file_ref idref="fl-e9"/>
      </object_component>
      <object_component id="oc-161">
         <name>.text</name>
         <load_address>0x2e60</load_address>
         <run_address>0x2e60</run_address>
         <size>0xac</size>
         <input_file_ref idref="fl-e7"/>
      </object_component>
      <object_component id="oc-3e">
         <name>.text</name>
         <load_address>0x2f0c</load_address>
         <run_address>0x2f0c</run_address>
         <size>0x9c</size>
         <input_file_ref idref="fl-c3"/>
      </object_component>
      <object_component id="oc-295">
         <name>.text</name>
         <load_address>0x2fa8</load_address>
         <run_address>0x2fa8</run_address>
         <size>0x98</size>
         <input_file_ref idref="fl-f0"/>
      </object_component>
      <object_component id="oc-11a">
         <name>.text</name>
         <load_address>0x3040</load_address>
         <run_address>0x3040</run_address>
         <size>0x98</size>
         <input_file_ref idref="fl-d6"/>
      </object_component>
      <object_component id="oc-188">
         <name>.text:__aeabi_cdcmple</name>
         <load_address>0x30d8</load_address>
         <run_address>0x30d8</run_address>
         <size>0x86</size>
         <input_file_ref idref="fl-d2"/>
      </object_component>
      <object_component id="oc-197">
         <name>.text:__aeabi_cdrcmple</name>
         <load_address>0x315e</load_address>
         <run_address>0x315e</run_address>
         <size>0x86</size>
         <input_file_ref idref="fl-d2"/>
      </object_component>
      <object_component id="oc-4a">
         <name>.text</name>
         <load_address>0x31e4</load_address>
         <run_address>0x31e4</run_address>
         <size>0x7a</size>
         <input_file_ref idref="fl-c4"/>
      </object_component>
      <object_component id="oc-a9">
         <name>.text</name>
         <load_address>0x325e</load_address>
         <run_address>0x325e</run_address>
         <size>0x2</size>
         <input_file_ref idref="fl-df"/>
      </object_component>
      <object_component id="oc-62">
         <name>.text</name>
         <load_address>0x3260</load_address>
         <run_address>0x3260</run_address>
         <size>0x70</size>
         <input_file_ref idref="fl-cd"/>
      </object_component>
      <object_component id="oc-c5">
         <name>.text</name>
         <load_address>0x32d0</load_address>
         <run_address>0x32d0</run_address>
         <size>0x70</size>
         <input_file_ref idref="fl-c7"/>
      </object_component>
      <object_component id="oc-14">
         <name>.text:decompress:lzss</name>
         <load_address>0x3340</load_address>
         <run_address>0x3340</run_address>
         <size>0x68</size>
         <input_file_ref idref="fl-bf"/>
      </object_component>
      <object_component id="oc-2a4">
         <name>.text</name>
         <load_address>0x33a8</load_address>
         <run_address>0x33a8</run_address>
         <size>0x68</size>
         <input_file_ref idref="fl-e5"/>
      </object_component>
      <object_component id="oc-1eb">
         <name>.text</name>
         <load_address>0x3410</load_address>
         <run_address>0x3410</run_address>
         <size>0x64</size>
         <input_file_ref idref="fl-ea"/>
      </object_component>
      <object_component id="oc-1b1">
         <name>.text</name>
         <load_address>0x3474</load_address>
         <run_address>0x3474</run_address>
         <size>0x64</size>
         <input_file_ref idref="fl-dd"/>
      </object_component>
      <object_component id="oc-26">
         <name>.text</name>
         <load_address>0x34d8</load_address>
         <run_address>0x34d8</run_address>
         <size>0x54</size>
         <input_file_ref idref="fl-be"/>
      </object_component>
      <object_component id="oc-6e">
         <name>.text</name>
         <load_address>0x352c</load_address>
         <run_address>0x352c</run_address>
         <size>0x54</size>
         <input_file_ref idref="fl-c2"/>
      </object_component>
      <object_component id="oc-1a1">
         <name>.text</name>
         <load_address>0x3580</load_address>
         <run_address>0x3580</run_address>
         <size>0x54</size>
         <input_file_ref idref="fl-da"/>
      </object_component>
      <object_component id="oc-1c3">
         <name>.text</name>
         <load_address>0x35d4</load_address>
         <run_address>0x35d4</run_address>
         <size>0x4c</size>
         <input_file_ref idref="fl-cc"/>
      </object_component>
      <object_component id="oc-a3">
         <name>.text</name>
         <load_address>0x3620</load_address>
         <run_address>0x3620</run_address>
         <size>0x4c</size>
         <input_file_ref idref="fl-ce"/>
      </object_component>
      <object_component id="oc-19c">
         <name>.text</name>
         <load_address>0x366c</load_address>
         <run_address>0x366c</run_address>
         <size>0x48</size>
         <input_file_ref idref="fl-d5"/>
      </object_component>
      <object_component id="oc-204">
         <name>.text</name>
         <load_address>0x36b4</load_address>
         <run_address>0x36b4</run_address>
         <size>0x36</size>
         <input_file_ref idref="fl-e3"/>
      </object_component>
      <object_component id="oc-1a7">
         <name>.text</name>
         <load_address>0x36ea</load_address>
         <run_address>0x36ea</run_address>
         <size>0x2e</size>
         <input_file_ref idref="fl-d8"/>
      </object_component>
      <object_component id="oc-17b">
         <name>.text</name>
         <load_address>0x3718</load_address>
         <run_address>0x3718</run_address>
         <size>0x20</size>
         <input_file_ref idref="fl-dc"/>
      </object_component>
      <object_component id="oc-1c9">
         <name>.text</name>
         <load_address>0x3738</load_address>
         <run_address>0x3738</run_address>
         <size>0x1c</size>
         <input_file_ref idref="fl-db"/>
      </object_component>
      <object_component id="oc-68">
         <name>.text</name>
         <load_address>0x3754</load_address>
         <run_address>0x3754</run_address>
         <size>0x18</size>
         <input_file_ref idref="fl-cb"/>
      </object_component>
      <object_component id="oc-1fe">
         <name>.text</name>
         <load_address>0x376c</load_address>
         <run_address>0x376c</run_address>
         <size>0x18</size>
         <input_file_ref idref="fl-e1"/>
      </object_component>
      <object_component id="oc-1bd">
         <name>.text</name>
         <load_address>0x3784</load_address>
         <run_address>0x3784</run_address>
         <size>0x16</size>
         <input_file_ref idref="fl-e0"/>
      </object_component>
      <object_component id="oc-10a">
         <name>.text</name>
         <load_address>0x379c</load_address>
         <run_address>0x379c</run_address>
         <size>0x14</size>
         <input_file_ref idref="fl-c9"/>
      </object_component>
      <object_component id="oc-22e">
         <name>.text</name>
         <load_address>0x37b0</load_address>
         <run_address>0x37b0</run_address>
         <size>0x14</size>
         <input_file_ref idref="fl-eb"/>
      </object_component>
      <object_component id="oc-2aa">
         <name>.text</name>
         <load_address>0x37c4</load_address>
         <run_address>0x37c4</run_address>
         <size>0x14</size>
         <input_file_ref idref="fl-ed"/>
      </object_component>
      <object_component id="oc-175">
         <name>.text</name>
         <load_address>0x37d8</load_address>
         <run_address>0x37d8</run_address>
         <size>0x14</size>
         <input_file_ref idref="fl-e2"/>
      </object_component>
      <object_component id="oc-1a">
         <name>.text:decompress:none</name>
         <load_address>0x37ec</load_address>
         <run_address>0x37ec</run_address>
         <size>0xe</size>
         <input_file_ref idref="fl-c0"/>
      </object_component>
      <object_component id="oc-78">
         <name>.text</name>
         <load_address>0x37fa</load_address>
         <run_address>0x37fa</run_address>
         <size>0xe</size>
         <input_file_ref idref="fl-3"/>
      </object_component>
      <object_component id="oc-20">
         <name>.text:decompress:ZI</name>
         <load_address>0x3808</load_address>
         <run_address>0x3808</run_address>
         <size>0xc</size>
         <input_file_ref idref="fl-c1"/>
      </object_component>
      <object_component id="oc-5c">
         <name>.text</name>
         <load_address>0x3814</load_address>
         <run_address>0x3814</run_address>
         <size>0x4</size>
         <input_file_ref idref="fl-c6"/>
      </object_component>
      <object_component id="oc-23b">
         <name>.const:.string:_ctypes_</name>
         <load_address>0x3818</load_address>
         <run_address>0x3818</run_address>
         <size>0x101</size>
         <input_file_ref idref="fl-cf"/>
      </object_component>
      <object_component id="oc-d9">
         <name>.const:uartConfig</name>
         <load_address>0x391c</load_address>
         <run_address>0x391c</run_address>
         <size>0x24</size>
         <input_file_ref idref="fl-2"/>
      </object_component>
      <object_component id="oc-2fd">
         <name>.cinit..data.load</name>
         <load_address>0x3940</load_address>
         <run_address>0x3940</run_address>
         <size>0x74</size>
      </object_component>
      <object_component id="oc-2fb">
         <name>__TI_handler_table</name>
         <load_address>0x39b4</load_address>
         <run_address>0x39b4</run_address>
         <size>0xc</size>
      </object_component>
      <object_component id="oc-2fe">
         <name>.cinit..bss.load</name>
         <load_address>0x39c0</load_address>
         <run_address>0x39c0</run_address>
         <size>0x8</size>
      </object_component>
      <object_component id="oc-2fc">
         <name>__TI_cinit_table</name>
         <load_address>0x39c8</load_address>
         <run_address>0x39c8</run_address>
         <size>0x10</size>
      </object_component>
      <object_component id="oc-2d8">
         <name>.binit</name>
         <load_address>0x0</load_address>
         <run_address>0x0</run_address>
         <size>0x0</size>
      </object_component>
      <object_component id="oc-cb">
         <name>.data</name>
         <load_address>0x20000600</load_address>
         <run_address>0x20000600</run_address>
         <size>0x2</size>
         <input_file_ref idref="fl-2"/>
      </object_component>
      <object_component id="oc-116">
         <name>.data</name>
         <load_address>0x200005fc</load_address>
         <run_address>0x200005fc</run_address>
         <size>0x4</size>
         <input_file_ref idref="fl-4"/>
      </object_component>
      <object_component id="oc-b3">
         <name>.data:$O1$$</name>
         <load_address>0x200005d0</load_address>
         <run_address>0x200005d0</run_address>
         <size>0xc</size>
         <input_file_ref idref="fl-c2"/>
      </object_component>
      <object_component id="oc-74">
         <name>.data</name>
         <load_address>0x200005f8</load_address>
         <run_address>0x200005f8</run_address>
         <size>0x4</size>
         <input_file_ref idref="fl-c8"/>
      </object_component>
      <object_component id="oc-b6">
         <name>.data:$O1$$</name>
         <load_address>0x200005e8</load_address>
         <run_address>0x200005e8</run_address>
         <size>0x8</size>
         <input_file_ref idref="fl-c9"/>
      </object_component>
      <object_component id="oc-12c">
         <name>.data:_ftable</name>
         <load_address>0x20000400</load_address>
         <run_address>0x20000400</run_address>
         <size>0xf0</size>
         <input_file_ref idref="fl-d0"/>
      </object_component>
      <object_component id="oc-1f9">
         <name>.data</name>
         <load_address>0x200005c0</load_address>
         <run_address>0x200005c0</run_address>
         <size>0x10</size>
         <input_file_ref idref="fl-d0"/>
      </object_component>
      <object_component id="oc-20a">
         <name>.data:$O1$$</name>
         <load_address>0x200004f0</load_address>
         <run_address>0x200004f0</run_address>
         <size>0xd0</size>
         <input_file_ref idref="fl-d9"/>
      </object_component>
      <object_component id="oc-234">
         <name>.data</name>
         <load_address>0x200005f0</load_address>
         <run_address>0x200005f0</run_address>
         <size>0x4</size>
         <input_file_ref idref="fl-e8"/>
      </object_component>
      <object_component id="oc-29b">
         <name>.data</name>
         <load_address>0x200005f4</load_address>
         <run_address>0x200005f4</run_address>
         <size>0x4</size>
         <input_file_ref idref="fl-ee"/>
      </object_component>
      <object_component id="oc-291">
         <name>.data:$O1$$</name>
         <load_address>0x200005dc</load_address>
         <run_address>0x200005dc</run_address>
         <size>0xc</size>
         <input_file_ref idref="fl-ef"/>
      </object_component>
      <object_component id="oc-2b0">
         <name>.bss:parmbuf</name>
         <uninitialized>true</uninitialized>
         <run_address>0x200007d4</run_address>
         <size>0x8</size>
         <input_file_ref idref="fl-e4"/>
      </object_component>
      <object_component id="oc-2c3">
         <name>.bss:_CIOBUF_</name>
         <uninitialized>true</uninitialized>
         <run_address>0x20000604</run_address>
         <size>0x120</size>
         <input_file_ref idref="fl-e5"/>
      </object_component>
      <object_component id="oc-ce">
         <name>.common:data</name>
         <uninitialized>true</uninitialized>
         <run_address>0x200007ea</run_address>
         <size>0x1</size>
      </object_component>
      <object_component id="oc-d4">
         <name>.common:rxDataArray</name>
         <uninitialized>true</uninitialized>
         <run_address>0x200007c4</run_address>
         <size>0x10</size>
      </object_component>
      <object_component id="oc-d5">
         <name>.common:checksum</name>
         <uninitialized>true</uninitialized>
         <run_address>0x200007de</run_address>
         <size>0x2</size>
      </object_component>
      <object_component id="oc-d6">
         <name>.common:signatureNumber</name>
         <uninitialized>true</uninitialized>
         <run_address>0x200007e2</run_address>
         <size>0x2</size>
      </object_component>
      <object_component id="oc-d3">
         <name>.common:xCenter</name>
         <uninitialized>true</uninitialized>
         <run_address>0x200007e6</run_address>
         <size>0x2</size>
      </object_component>
      <object_component id="oc-d7">
         <name>.common:yCenter</name>
         <uninitialized>true</uninitialized>
         <run_address>0x200007e8</run_address>
         <size>0x2</size>
      </object_component>
      <object_component id="oc-d2">
         <name>.common:width</name>
         <uninitialized>true</uninitialized>
         <run_address>0x200007e4</run_address>
         <size>0x2</size>
      </object_component>
      <object_component id="oc-d8">
         <name>.common:height</name>
         <uninitialized>true</uninitialized>
         <run_address>0x200007e0</run_address>
         <size>0x2</size>
      </object_component>
      <object_component id="oc-d1">
         <name>.common:angle</name>
         <uninitialized>true</uninitialized>
         <run_address>0x200007dc</run_address>
         <size>0x2</size>
      </object_component>
      <object_component id="oc-2be">
         <name>.common:__TI_tmpnams</name>
         <uninitialized>true</uninitialized>
         <run_address>0x20000724</run_address>
         <size>0xa0</size>
      </object_component>
      <object_component id="oc-30">
         <name>.sysmem</name>
         <uninitialized>true</uninitialized>
         <run_address>0x20000000</run_address>
         <size>0x8</size>
         <input_file_ref idref="fl-ef"/>
      </object_component>
      <object_component id="oc-300">
         <name>.sysmem</name>
         <uninitialized>true</uninitialized>
         <run_address>0x20000000</run_address>
         <size>0x0</size>
      </object_component>
      <object_component id="oc-2f">
         <name>.stack</name>
         <uninitialized>true</uninitialized>
         <run_address>0x2000fe00</run_address>
         <size>0x0</size>
         <input_file_ref idref="fl-be"/>
      </object_component>
      <object_component id="oc-2ff">
         <name>.stack</name>
         <uninitialized>true</uninitialized>
         <run_address>0x2000fe00</run_address>
         <size>0x0</size>
      </object_component>
      <object_component id="oc-cf">
         <name>.debug_info</name>
         <load_address>0x0</load_address>
         <run_address>0x0</run_address>
         <size>0x688</size>
         <input_file_ref idref="fl-2"/>
      </object_component>
      <object_component id="oc-cc">
         <name>.debug_info</name>
         <load_address>0x688</load_address>
         <run_address>0x688</run_address>
         <size>0xed</size>
         <input_file_ref idref="fl-2"/>
      </object_component>
      <object_component id="oc-da">
         <name>.debug_info</name>
         <load_address>0x775</load_address>
         <run_address>0x775</run_address>
         <size>0xce</size>
         <input_file_ref idref="fl-2"/>
      </object_component>
      <object_component id="oc-7f">
         <name>.debug_info</name>
         <load_address>0x843</load_address>
         <run_address>0x843</run_address>
         <size>0x2f8</size>
         <input_file_ref idref="fl-2"/>
      </object_component>
      <object_component id="oc-13f">
         <name>.debug_info</name>
         <load_address>0xb3b</load_address>
         <run_address>0xb3b</run_address>
         <size>0x1055</size>
         <input_file_ref idref="fl-2"/>
      </object_component>
      <object_component id="oc-13a">
         <name>.debug_info</name>
         <load_address>0x1b90</load_address>
         <run_address>0x1b90</run_address>
         <size>0x37a3</size>
         <input_file_ref idref="fl-2"/>
      </object_component>
      <object_component id="oc-144">
         <name>.debug_info</name>
         <load_address>0x5333</load_address>
         <run_address>0x5333</run_address>
         <size>0x8b</size>
         <input_file_ref idref="fl-2"/>
      </object_component>
      <object_component id="oc-dd">
         <name>.debug_info</name>
         <load_address>0x53be</load_address>
         <run_address>0x53be</run_address>
         <size>0x18b</size>
         <input_file_ref idref="fl-2"/>
      </object_component>
      <object_component id="oc-131">
         <name>.debug_info</name>
         <load_address>0x5549</load_address>
         <run_address>0x5549</run_address>
         <size>0x4e</size>
         <input_file_ref idref="fl-2"/>
      </object_component>
      <object_component id="oc-149">
         <name>.debug_info</name>
         <load_address>0x5597</load_address>
         <run_address>0x5597</run_address>
         <size>0xee</size>
         <input_file_ref idref="fl-2"/>
      </object_component>
      <object_component id="oc-86">
         <name>.debug_info</name>
         <load_address>0x5685</load_address>
         <run_address>0x5685</run_address>
         <size>0x2af</size>
         <input_file_ref idref="fl-3"/>
      </object_component>
      <object_component id="oc-2d">
         <name>.debug_info</name>
         <load_address>0x5934</load_address>
         <run_address>0x5934</run_address>
         <size>0xed</size>
         <input_file_ref idref="fl-3"/>
      </object_component>
      <object_component id="oc-79">
         <name>.debug_info</name>
         <load_address>0x5a21</load_address>
         <run_address>0x5a21</run_address>
         <size>0x1b4</size>
         <input_file_ref idref="fl-3"/>
      </object_component>
      <object_component id="oc-39">
         <name>.debug_info</name>
         <load_address>0x5bd5</load_address>
         <run_address>0x5bd5</run_address>
         <size>0x84</size>
         <input_file_ref idref="fl-3"/>
      </object_component>
      <object_component id="oc-117">
         <name>.debug_info</name>
         <load_address>0x5c59</load_address>
         <run_address>0x5c59</run_address>
         <size>0xe6</size>
         <input_file_ref idref="fl-4"/>
      </object_component>
      <object_component id="oc-bf">
         <name>.debug_info</name>
         <load_address>0x5d3f</load_address>
         <run_address>0x5d3f</run_address>
         <size>0x258</size>
         <input_file_ref idref="fl-4"/>
      </object_component>
      <object_component id="oc-27">
         <name>.debug_info</name>
         <load_address>0x5f97</load_address>
         <run_address>0x5f97</run_address>
         <size>0x160</size>
         <input_file_ref idref="fl-be"/>
      </object_component>
      <object_component id="oc-90">
         <name>.debug_info</name>
         <load_address>0x60f7</load_address>
         <run_address>0x60f7</run_address>
         <size>0x293</size>
         <input_file_ref idref="fl-bf"/>
      </object_component>
      <object_component id="oc-15">
         <name>.debug_info</name>
         <load_address>0x638a</load_address>
         <run_address>0x638a</run_address>
         <size>0x245</size>
         <input_file_ref idref="fl-bf"/>
      </object_component>
      <object_component id="oc-34">
         <name>.debug_info</name>
         <load_address>0x65cf</load_address>
         <run_address>0x65cf</run_address>
         <size>0x60</size>
         <input_file_ref idref="fl-bf"/>
      </object_component>
      <object_component id="oc-8b">
         <name>.debug_info</name>
         <load_address>0x662f</load_address>
         <run_address>0x662f</run_address>
         <size>0x46</size>
         <input_file_ref idref="fl-bf"/>
      </object_component>
      <object_component id="oc-49">
         <name>.debug_info</name>
         <load_address>0x6675</load_address>
         <run_address>0x6675</run_address>
         <size>0x2da</size>
         <input_file_ref idref="fl-c0"/>
      </object_component>
      <object_component id="oc-1b">
         <name>.debug_info</name>
         <load_address>0x694f</load_address>
         <run_address>0x694f</run_address>
         <size>0x1df</size>
         <input_file_ref idref="fl-c0"/>
      </object_component>
      <object_component id="oc-44">
         <name>.debug_info</name>
         <load_address>0x6b2e</load_address>
         <run_address>0x6b2e</run_address>
         <size>0x46</size>
         <input_file_ref idref="fl-c0"/>
      </object_component>
      <object_component id="oc-92">
         <name>.debug_info</name>
         <load_address>0x6b74</load_address>
         <run_address>0x6b74</run_address>
         <size>0x2c</size>
         <input_file_ref idref="fl-c0"/>
      </object_component>
      <object_component id="oc-55">
         <name>.debug_info</name>
         <load_address>0x6ba0</load_address>
         <run_address>0x6ba0</run_address>
         <size>0x2c9</size>
         <input_file_ref idref="fl-c1"/>
      </object_component>
      <object_component id="oc-21">
         <name>.debug_info</name>
         <load_address>0x6e69</load_address>
         <run_address>0x6e69</run_address>
         <size>0x1aa</size>
         <input_file_ref idref="fl-c1"/>
      </object_component>
      <object_component id="oc-50">
         <name>.debug_info</name>
         <load_address>0x7013</load_address>
         <run_address>0x7013</run_address>
         <size>0x46</size>
         <input_file_ref idref="fl-c1"/>
      </object_component>
      <object_component id="oc-9a">
         <name>.debug_info</name>
         <load_address>0x7059</load_address>
         <run_address>0x7059</run_address>
         <size>0x2c</size>
         <input_file_ref idref="fl-c1"/>
      </object_component>
      <object_component id="oc-ba">
         <name>.debug_info</name>
         <load_address>0x7085</load_address>
         <run_address>0x7085</run_address>
         <size>0x3ce</size>
         <input_file_ref idref="fl-c2"/>
      </object_component>
      <object_component id="oc-b4">
         <name>.debug_info</name>
         <load_address>0x7453</load_address>
         <run_address>0x7453</run_address>
         <size>0x185</size>
         <input_file_ref idref="fl-c2"/>
      </object_component>
      <object_component id="oc-6f">
         <name>.debug_info</name>
         <load_address>0x75d8</load_address>
         <run_address>0x75d8</run_address>
         <size>0x214</size>
         <input_file_ref idref="fl-c2"/>
      </object_component>
      <object_component id="oc-3f">
         <name>.debug_info</name>
         <load_address>0x77ec</load_address>
         <run_address>0x77ec</run_address>
         <size>0x111</size>
         <input_file_ref idref="fl-c3"/>
      </object_component>
      <object_component id="oc-4b">
         <name>.debug_info</name>
         <load_address>0x78fd</load_address>
         <run_address>0x78fd</run_address>
         <size>0x13f</size>
         <input_file_ref idref="fl-c4"/>
      </object_component>
      <object_component id="oc-57">
         <name>.debug_info</name>
         <load_address>0x7a3c</load_address>
         <run_address>0x7a3c</run_address>
         <size>0x138</size>
         <input_file_ref idref="fl-c5"/>
      </object_component>
      <object_component id="oc-5d">
         <name>.debug_info</name>
         <load_address>0x7b74</load_address>
         <run_address>0x7b74</run_address>
         <size>0x148</size>
         <input_file_ref idref="fl-c6"/>
      </object_component>
      <object_component id="oc-130">
         <name>.debug_info</name>
         <load_address>0x7cbc</load_address>
         <run_address>0x7cbc</run_address>
         <size>0x3c6</size>
         <input_file_ref idref="fl-c7"/>
      </object_component>
      <object_component id="oc-c8">
         <name>.debug_info</name>
         <load_address>0x8082</load_address>
         <run_address>0x8082</run_address>
         <size>0x284</size>
         <input_file_ref idref="fl-c7"/>
      </object_component>
      <object_component id="oc-1e6">
         <name>.debug_info</name>
         <load_address>0x8306</load_address>
         <run_address>0x8306</run_address>
         <size>0xae</size>
         <input_file_ref idref="fl-c7"/>
      </object_component>
      <object_component id="oc-75">
         <name>.debug_info</name>
         <load_address>0x83b4</load_address>
         <run_address>0x83b4</run_address>
         <size>0x109</size>
         <input_file_ref idref="fl-c8"/>
      </object_component>
      <object_component id="oc-112">
         <name>.debug_info</name>
         <load_address>0x84bd</load_address>
         <run_address>0x84bd</run_address>
         <size>0x2be</size>
         <input_file_ref idref="fl-c9"/>
      </object_component>
      <object_component id="oc-b7">
         <name>.debug_info</name>
         <load_address>0x877b</load_address>
         <run_address>0x877b</run_address>
         <size>0x113</size>
         <input_file_ref idref="fl-c9"/>
      </object_component>
      <object_component id="oc-10b">
         <name>.debug_info</name>
         <load_address>0x888e</load_address>
         <run_address>0x888e</run_address>
         <size>0x21f</size>
         <input_file_ref idref="fl-c9"/>
      </object_component>
      <object_component id="oc-1d0">
         <name>.debug_info</name>
         <load_address>0x8aad</load_address>
         <run_address>0x8aad</run_address>
         <size>0x552</size>
         <input_file_ref idref="fl-ca"/>
      </object_component>
      <object_component id="oc-127">
         <name>.debug_info</name>
         <load_address>0x8fff</load_address>
         <run_address>0x8fff</run_address>
         <size>0x1549</size>
         <input_file_ref idref="fl-ca"/>
      </object_component>
      <object_component id="oc-1d1">
         <name>.debug_info</name>
         <load_address>0xa548</load_address>
         <run_address>0xa548</run_address>
         <size>0x86</size>
         <input_file_ref idref="fl-ca"/>
      </object_component>
      <object_component id="oc-1db">
         <name>.debug_info</name>
         <load_address>0xa5ce</load_address>
         <run_address>0xa5ce</run_address>
         <size>0x2c</size>
         <input_file_ref idref="fl-ca"/>
      </object_component>
      <object_component id="oc-244">
         <name>.debug_info</name>
         <load_address>0xa5fa</load_address>
         <run_address>0xa5fa</run_address>
         <size>0x46</size>
         <input_file_ref idref="fl-ca"/>
      </object_component>
      <object_component id="oc-1d6">
         <name>.debug_info</name>
         <load_address>0xa640</load_address>
         <run_address>0xa640</run_address>
         <size>0x39</size>
         <input_file_ref idref="fl-ca"/>
      </object_component>
      <object_component id="oc-b2">
         <name>.debug_info</name>
         <load_address>0xa679</load_address>
         <run_address>0xa679</run_address>
         <size>0x300</size>
         <input_file_ref idref="fl-cb"/>
      </object_component>
      <object_component id="oc-69">
         <name>.debug_info</name>
         <load_address>0xa979</load_address>
         <run_address>0xa979</run_address>
         <size>0x167</size>
         <input_file_ref idref="fl-cb"/>
      </object_component>
      <object_component id="oc-103">
         <name>.debug_info</name>
         <load_address>0xaae0</load_address>
         <run_address>0xaae0</run_address>
         <size>0x5e</size>
         <input_file_ref idref="fl-cb"/>
      </object_component>
      <object_component id="oc-23f">
         <name>.debug_info</name>
         <load_address>0xab3e</load_address>
         <run_address>0xab3e</run_address>
         <size>0x2ae</size>
         <input_file_ref idref="fl-cc"/>
      </object_component>
      <object_component id="oc-1c4">
         <name>.debug_info</name>
         <load_address>0xadec</load_address>
         <run_address>0xadec</run_address>
         <size>0x171</size>
         <input_file_ref idref="fl-cc"/>
      </object_component>
      <object_component id="oc-b0">
         <name>.debug_info</name>
         <load_address>0xaf5d</load_address>
         <run_address>0xaf5d</run_address>
         <size>0x483</size>
         <input_file_ref idref="fl-cd"/>
      </object_component>
      <object_component id="oc-63">
         <name>.debug_info</name>
         <load_address>0xb3e0</load_address>
         <run_address>0xb3e0</run_address>
         <size>0x190</size>
         <input_file_ref idref="fl-cd"/>
      </object_component>
      <object_component id="oc-f7">
         <name>.debug_info</name>
         <load_address>0xb570</load_address>
         <run_address>0xb570</run_address>
         <size>0x39</size>
         <input_file_ref idref="fl-cd"/>
      </object_component>
      <object_component id="oc-157">
         <name>.debug_info</name>
         <load_address>0xb5a9</load_address>
         <run_address>0xb5a9</run_address>
         <size>0x39</size>
         <input_file_ref idref="fl-cd"/>
      </object_component>
      <object_component id="oc-fc">
         <name>.debug_info</name>
         <load_address>0xb5e2</load_address>
         <run_address>0xb5e2</run_address>
         <size>0xcd</size>
         <input_file_ref idref="fl-cd"/>
      </object_component>
      <object_component id="oc-f3">
         <name>.debug_info</name>
         <load_address>0xb6af</load_address>
         <run_address>0xb6af</run_address>
         <size>0x37a</size>
         <input_file_ref idref="fl-ce"/>
      </object_component>
      <object_component id="oc-a4">
         <name>.debug_info</name>
         <load_address>0xba29</load_address>
         <run_address>0xba29</run_address>
         <size>0x183</size>
         <input_file_ref idref="fl-ce"/>
      </object_component>
      <object_component id="oc-152">
         <name>.debug_info</name>
         <load_address>0xbbac</load_address>
         <run_address>0xbbac</run_address>
         <size>0x2c</size>
         <input_file_ref idref="fl-ce"/>
      </object_component>
      <object_component id="oc-28a">
         <name>.debug_info</name>
         <load_address>0xbbd8</load_address>
         <run_address>0xbbd8</run_address>
         <size>0xee</size>
         <input_file_ref idref="fl-cf"/>
      </object_component>
      <object_component id="oc-23c">
         <name>.debug_info</name>
         <load_address>0xbcc6</load_address>
         <run_address>0xbcc6</run_address>
         <size>0xfa</size>
         <input_file_ref idref="fl-cf"/>
      </object_component>
      <object_component id="oc-1e2">
         <name>.debug_info</name>
         <load_address>0xbdc0</load_address>
         <run_address>0xbdc0</run_address>
         <size>0x139</size>
         <input_file_ref idref="fl-d0"/>
      </object_component>
      <object_component id="oc-12d">
         <name>.debug_info</name>
         <load_address>0xbef9</load_address>
         <run_address>0xbef9</run_address>
         <size>0xf7</size>
         <input_file_ref idref="fl-d0"/>
      </object_component>
      <object_component id="oc-1fa">
         <name>.debug_info</name>
         <load_address>0xbff0</load_address>
         <run_address>0xbff0</run_address>
         <size>0x184</size>
         <input_file_ref idref="fl-d0"/>
      </object_component>
      <object_component id="oc-1ad">
         <name>.debug_info</name>
         <load_address>0xc174</load_address>
         <run_address>0xc174</run_address>
         <size>0x144</size>
         <input_file_ref idref="fl-d1"/>
      </object_component>
      <object_component id="oc-189">
         <name>.debug_info</name>
         <load_address>0xc2b8</load_address>
         <run_address>0xc2b8</run_address>
         <size>0x120</size>
         <input_file_ref idref="fl-d2"/>
      </object_component>
      <object_component id="oc-198">
         <name>.debug_info</name>
         <load_address>0xc3d8</load_address>
         <run_address>0xc3d8</run_address>
         <size>0x122</size>
         <input_file_ref idref="fl-d2"/>
      </object_component>
      <object_component id="oc-193">
         <name>.debug_info</name>
         <load_address>0xc4fa</load_address>
         <run_address>0xc4fa</run_address>
         <size>0x132</size>
         <input_file_ref idref="fl-d3"/>
      </object_component>
      <object_component id="oc-18e">
         <name>.debug_info</name>
         <load_address>0xc62c</load_address>
         <run_address>0xc62c</run_address>
         <size>0x132</size>
         <input_file_ref idref="fl-d4"/>
      </object_component>
      <object_component id="oc-19d">
         <name>.debug_info</name>
         <load_address>0xc75e</load_address>
         <run_address>0xc75e</run_address>
         <size>0x126</size>
         <input_file_ref idref="fl-d5"/>
      </object_component>
      <object_component id="oc-174">
         <name>.debug_info</name>
         <load_address>0xc884</load_address>
         <run_address>0xc884</run_address>
         <size>0x378</size>
         <input_file_ref idref="fl-d6"/>
      </object_component>
      <object_component id="oc-11b">
         <name>.debug_info</name>
         <load_address>0xcbfc</load_address>
         <run_address>0xcbfc</run_address>
         <size>0x23f</size>
         <input_file_ref idref="fl-d6"/>
      </object_component>
      <object_component id="oc-182">
         <name>.debug_info</name>
         <load_address>0xce3b</load_address>
         <run_address>0xce3b</run_address>
         <size>0x43c</size>
         <input_file_ref idref="fl-d7"/>
      </object_component>
      <object_component id="oc-121">
         <name>.debug_info</name>
         <load_address>0xd277</load_address>
         <run_address>0xd277</run_address>
         <size>0x359</size>
         <input_file_ref idref="fl-d7"/>
      </object_component>
      <object_component id="oc-1a8">
         <name>.debug_info</name>
         <load_address>0xd5d0</load_address>
         <run_address>0xd5d0</run_address>
         <size>0x124</size>
         <input_file_ref idref="fl-d8"/>
      </object_component>
      <object_component id="oc-20e">
         <name>.debug_info</name>
         <load_address>0xd6f4</load_address>
         <run_address>0xd6f4</run_address>
         <size>0x63e</size>
         <input_file_ref idref="fl-d9"/>
      </object_component>
      <object_component id="oc-20b">
         <name>.debug_info</name>
         <load_address>0xdd32</load_address>
         <run_address>0xdd32</run_address>
         <size>0x116</size>
         <input_file_ref idref="fl-d9"/>
      </object_component>
      <object_component id="oc-16e">
         <name>.debug_info</name>
         <load_address>0xde48</load_address>
         <run_address>0xde48</run_address>
         <size>0xb0b</size>
         <input_file_ref idref="fl-d9"/>
      </object_component>
      <object_component id="oc-274">
         <name>.debug_info</name>
         <load_address>0xe953</load_address>
         <run_address>0xe953</run_address>
         <size>0x120</size>
         <input_file_ref idref="fl-d9"/>
      </object_component>
      <object_component id="oc-210">
         <name>.debug_info</name>
         <load_address>0xea73</load_address>
         <run_address>0xea73</run_address>
         <size>0x2c</size>
         <input_file_ref idref="fl-d9"/>
      </object_component>
      <object_component id="oc-224">
         <name>.debug_info</name>
         <load_address>0xea9f</load_address>
         <run_address>0xea9f</run_address>
         <size>0x2e6</size>
         <input_file_ref idref="fl-da"/>
      </object_component>
      <object_component id="oc-1a2">
         <name>.debug_info</name>
         <load_address>0xed85</load_address>
         <run_address>0xed85</run_address>
         <size>0x1c2</size>
         <input_file_ref idref="fl-da"/>
      </object_component>
      <object_component id="oc-241">
         <name>.debug_info</name>
         <load_address>0xef47</load_address>
         <run_address>0xef47</run_address>
         <size>0x28b</size>
         <input_file_ref idref="fl-db"/>
      </object_component>
      <object_component id="oc-1ca">
         <name>.debug_info</name>
         <load_address>0xf1d2</load_address>
         <run_address>0xf1d2</run_address>
         <size>0x1ab</size>
         <input_file_ref idref="fl-db"/>
      </object_component>
      <object_component id="oc-21a">
         <name>.debug_info</name>
         <load_address>0xf37d</load_address>
         <run_address>0xf37d</run_address>
         <size>0x29a</size>
         <input_file_ref idref="fl-dc"/>
      </object_component>
      <object_component id="oc-17c">
         <name>.debug_info</name>
         <load_address>0xf617</load_address>
         <run_address>0xf617</run_address>
         <size>0x242</size>
         <input_file_ref idref="fl-dc"/>
      </object_component>
      <object_component id="oc-228">
         <name>.debug_info</name>
         <load_address>0xf859</load_address>
         <run_address>0xf859</run_address>
         <size>0x2d9</size>
         <input_file_ref idref="fl-dd"/>
      </object_component>
      <object_component id="oc-1b2">
         <name>.debug_info</name>
         <load_address>0xfb32</load_address>
         <run_address>0xfb32</run_address>
         <size>0x18a</size>
         <input_file_ref idref="fl-dd"/>
      </object_component>
      <object_component id="oc-229">
         <name>.debug_info</name>
         <load_address>0xfcbc</load_address>
         <run_address>0xfcbc</run_address>
         <size>0x2c</size>
         <input_file_ref idref="fl-dd"/>
      </object_component>
      <object_component id="oc-238">
         <name>.debug_info</name>
         <load_address>0xfce8</load_address>
         <run_address>0xfce8</run_address>
         <size>0x316</size>
         <input_file_ref idref="fl-de"/>
      </object_component>
      <object_component id="oc-1b8">
         <name>.debug_info</name>
         <load_address>0xfffe</load_address>
         <run_address>0xfffe</run_address>
         <size>0x1d5</size>
         <input_file_ref idref="fl-de"/>
      </object_component>
      <object_component id="oc-aa">
         <name>.debug_info</name>
         <load_address>0x101d3</load_address>
         <run_address>0x101d3</run_address>
         <size>0x145</size>
         <input_file_ref idref="fl-df"/>
      </object_component>
      <object_component id="oc-23a">
         <name>.debug_info</name>
         <load_address>0x10318</load_address>
         <run_address>0x10318</run_address>
         <size>0x28f</size>
         <input_file_ref idref="fl-e0"/>
      </object_component>
      <object_component id="oc-1be">
         <name>.debug_info</name>
         <load_address>0x105a7</load_address>
         <run_address>0x105a7</run_address>
         <size>0x244</size>
         <input_file_ref idref="fl-e0"/>
      </object_component>
      <object_component id="oc-267">
         <name>.debug_info</name>
         <load_address>0x107eb</load_address>
         <run_address>0x107eb</run_address>
         <size>0x27f</size>
         <input_file_ref idref="fl-e1"/>
      </object_component>
      <object_component id="oc-200">
         <name>.debug_info</name>
         <load_address>0x10a6a</load_address>
         <run_address>0x10a6a</run_address>
         <size>0x258</size>
         <input_file_ref idref="fl-e1"/>
      </object_component>
      <object_component id="oc-218">
         <name>.debug_info</name>
         <load_address>0x10cc2</load_address>
         <run_address>0x10cc2</run_address>
         <size>0x284</size>
         <input_file_ref idref="fl-e2"/>
      </object_component>
      <object_component id="oc-176">
         <name>.debug_info</name>
         <load_address>0x10f46</load_address>
         <run_address>0x10f46</run_address>
         <size>0x22a</size>
         <input_file_ref idref="fl-e2"/>
      </object_component>
      <object_component id="oc-269">
         <name>.debug_info</name>
         <load_address>0x11170</load_address>
         <run_address>0x11170</run_address>
         <size>0x290</size>
         <input_file_ref idref="fl-e3"/>
      </object_component>
      <object_component id="oc-205">
         <name>.debug_info</name>
         <load_address>0x11400</load_address>
         <run_address>0x11400</run_address>
         <size>0x259</size>
         <input_file_ref idref="fl-e3"/>
      </object_component>
      <object_component id="oc-2b4">
         <name>.debug_info</name>
         <load_address>0x11659</load_address>
         <run_address>0x11659</run_address>
         <size>0x3e9</size>
         <input_file_ref idref="fl-e4"/>
      </object_component>
      <object_component id="oc-2b1">
         <name>.debug_info</name>
         <load_address>0x11a42</load_address>
         <run_address>0x11a42</run_address>
         <size>0xf8</size>
         <input_file_ref idref="fl-e4"/>
      </object_component>
      <object_component id="oc-26b">
         <name>.debug_info</name>
         <load_address>0x11b3a</load_address>
         <run_address>0x11b3a</run_address>
         <size>0xab9</size>
         <input_file_ref idref="fl-e4"/>
      </object_component>
      <object_component id="oc-2b5">
         <name>.debug_info</name>
         <load_address>0x125f3</load_address>
         <run_address>0x125f3</run_address>
         <size>0x53</size>
         <input_file_ref idref="fl-e4"/>
      </object_component>
      <object_component id="oc-2c7">
         <name>.debug_info</name>
         <load_address>0x12646</load_address>
         <run_address>0x12646</run_address>
         <size>0x2b0</size>
         <input_file_ref idref="fl-e5"/>
      </object_component>
      <object_component id="oc-2c4">
         <name>.debug_info</name>
         <load_address>0x128f6</load_address>
         <run_address>0x128f6</run_address>
         <size>0xfd</size>
         <input_file_ref idref="fl-e5"/>
      </object_component>
      <object_component id="oc-2a5">
         <name>.debug_info</name>
         <load_address>0x129f3</load_address>
         <run_address>0x129f3</run_address>
         <size>0x281</size>
         <input_file_ref idref="fl-e5"/>
      </object_component>
      <object_component id="oc-184">
         <name>.debug_info</name>
         <load_address>0x12c74</load_address>
         <run_address>0x12c74</run_address>
         <size>0x17d</size>
         <input_file_ref idref="fl-e6"/>
      </object_component>
      <object_component id="oc-1f8">
         <name>.debug_info</name>
         <load_address>0x12df1</load_address>
         <run_address>0x12df1</run_address>
         <size>0x2eb</size>
         <input_file_ref idref="fl-e7"/>
      </object_component>
      <object_component id="oc-162">
         <name>.debug_info</name>
         <load_address>0x130dc</load_address>
         <run_address>0x130dc</run_address>
         <size>0x230</size>
         <input_file_ref idref="fl-e7"/>
      </object_component>
      <object_component id="oc-25b">
         <name>.debug_info</name>
         <load_address>0x1330c</load_address>
         <run_address>0x1330c</run_address>
         <size>0xbb</size>
         <input_file_ref idref="fl-e7"/>
      </object_component>
      <object_component id="oc-235">
         <name>.debug_info</name>
         <load_address>0x133c7</load_address>
         <run_address>0x133c7</run_address>
         <size>0xf3</size>
         <input_file_ref idref="fl-e8"/>
      </object_component>
      <object_component id="oc-1fd">
         <name>.debug_info</name>
         <load_address>0x134ba</load_address>
         <run_address>0x134ba</run_address>
         <size>0x33c</size>
         <input_file_ref idref="fl-e9"/>
      </object_component>
      <object_component id="oc-168">
         <name>.debug_info</name>
         <load_address>0x137f6</load_address>
         <run_address>0x137f6</run_address>
         <size>0x25a</size>
         <input_file_ref idref="fl-e9"/>
      </object_component>
      <object_component id="oc-24c">
         <name>.debug_info</name>
         <load_address>0x13a50</load_address>
         <run_address>0x13a50</run_address>
         <size>0x319</size>
         <input_file_ref idref="fl-ea"/>
      </object_component>
      <object_component id="oc-1ec">
         <name>.debug_info</name>
         <load_address>0x13d69</load_address>
         <run_address>0x13d69</run_address>
         <size>0x1e1</size>
         <input_file_ref idref="fl-ea"/>
      </object_component>
      <object_component id="oc-22f">
         <name>.debug_info</name>
         <load_address>0x13f4a</load_address>
         <run_address>0x13f4a</run_address>
         <size>0x156</size>
         <input_file_ref idref="fl-eb"/>
      </object_component>
      <object_component id="oc-25a">
         <name>.debug_info</name>
         <load_address>0x140a0</load_address>
         <run_address>0x140a0</run_address>
         <size>0x35a</size>
         <input_file_ref idref="fl-ec"/>
      </object_component>
      <object_component id="oc-1f2">
         <name>.debug_info</name>
         <load_address>0x143fa</load_address>
         <run_address>0x143fa</run_address>
         <size>0x200</size>
         <input_file_ref idref="fl-ec"/>
      </object_component>
      <object_component id="oc-2c9">
         <name>.debug_info</name>
         <load_address>0x145fa</load_address>
         <run_address>0x145fa</run_address>
         <size>0x28a</size>
         <input_file_ref idref="fl-ed"/>
      </object_component>
      <object_component id="oc-2ab">
         <name>.debug_info</name>
         <load_address>0x14884</load_address>
         <run_address>0x14884</run_address>
         <size>0x231</size>
         <input_file_ref idref="fl-ed"/>
      </object_component>
      <object_component id="oc-29d">
         <name>.debug_info</name>
         <load_address>0x14ab5</load_address>
         <run_address>0x14ab5</run_address>
         <size>0x3d6</size>
         <input_file_ref idref="fl-ee"/>
      </object_component>
      <object_component id="oc-254">
         <name>.debug_info</name>
         <load_address>0x14e8b</load_address>
         <run_address>0x14e8b</run_address>
         <size>0x455</size>
         <input_file_ref idref="fl-ee"/>
      </object_component>
      <object_component id="oc-e6">
         <name>.debug_info</name>
         <load_address>0x152e0</load_address>
         <run_address>0x152e0</run_address>
         <size>0x2c</size>
         <input_file_ref idref="fl-ee"/>
      </object_component>
      <object_component id="oc-89">
         <name>.debug_info</name>
         <load_address>0x1530c</load_address>
         <run_address>0x1530c</run_address>
         <size>0x3bc</size>
         <input_file_ref idref="fl-ef"/>
      </object_component>
      <object_component id="oc-31">
         <name>.debug_info</name>
         <load_address>0x156c8</load_address>
         <run_address>0x156c8</run_address>
         <size>0x101</size>
         <input_file_ref idref="fl-ef"/>
      </object_component>
      <object_component id="oc-292">
         <name>.debug_info</name>
         <load_address>0x157c9</load_address>
         <run_address>0x157c9</run_address>
         <size>0x14c</size>
         <input_file_ref idref="fl-ef"/>
      </object_component>
      <object_component id="oc-24e">
         <name>.debug_info</name>
         <load_address>0x15915</load_address>
         <run_address>0x15915</run_address>
         <size>0x885</size>
         <input_file_ref idref="fl-ef"/>
      </object_component>
      <object_component id="oc-eb">
         <name>.debug_info</name>
         <load_address>0x1619a</load_address>
         <run_address>0x1619a</run_address>
         <size>0x62</size>
         <input_file_ref idref="fl-ef"/>
      </object_component>
      <object_component id="oc-2c0">
         <name>.debug_info</name>
         <load_address>0x161fc</load_address>
         <run_address>0x161fc</run_address>
         <size>0x39a</size>
         <input_file_ref idref="fl-f0"/>
      </object_component>
      <object_component id="oc-296">
         <name>.debug_info</name>
         <load_address>0x16596</load_address>
         <run_address>0x16596</run_address>
         <size>0x298</size>
         <input_file_ref idref="fl-f0"/>
      </object_component>
      <object_component id="oc-301">
         <name>.debug_info</name>
         <load_address>0x1682e</load_address>
         <run_address>0x1682e</run_address>
         <size>0x9c</size>
      </object_component>
      <object_component id="oc-139">
         <name>.debug_line</name>
         <load_address>0x0</load_address>
         <run_address>0x0</run_address>
         <size>0x7c</size>
         <input_file_ref idref="fl-2"/>
      </object_component>
      <object_component id="oc-137">
         <name>.debug_line</name>
         <load_address>0x7c</load_address>
         <run_address>0x7c</run_address>
         <size>0x2d</size>
         <input_file_ref idref="fl-2"/>
      </object_component>
      <object_component id="oc-14f">
         <name>.debug_line</name>
         <load_address>0xa9</load_address>
         <run_address>0xa9</run_address>
         <size>0x2d</size>
         <input_file_ref idref="fl-2"/>
      </object_component>
      <object_component id="oc-82">
         <name>.debug_line</name>
         <load_address>0xd6</load_address>
         <run_address>0xd6</run_address>
         <size>0x12f</size>
         <input_file_ref idref="fl-2"/>
      </object_component>
      <object_component id="oc-142">
         <name>.debug_line</name>
         <load_address>0x205</load_address>
         <run_address>0x205</run_address>
         <size>0x60</size>
         <input_file_ref idref="fl-2"/>
      </object_component>
      <object_component id="oc-13d">
         <name>.debug_line</name>
         <load_address>0x265</load_address>
         <run_address>0x265</run_address>
         <size>0x84</size>
         <input_file_ref idref="fl-2"/>
      </object_component>
      <object_component id="oc-147">
         <name>.debug_line</name>
         <load_address>0x2e9</load_address>
         <run_address>0x2e9</run_address>
         <size>0x20</size>
         <input_file_ref idref="fl-2"/>
      </object_component>
      <object_component id="oc-e0">
         <name>.debug_line</name>
         <load_address>0x309</load_address>
         <run_address>0x309</run_address>
         <size>0x70</size>
         <input_file_ref idref="fl-2"/>
      </object_component>
      <object_component id="oc-134">
         <name>.debug_line</name>
         <load_address>0x379</load_address>
         <run_address>0x379</run_address>
         <size>0x70</size>
         <input_file_ref idref="fl-2"/>
      </object_component>
      <object_component id="oc-14c">
         <name>.debug_line</name>
         <load_address>0x3e9</load_address>
         <run_address>0x3e9</run_address>
         <size>0x83</size>
         <input_file_ref idref="fl-2"/>
      </object_component>
      <object_component id="oc-e3">
         <name>.debug_line</name>
         <load_address>0x46c</load_address>
         <run_address>0x46c</run_address>
         <size>0x40</size>
         <input_file_ref idref="fl-3"/>
      </object_component>
      <object_component id="oc-85">
         <name>.debug_line</name>
         <load_address>0x4ac</load_address>
         <run_address>0x4ac</run_address>
         <size>0x40</size>
         <input_file_ref idref="fl-3"/>
      </object_component>
      <object_component id="oc-7c">
         <name>.debug_line</name>
         <load_address>0x4ec</load_address>
         <run_address>0x4ec</run_address>
         <size>0x71</size>
         <input_file_ref idref="fl-3"/>
      </object_component>
      <object_component id="oc-3c">
         <name>.debug_line</name>
         <load_address>0x55d</load_address>
         <run_address>0x55d</run_address>
         <size>0x20</size>
         <input_file_ref idref="fl-3"/>
      </object_component>
      <object_component id="oc-160">
         <name>.debug_line</name>
         <load_address>0x57d</load_address>
         <run_address>0x57d</run_address>
         <size>0x3b</size>
         <input_file_ref idref="fl-4"/>
      </object_component>
      <object_component id="oc-c2">
         <name>.debug_line</name>
         <load_address>0x5b8</load_address>
         <run_address>0x5b8</run_address>
         <size>0x146</size>
         <input_file_ref idref="fl-4"/>
      </object_component>
      <object_component id="oc-2a">
         <name>.debug_line</name>
         <load_address>0x6fe</load_address>
         <run_address>0x6fe</run_address>
         <size>0x53</size>
         <input_file_ref idref="fl-be"/>
      </object_component>
      <object_component id="oc-f1">
         <name>.debug_line</name>
         <load_address>0x751</load_address>
         <run_address>0x751</run_address>
         <size>0x20</size>
         <input_file_ref idref="fl-bf"/>
      </object_component>
      <object_component id="oc-18">
         <name>.debug_line</name>
         <load_address>0x771</load_address>
         <run_address>0x771</run_address>
         <size>0xa9</size>
         <input_file_ref idref="fl-bf"/>
      </object_component>
      <object_component id="oc-37">
         <name>.debug_line</name>
         <load_address>0x81a</load_address>
         <run_address>0x81a</run_address>
         <size>0x3a</size>
         <input_file_ref idref="fl-bf"/>
      </object_component>
      <object_component id="oc-8e">
         <name>.debug_line</name>
         <load_address>0x854</load_address>
         <run_address>0x854</run_address>
         <size>0x8a</size>
         <input_file_ref idref="fl-bf"/>
      </object_component>
      <object_component id="oc-98">
         <name>.debug_line</name>
         <load_address>0x8de</load_address>
         <run_address>0x8de</run_address>
         <size>0x8a</size>
         <input_file_ref idref="fl-c0"/>
      </object_component>
      <object_component id="oc-1e">
         <name>.debug_line</name>
         <load_address>0x968</load_address>
         <run_address>0x968</run_address>
         <size>0x55</size>
         <input_file_ref idref="fl-c0"/>
      </object_component>
      <object_component id="oc-47">
         <name>.debug_line</name>
         <load_address>0x9bd</load_address>
         <run_address>0x9bd</run_address>
         <size>0x3a</size>
         <input_file_ref idref="fl-c0"/>
      </object_component>
      <object_component id="oc-95">
         <name>.debug_line</name>
         <load_address>0x9f7</load_address>
         <run_address>0x9f7</run_address>
         <size>0x8a</size>
         <input_file_ref idref="fl-c0"/>
      </object_component>
      <object_component id="oc-a0">
         <name>.debug_line</name>
         <load_address>0xa81</load_address>
         <run_address>0xa81</run_address>
         <size>0x8a</size>
         <input_file_ref idref="fl-c1"/>
      </object_component>
      <object_component id="oc-24">
         <name>.debug_line</name>
         <load_address>0xb0b</load_address>
         <run_address>0xb0b</run_address>
         <size>0x4f</size>
         <input_file_ref idref="fl-c1"/>
      </object_component>
      <object_component id="oc-53">
         <name>.debug_line</name>
         <load_address>0xb5a</load_address>
         <run_address>0xb5a</run_address>
         <size>0x34</size>
         <input_file_ref idref="fl-c1"/>
      </object_component>
      <object_component id="oc-9d">
         <name>.debug_line</name>
         <load_address>0xb8e</load_address>
         <run_address>0xb8e</run_address>
         <size>0x8a</size>
         <input_file_ref idref="fl-c1"/>
      </object_component>
      <object_component id="oc-115">
         <name>.debug_line</name>
         <load_address>0xc18</load_address>
         <run_address>0xc18</run_address>
         <size>0xf2</size>
         <input_file_ref idref="fl-c2"/>
      </object_component>
      <object_component id="oc-109">
         <name>.debug_line</name>
         <load_address>0xd0a</load_address>
         <run_address>0xd0a</run_address>
         <size>0x2a</size>
         <input_file_ref idref="fl-c2"/>
      </object_component>
      <object_component id="oc-72">
         <name>.debug_line</name>
         <load_address>0xd34</load_address>
         <run_address>0xd34</run_address>
         <size>0x86</size>
         <input_file_ref idref="fl-c2"/>
      </object_component>
      <object_component id="oc-42">
         <name>.debug_line</name>
         <load_address>0xdba</load_address>
         <run_address>0xdba</run_address>
         <size>0x88</size>
         <input_file_ref idref="fl-c3"/>
      </object_component>
      <object_component id="oc-4e">
         <name>.debug_line</name>
         <load_address>0xe42</load_address>
         <run_address>0xe42</run_address>
         <size>0x79</size>
         <input_file_ref idref="fl-c4"/>
      </object_component>
      <object_component id="oc-5a">
         <name>.debug_line</name>
         <load_address>0xebb</load_address>
         <run_address>0xebb</run_address>
         <size>0x3d</size>
         <input_file_ref idref="fl-c5"/>
      </object_component>
      <object_component id="oc-60">
         <name>.debug_line</name>
         <load_address>0xef8</load_address>
         <run_address>0xef8</run_address>
         <size>0x40</size>
         <input_file_ref idref="fl-c6"/>
      </object_component>
      <object_component id="oc-1e5">
         <name>.debug_line</name>
         <load_address>0xf38</load_address>
         <run_address>0xf38</run_address>
         <size>0xfe</size>
         <input_file_ref idref="fl-c7"/>
      </object_component>
      <object_component id="oc-ca">
         <name>.debug_line</name>
         <load_address>0x1036</load_address>
         <run_address>0x1036</run_address>
         <size>0x8d</size>
         <input_file_ref idref="fl-c7"/>
      </object_component>
      <object_component id="oc-1e9">
         <name>.debug_line</name>
         <load_address>0x10c3</load_address>
         <run_address>0x10c3</run_address>
         <size>0x89</size>
         <input_file_ref idref="fl-c7"/>
      </object_component>
      <object_component id="oc-bd">
         <name>.debug_line</name>
         <load_address>0x114c</load_address>
         <run_address>0x114c</run_address>
         <size>0x33</size>
         <input_file_ref idref="fl-c8"/>
      </object_component>
      <object_component id="oc-15e">
         <name>.debug_line</name>
         <load_address>0x117f</load_address>
         <run_address>0x117f</run_address>
         <size>0x20</size>
         <input_file_ref idref="fl-c9"/>
      </object_component>
      <object_component id="oc-111">
         <name>.debug_line</name>
         <load_address>0x119f</load_address>
         <run_address>0x119f</run_address>
         <size>0x2b</size>
         <input_file_ref idref="fl-c9"/>
[...]
         <name>_unlock</name>
         <value>0x200005ec</value>
         <object_component_ref idref="oc-b6"/>
      </symbol>
      <symbol id="sm-21b">
         <name>_register_lock</name>
         <value>0x37a3</value>
         <object_component_ref idref="oc-10a"/>
      </symbol>
      <symbol id="sm-21c">
         <name>_register_unlock</name>
         <value>0x379d</value>
         <object_component_ref idref="oc-10a"/>
      </symbol>
      <symbol id="sm-324">
         <name>__TI_printfi</name>
         <value>0x931</value>
         <object_component_ref idref="oc-126"/>
      </symbol>
      <symbol id="sm-338">
         <name>_args_main</name>
         <value>0x3755</value>
         <object_component_ref idref="oc-68"/>
      </symbol>
      <symbol id="sm-34e">
         <name>atoi</name>
         <value>0x35d5</value>
         <object_component_ref idref="oc-1c3"/>
      </symbol>
      <symbol id="sm-378">
         <name>__TI_auto_init</name>
         <value>0x3261</value>
         <object_component_ref idref="oc-62"/>
      </symbol>
      <symbol id="sm-392">
         <name>copy_in</name>
         <value>0x3621</value>
         <object_component_ref idref="oc-a3"/>
      </symbol>
      <symbol id="sm-39d">
         <name>_ctypes_</name>
         <value>0x3818</value>
         <object_component_ref idref="oc-23b"/>
      </symbol>
      <symbol id="sm-3b2">
         <name>__TI_tmpnams</name>
         <value>0x20000724</value>
      </symbol>
      <symbol id="sm-3b3">
         <name>__aeabi_stdout</name>
         <value>0x200005c8</value>
         <object_component_ref idref="oc-1f9"/>
      </symbol>
      <symbol id="sm-3b4">
         <name>__aeabi_stderr</name>
         <value>0x200005cc</value>
         <object_component_ref idref="oc-1f9"/>
      </symbol>
      <symbol id="sm-3b5">
         <name>__aeabi_stdin</name>
         <value>0x200005c4</value>
         <object_component_ref idref="oc-1f9"/>
      </symbol>
      <symbol id="sm-3b6">
         <name>_ftable</name>
         <value>0x20000400</value>
         <object_component_ref idref="oc-12c"/>
      </symbol>
      <symbol id="sm-3b7">
         <name>__TI_ft_end</name>
         <value>0x200005c0</value>
         <object_component_ref idref="oc-1f9"/>
      </symbol>
      <symbol id="sm-3ce">
         <name>__aeabi_dsub</name>
         <value>0x26a5</value>
         <object_component_ref idref="oc-1ac"/>
      </symbol>
      <symbol id="sm-3cf">
         <name>__aeabi_dadd</name>
         <value>0x26af</value>
         <object_component_ref idref="oc-1ac"/>
      </symbol>
      <symbol id="sm-3f1">
         <name>__aeabi_cdcmpeq</name>
         <value>0x30d9</value>
         <object_component_ref idref="oc-188"/>
      </symbol>
      <symbol id="sm-3f2">
         <name>__aeabi_cdcmple</name>
         <value>0x30d9</value>
         <object_component_ref idref="oc-188"/>
      </symbol>
      <symbol id="sm-3f3">
         <name>__aeabi_cdrcmple</name>
         <value>0x315f</value>
         <object_component_ref idref="oc-197"/>
      </symbol>
      <symbol id="sm-407">
         <name>__aeabi_ddiv</name>
         <value>0x285b</value>
         <object_component_ref idref="oc-192"/>
      </symbol>
      <symbol id="sm-412">
         <name>__aeabi_dmul</name>
         <value>0x2ac5</value>
         <object_component_ref idref="oc-18d"/>
      </symbol>
      <symbol id="sm-41c">
         <name>__aeabi_d2iz</name>
         <value>0x366d</value>
         <object_component_ref idref="oc-19c"/>
      </symbol>
      <symbol id="sm-433">
         <name>putc</name>
         <value>0x3041</value>
         <object_component_ref idref="oc-11a"/>
      </symbol>
      <symbol id="sm-434">
         <name>fputc</name>
         <value>0x3041</value>
         <object_component_ref idref="oc-11a"/>
      </symbol>
      <symbol id="sm-435">
         <name>putchar</name>
         <value>0x30c5</value>
         <object_component_ref idref="oc-11a"/>
      </symbol>
      <symbol id="sm-457">
         <name>puts</name>
         <value>0x2a9d</value>
         <object_component_ref idref="oc-120"/>
      </symbol>
      <symbol id="sm-458">
         <name>fputs</name>
         <value>0x2991</value>
         <object_component_ref idref="oc-120"/>
      </symbol>
      <symbol id="sm-462">
         <name>__aeabi_i2d</name>
         <value>0x36eb</value>
         <object_component_ref idref="oc-1a7"/>
      </symbol>
      <symbol id="sm-4b0">
         <name>open</name>
         <value>0x211f</value>
         <object_component_ref idref="oc-16d"/>
      </symbol>
      <symbol id="sm-4b1">
         <name>add_device</name>
         <value>0x2241</value>
         <object_component_ref idref="oc-16d"/>
      </symbol>
      <symbol id="sm-4b2">
         <name>remove_device</name>
         <value>0x20d3</value>
         <object_component_ref idref="oc-16d"/>
      </symbol>
      <symbol id="sm-4b3">
         <name>lseek</name>
         <value>0x21cd</value>
         <object_component_ref idref="oc-16d"/>
      </symbol>
      <symbol id="sm-4b4">
         <name>read</name>
         <value>0x20fb</value>
         <object_component_ref idref="oc-16d"/>
      </symbol>
      <symbol id="sm-4b5">
         <name>rename</name>
         <value>0x2095</value>
         <object_component_ref idref="oc-16d"/>
      </symbol>
      <symbol id="sm-4b6">
         <name>write</name>
         <value>0x1fe1</value>
         <object_component_ref idref="oc-16d"/>
      </symbol>
      <symbol id="sm-4b7">
         <name>close</name>
         <value>0x21f1</value>
         <object_component_ref idref="oc-16d"/>
      </symbol>
      <symbol id="sm-4b8">
         <name>unlink</name>
         <value>0x2071</value>
         <object_component_ref idref="oc-16d"/>
      </symbol>
      <symbol id="sm-4c7">
         <name>ltoa</name>
         <value>0x3581</value>
         <object_component_ref idref="oc-1a1"/>
      </symbol>
      <symbol id="sm-4d7">
         <name>memccpy</name>
         <value>0x3739</value>
         <object_component_ref idref="oc-1c9"/>
      </symbol>
      <symbol id="sm-4e7">
         <name>memchr</name>
         <value>0x3719</value>
         <object_component_ref idref="oc-17b"/>
      </symbol>
      <symbol id="sm-502">
         <name>frexpl</name>
         <value>0x3475</value>
         <object_component_ref idref="oc-1b1"/>
      </symbol>
      <symbol id="sm-503">
         <name>frexp</name>
         <value>0x3475</value>
         <object_component_ref idref="oc-1b1"/>
      </symbol>
      <symbol id="sm-520">
         <name>scalbn</name>
         <value>0x2bc1</value>
         <object_component_ref idref="oc-1b7"/>
      </symbol>
      <symbol id="sm-521">
         <name>scalbnl</name>
         <value>0x2bc1</value>
         <object_component_ref idref="oc-1b7"/>
      </symbol>
      <symbol id="sm-522">
         <name>ldexpl</name>
         <value>0x2bc1</value>
         <object_component_ref idref="oc-1b7"/>
      </symbol>
      <symbol id="sm-523">
         <name>ldexp</name>
         <value>0x2bc1</value>
         <object_component_ref idref="oc-1b7"/>
      </symbol>
      <symbol id="sm-52d">
         <name>_system_post_cinit</name>
         <value>0x325f</value>
         <object_component_ref idref="oc-a9"/>
      </symbol>
      <symbol id="sm-53d">
         <name>strchr</name>
         <value>0x3785</value>
         <object_component_ref idref="oc-1bd"/>
      </symbol>
      <symbol id="sm-54c">
         <name>strcmp</name>
         <value>0x376d</value>
         <object_component_ref idref="oc-1fe"/>
      </symbol>
      <symbol id="sm-55a">
         <name>strlen</name>
         <value>0x37d9</value>
         <object_component_ref idref="oc-175"/>
      </symbol>
      <symbol id="sm-56a">
         <name>strncpy</name>
         <value>0x36b5</value>
         <object_component_ref idref="oc-204"/>
      </symbol>
      <symbol id="sm-591">
         <name>HOSTgetenv</name>
         <value>0x1f21</value>
         <object_component_ref idref="oc-26a"/>
      </symbol>
      <symbol id="sm-592">
         <name>HOSTrename</name>
         <value>0x1dc9</value>
         <object_component_ref idref="oc-26a"/>
      </symbol>
      <symbol id="sm-593">
         <name>HOSTclose</name>
         <value>0x1f5f</value>
         <object_component_ref idref="oc-26a"/>
      </symbol>
      <symbol id="sm-594">
         <name>HOSTtime64</name>
         <value>0x1d41</value>
         <object_component_ref idref="oc-26a"/>
      </symbol>
      <symbol id="sm-595">
         <name>HOSTunlink</name>
         <value>0x1d09</value>
         <object_component_ref idref="oc-26a"/>
      </symbol>
      <symbol id="sm-596">
         <name>HOSTlseek</name>
         <value>0x1ec5</value>
         <object_component_ref idref="oc-26a"/>
      </symbol>
      <symbol id="sm-597">
         <name>HOSTopen</name>
         <value>0x1e73</value>
         <object_component_ref idref="oc-26a"/>
      </symbol>
      <symbol id="sm-598">
         <name>HOSTclock</name>
         <value>0x1f97</value>
         <object_component_ref idref="oc-26a"/>
      </symbol>
      <symbol id="sm-599">
         <name>HOSTwrite</name>
         <value>0x1cbd</value>
         <object_component_ref idref="oc-26a"/>
      </symbol>
      <symbol id="sm-59a">
         <name>HOSTread</name>
         <value>0x1e27</value>
         <object_component_ref idref="oc-26a"/>
      </symbol>
      <symbol id="sm-59b">
         <name>HOSTtime</name>
         <value>0x1d8f</value>
         <object_component_ref idref="oc-26a"/>
      </symbol>
      <symbol id="sm-5b6">
         <name>__TI_readmsg</name>
         <value>0x33db</value>
         <object_component_ref idref="oc-2a4"/>
      </symbol>
      <symbol id="sm-5b7">
         <name>C$$IO$$</name>
         <value>0x33d7</value>
         <object_component_ref idref="oc-2a4"/>
      </symbol>
      <symbol id="sm-5b8">
         <name>__CIOBUF_</name>
         <value>0x20000604</value>
         <object_component_ref idref="oc-2c3"/>
      </symbol>
      <symbol id="sm-5b9">
         <name>__TI_writemsg</name>
         <value>0x33a9</value>
         <object_component_ref idref="oc-2a4"/>
      </symbol>
      <symbol id="sm-5d5">
         <name>__aeabi_uldivmod</name>
         <value>0x22ed</value>
         <object_component_ref idref="oc-183"/>
      </symbol>
      <symbol id="sm-5f3">
         <name>__TI_wrt_ok</name>
         <value>0x2e61</value>
         <object_component_ref idref="oc-161"/>
      </symbol>
      <symbol id="sm-5f4">
         <name>__TI_rd_ok</name>
         <value>0x2ec3</value>
         <object_component_ref idref="oc-161"/>
      </symbol>
      <symbol id="sm-5fc">
         <name>errno</name>
         <value>0x200005f0</value>
         <object_component_ref idref="oc-234"/>
      </symbol>
      <symbol id="sm-616">
         <name>__TI_doflush</name>
         <value>0x2d99</value>
         <object_component_ref idref="oc-167"/>
      </symbol>
      <symbol id="sm-617">
         <name>fflush</name>
         <value>0x2de5</value>
         <object_component_ref idref="oc-167"/>
      </symbol>
      <symbol id="sm-629">
         <name>fseek</name>
         <value>0x3411</value>
         <object_component_ref idref="oc-1eb"/>
      </symbol>
      <symbol id="sm-633">
         <name>copysign</name>
         <value>0x37b1</value>
         <object_component_ref idref="oc-22e"/>
      </symbol>
      <symbol id="sm-634">
         <name>copysignl</name>
         <value>0x37b1</value>
         <object_component_ref idref="oc-22e"/>
      </symbol>
      <symbol id="sm-650">
         <name>setvbuf</name>
         <value>0x2cbd</value>
         <object_component_ref idref="oc-1f1"/>
      </symbol>
      <symbol id="sm-65e">
         <name>strcpy</name>
         <value>0x37c5</value>
         <object_component_ref idref="oc-2aa"/>
      </symbol>
      <symbol id="sm-695">
         <name>__TI_cleanup</name>
         <value>0x25a9</value>
         <object_component_ref idref="oc-253"/>
      </symbol>
      <symbol id="sm-696">
         <name>freopen</name>
         <value>0x25d5</value>
         <object_component_ref idref="oc-253"/>
      </symbol>
      <symbol id="sm-697">
         <name>fopen</name>
         <value>0x25ff</value>
         <object_component_ref idref="oc-253"/>
      </symbol>
      <symbol id="sm-706">
         <name>_sys_memory</name>
         <value>0x20000000</value>
         <object_component_ref idref="oc-30"/>
      </symbol>
      <symbol id="sm-707">
         <name>free</name>
         <value>0x1313</value>
         <object_component_ref idref="oc-24d"/>
      </symbol>
      <symbol id="sm-708">
         <name>realloc</name>
         <value>0x13d5</value>
         <object_component_ref idref="oc-24d"/>
      </symbol>
      <symbol id="sm-709">
         <name>memalign</name>
         <value>0x14dd</value>
         <object_component_ref idref="oc-24d"/>
      </symbol>
      <symbol id="sm-70a">
         <name>calloc</name>
         <value>0x15c9</value>
         <object_component_ref idref="oc-24d"/>
      </symbol>
      <symbol id="sm-70b">
         <name>malloc</name>
         <value>0x12a9</value>
         <object_component_ref idref="oc-24d"/>
      </symbol>
      <symbol id="sm-70c">
         <name>minit</name>
         <value>0x1229</value>
         <object_component_ref idref="oc-24d"/>
      </symbol>
      <symbol id="sm-722">
         <name>__TI_closefile</name>
         <value>0x2fa9</value>
         <object_component_ref idref="oc-295"/>
      </symbol>
      <symbol id="sm-723">
         <name>fclose</name>
         <value>0x300f</value>
         <object_component_ref idref="oc-295"/>
      </symbol>
      <symbol id="sm-725">
         <name>__TI_static_base__</name>
         <value>0x0</value>
      </symbol>
      <symbol id="sm-728">
         <name>SHT$$INIT_ARRAY$$Limit</name>
         <value>0x0</value>
      </symbol>
      <symbol id="sm-729">
         <name>SHT$$INIT_ARRAY$$Base</name>
         <value>0x0</value>
      </symbol>
      <symbol id="sm-72a">
         <name>NMI_Handler</name>
         <value>0x3807</value>
      </symbol>
      <symbol id="sm-72b">
         <name>HardFault_Handler</name>
         <value>0x3807</value>
      </symbol>
      <symbol id="sm-72c">
         <name>MemManage_Handler</name>
         <value>0x3807</value>
      </symbol>
      <symbol id="sm-72d">
         <name>BusFault_Handler</name>
         <value>0x3807</value>
      </symbol>
      <symbol id="sm-72e">
         <name>UsageFault_Handler</name>
         <value>0x3807</value>
      </symbol>
      <symbol id="sm-72f">
         <name>SVC_Handler</name>
         <value>0x3807</value>
      </symbol>
      <symbol id="sm-730">
         <name>DebugMon_Handler</name>
         <value>0x3807</value>
      </symbol>
      <symbol id="sm-731">
         <name>PendSV_Handler</name>
         <value>0x3807</value>
      </symbol>
      <symbol id="sm-732">
         <name>SysTick_Handler</name>
         <value>0x3807</value>
      </symbol>
      <symbol id="sm-733">
         <name>PSS_IRQHandler</name>
         <value>0x3807</value>
      </symbol>
      <symbol id="sm-734">
         <name>CS_IRQHandler</name>
         <value>0x3807</value>
      </symbol>
      <symbol id="sm-735">
         <name>PCM_IRQHandler</name>
         <value>0x3807</value>
      </symbol>
      <symbol id="sm-736">
         <name>WDT_A_IRQHandler</name>
         <value>0x3807</value>
      </symbol>
      <symbol id="sm-737">
         <name>FPU_IRQHandler</name>
         <value>0x3807</value>
      </symbol>
      <symbol id="sm-738">
         <name>FLCTL_IRQHandler</name>
         <value>0x3807</value>
      </symbol>
      <symbol id="sm-739">
         <name>COMP_E0_IRQHandler</name>
         <value>0x3807</value>
      </symbol>
      <symbol id="sm-73a">
         <name>COMP_E1_IRQHandler</name>
         <value>0x3807</value>
      </symbol>
      <symbol id="sm-73b">
         <name>TA0_0_IRQHandler</name>
         <value>0x3807</value>
      </symbol>
      <symbol id="sm-73c">
         <name>TA0_N_IRQHandler</name>
         <value>0x3807</value>
      </symbol>
      <symbol id="sm-73d">
         <name>TA1_0_IRQHandler</name>
         <value>0x3807</value>
      </symbol>
      <symbol id="sm-73e">
         <name>TA1_N_IRQHandler</name>
         <value>0x3807</value>
      </symbol>
      <symbol id="sm-73f">
         <name>TA2_0_IRQHandler</name>
         <value>0x3807</value>
      </symbol>
      <symbol id="sm-740">
         <name>TA2_N_IRQHandler</name>
         <value>0x3807</value>
      </symbol>
      <symbol id="sm-741">
         <name>TA3_0_IRQHandler</name>
         <value>0x3807</value>
      </symbol>
      <symbol id="sm-742">
         <name>TA3_N_IRQHandler</name>
         <value>0x3807</value>
      </symbol>
      <symbol id="sm-743">
         <name>EUSCIA0_IRQHandler</name>
         <value>0x3807</value>
      </symbol>
      <symbol id="sm-744">
         <name>EUSCIA1_IRQHandler</name>
         <value>0x175d</value>
      </symbol>
      <symbol id="sm-745">
         <name>EUSCIA2_IRQHandler</name>
         <value>0x3807</value>
      </symbol>
      <symbol id="sm-746">
         <name>EUSCIA3_IRQHandler</name>
         <value>0x3807</value>
      </symbol>
      <symbol id="sm-747">
         <name>EUSCIB0_IRQHandler</name>
         <value>0x3807</value>
      </symbol>
      <symbol id="sm-748">
         <name>EUSCIB1_IRQHandler</name>
         <value>0x3807</value>
      </symbol>
      <symbol id="sm-749">
         <name>EUSCIB2_IRQHandler</name>
         <value>0x3807</value>
      </symbol>
      <symbol id="sm-74a">
         <name>EUSCIB3_IRQHandler</name>
         <value>0x3807</value>
      </symbol>
      <symbol id="sm-74b">
         <name>ADC14_IRQHandler</name>
         <value>0x3807</value>
      </symbol>
      <symbol id="sm-74c">
         <name>T32_INT1_IRQHandler</name>
         <value>0x3807</value>
      </symbol>
      <symbol id="sm-74d">
         <name>T32_INT2_IRQHandler</name>
         <value>0x3807</value>
      </symbol>
      <symbol id="sm-74e">
         <name>T32_INTC_IRQHandler</name>
         <value>0x3807</value>
      </symbol>
      <symbol id="sm-74f">
         <name>AES256_IRQHandler</name>
         <value>0x3807</value>
      </symbol>
      <symbol id="sm-750">
         <name>RTC_C_IRQHandler</name>
         <value>0x3807</value>
      </symbol>
      <symbol id="sm-751">
         <name>DMA_ERR_IRQHandler</name>
         <value>0x3807</value>
      </symbol>
      <symbol id="sm-752">
         <name>DMA_INT3_IRQHandler</name>
         <value>0x3807</value>
      </symbol>
      <symbol id="sm-753">
         <name>DMA_INT2_IRQHandler</name>
         <value>0x3807</value>
      </symbol>
      <symbol id="sm-754">
         <name>DMA_INT1_IRQHandler</name>
         <value>0x3807</value>
      </symbol>
      <symbol id="sm-755">
         <name>DMA_INT0_IRQHandler</name>
         <value>0x3807</value>
      </symbol>
      <symbol id="sm-756">
         <name>PORT1_IRQHandler</name>
         <value>0x3807</value>
      </symbol>
      <symbol id="sm-757">
         <name>PORT2_IRQHandler</name>
         <value>0x3807</value>
      </symbol>
      <symbol id="sm-758">
         <name>PORT3_IRQHandler</name>
         <value>0x3807</value>
      </symbol>
      <symbol id="sm-759">
         <name>PORT4_IRQHandler</name>
         <value>0x3807</value>
      </symbol>
      <symbol id="sm-75a">
         <name>PORT5_IRQHandler</name>
         <value>0x3807</value>
      </symbol>
      <symbol id="sm-75b">
         <name>PORT6_IRQHandler</name>
         <value>0x3807</value>
      </symbol>
      <symbol id="sm-75c">
         <name>remove</name>
         <value>0x2071</value>
      </symbol>
   </symbol_table>
   <title>Link successful</title>
</link_info>
