******************************************************************************
                  TI ARM Linker Unix v17.3.0                   
******************************************************************************
>> Linked Thu Apr 27 16:47:12 2017

OUTPUT FILE NAME:   <pixyUart.out>
ENTRY POINT SYMBOL: "_c_int00"  address: 0000354d


MEMORY CONFIGURATION

         name            origin    length      used     unused   attr    fill
----------------------  --------  ---------  --------  --------  ----  --------
  MAIN                  00000000   00040000  00003a7c  0003c584  R  X
  INFO                  00200000   00004000  00000000  00004000  R  X
  SRAM_CODE             01000000   00010000  000009e9  0000f617  RW X
  SRAM_DATA             20000000   00010000  000009e9  0000f617  RW  


SEGMENT ALLOCATION MAP

run origin  load origin   length   init length attrs members
----------  ----------- ---------- ----------- ----- -------
00000000    00000000    00003a80   00003a80    r-x
  00000000    00000000    000000e4   000000e4    r-- .intvecs
  000000e4    000000e4    000037a8   000037a8    r-x .text
  0000388c    0000388c    00000158   00000158    r-- .const
  000039e8    000039e8    00000098   00000098    r-- .cinit
20000000    20000000    000007eb   00000000    rw-
  20000000    20000000    00000400   00000000    rw- .sysmem
  20000400    20000400    00000202   00000000    rw- .data
  20000604    20000604    000001e7   00000000    rw- .bss
2000fe00    2000fe00    00000200   00000000    rw-
  2000fe00    2000fe00    00000200   00000000    rw- .stack


SECTION ALLOCATION MAP

 output                                  attributes/
section   page    origin      length       input sections
--------  ----  ----------  ----------   ----------------
.intvecs   0    00000000    000000e4     
                  00000000    000000e4     startup_msp432p401r_ccs.obj (.intvecs:retain)

.text      0    000000e4    000037a8     
                  000000e4    00001142     rtsv7M4_T_le_v4SPD16_eabi.lib : _printfi.obj (.text)
                  00001226    00000002                                   : mpu_init.obj (.text)
                  00001228    0000040c     main.obj (.text)
                  00001634    000003d0     rtsv7M4_T_le_v4SPD16_eabi.lib : memory.obj (.text)
                  00001a04    0000032c     system_msp432p401r.obj (.text)
                  00001d30    00000324     rtsv7M4_T_le_v4SPD16_eabi.lib : trgdrv.obj (.text)
                  00002054    0000030c                                   : lowlev.obj (.text)
                  00002360    000001f4                                   : ull_div_t2.obj (.text)
                  00002554    000001c4                                   : fopen.obj (.text)
                  00002718    000001b6                                   : fd_add_t2.obj (.text)
                  000028ce    00000136                                   : fd_div_t2.obj (.text)
                  00002a04    00000134                                   : fputs.obj (.text)
                  00002b38    000000fc                                   : fd_mul_t2.obj (.text)
                  00002c34    000000fc                                   : s_scalbn.obj (.text)
                  00002d30    000000dc                                   : setvbuf.obj (.text)
                  00002e0c    000000c8                                   : fflush.obj (.text)
                  00002ed4    000000ac                                   : _io_perm.obj (.text)
                  00002f80    0000009c                                   : memcpy_t2.obj (.text)
                  0000301c    00000098                                   : fclose.obj (.text)
                  000030b4    00000098                                   : fputc.obj (.text)
                  0000314c    00000086                                   : fd_cmp_t2.obj (.text:__aeabi_cdcmple)
                  000031d2    00000086                                   : fd_cmp_t2.obj (.text:__aeabi_cdrcmple)
                  00003258    0000007a                                   : memset_t2.obj (.text)
                  000032d2    00000002                                   : startup.obj (.text)
                  000032d4    00000070                                   : autoinit.obj (.text)
                  00003344    00000070                                   : printf.obj (.text)
                  000033b4    00000068                                   : copy_decompress_lzss.obj (.text:decompress:lzss)
                  0000341c    00000068                                   : trgmsg.obj (.text)
                  00003484    00000064                                   : fseek.obj (.text)
                  000034e8    00000064                                   : s_frexp.obj (.text)
                  0000354c    00000054                                   : boot.obj (.text)
                  000035a0    00000054                                   : exit.obj (.text)
                  000035f4    00000054                                   : ltoa.obj (.text)
                  00003648    0000004c                                   : atoi.obj (.text)
                  00003694    0000004c                                   : cpy_tbl.obj (.text)
                  000036e0    00000048                                   : fd_toi_t2.obj (.text)
                  00003728    00000036                                   : strncpy.obj (.text)
                  0000375e    0000002e                                   : i_tofd_t2.obj (.text)
                  0000378c    00000020                                   : memchr.obj (.text)
                  000037ac    0000001c                                   : memccpy.obj (.text)
                  000037c8    00000018                                   : args_main.obj (.text)
                  000037e0    00000018                                   : strcmp.obj (.text)
                  000037f8    00000016                                   : strchr.obj (.text)
                  0000380e    00000002     --HOLE-- [fill = 0]
                  00003810    00000014                                   : _lock.obj (.text)
                  00003824    00000014                                   : s_copysign.obj (.text)
                  00003838    00000014                                   : strcpy.obj (.text)
                  0000384c    00000014                                   : strlen.obj (.text)
                  00003860    0000000e                                   : copy_decompress_none.obj (.text:decompress:none)
                  0000386e    0000000e     startup_msp432p401r_ccs.obj (.text)
                  0000387c    0000000c     rtsv7M4_T_le_v4SPD16_eabi.lib : copy_zero_init.obj (.text:decompress:ZI)
                  00003888    00000004                                   : pre_init.obj (.text)

.const     0    0000388c    00000158     
                  0000388c    00000101     rtsv7M4_T_le_v4SPD16_eabi.lib : ctype.obj (.const:.string:_ctypes_)
                  0000398d    00000003     --HOLE-- [fill = 0]
                  00003990    00000024     main.obj (.const:uartConfig)
                  000039b4    00000018     main.obj (.const:upConfig)
                  000039cc    00000010     main.obj (.const:compareConfig)
                  000039dc    00000008     main.obj (.const:.string:portMapping)

.cinit     0    000039e8    00000098     
                  000039e8    00000073     (.cinit..data.load) [load image, compression = lzss]
                  00003a5b    00000001     --HOLE-- [fill = 0]
                  00003a5c    0000000c     (__TI_handler_table)
                  00003a68    00000008     (.cinit..bss.load) [load image, compression = zero_init]
                  00003a70    00000010     (__TI_cinit_table)

.init_array 
*          0    00000000    00000000     UNINITIALIZED

.binit     0    00000000    00000000     

.sysmem    0    20000000    00000400     UNINITIALIZED
                  20000000    00000008     rtsv7M4_T_le_v4SPD16_eabi.lib : memory.obj (.sysmem)
                  20000008    000003f8     --HOLE--

.data      0    20000400    00000202     UNINITIALIZED
                  20000400    000000f0     rtsv7M4_T_le_v4SPD16_eabi.lib : defs.obj (.data:_ftable)
                  200004f0    000000d0                                   : lowlev.obj (.data:$O1$$)
                  200005c0    00000010                                   : defs.obj (.data)
                  200005d0    0000000c                                   : exit.obj (.data:$O1$$)
                  200005dc    0000000c                                   : memory.obj (.data:$O1$$)
                  200005e8    00000008                                   : _lock.obj (.data:$O1$$)
                  200005f0    00000004                                   : errno.obj (.data)
                  200005f4    00000004                                   : fopen.obj (.data)
                  200005f8    00000004                                   : stkdepth_vars.obj (.data)
                  200005fc    00000004     system_msp432p401r.obj (.data)
                  20000600    00000002     main.obj (.data)

.bss       0    20000604    000001e7     UNINITIALIZED
                  20000604    00000120     rtsv7M4_T_le_v4SPD16_eabi.lib : trgmsg.obj (.bss:_CIOBUF_)
                  20000724    000000a0     (.common:__TI_tmpnams)
                  200007c4    00000010     (.common:rxDataArray)
                  200007d4    00000008                                   : trgdrv.obj (.bss:parmbuf)
                  200007dc    00000002     (.common:angle)
                  200007de    00000002     (.common:checksum)
                  200007e0    00000002     (.common:height)
                  200007e2    00000002     (.common:signatureNumber)
                  200007e4    00000002     (.common:width)
                  200007e6    00000002     (.common:xCenter)
                  200007e8    00000002     (.common:yCenter)
                  200007ea    00000001     (.common:data)

.stack     0    2000fe00    00000200     UNINITIALIZED
                  2000fe00    00000200     --HOLE--

MODULE SUMMARY

       Module                        code    ro data   rw data
       ------                        ----    -------   -------
    ./
       main.obj                      1036    84        66     
       system_msp432p401r.obj        812     0         8      
       startup_msp432p401r_ccs.obj   14      228       0      
    +--+-----------------------------+-------+---------+---------+
       Total:                        1862    312       74     
                                                              
    /Applications/ti/ccsv7/tools/compiler/ti-cgt-arm_17.3.0.STS/lib/rtsv7M4_T_le_v4SPD16_eabi.lib
       _printfi.obj                  4418    0         0      
       lowlev.obj                    780     0         416    
       memory.obj                    976     0         24     
       defs.obj                      0       0         832    
       trgdrv.obj                    804     0         16     
       trgmsg.obj                    104     0         576    
       ull_div_t2.obj                500     0         0      
       fopen.obj                     452     0         8      
       fd_add_t2.obj                 438     0         0      
       fd_div_t2.obj                 310     0         0      
       fputs.obj                     308     0         0      
       fd_cmp_t2.obj                 268     0         0      
       ctype.obj                     0       257       0      
       fd_mul_t2.obj                 252     0         0      
       s_scalbn.obj                  252     0         0      
       setvbuf.obj                   220     0         0      
       fflush.obj                    200     0         0      
       _io_perm.obj                  172     0         0      
       memcpy_t2.obj                 156     0         0      
       fclose.obj                    152     0         0      
       fputc.obj                     152     0         0      
       memset_t2.obj                 122     0         0      
       autoinit.obj                  112     0         0      
       printf.obj                    112     0         0      
       exit.obj                      84      0         24     
       copy_decompress_lzss.obj      104     0         0      
       fseek.obj                     100     0         0      
       s_frexp.obj                   100     0         0      
       boot.obj                      84      0         0      
       ltoa.obj                      84      0         0      
       atoi.obj                      76      0         0      
       cpy_tbl.obj                   76      0         0      
       fd_toi_t2.obj                 72      0         0      
       strncpy.obj                   54      0         0      
       i_tofd_t2.obj                 46      0         0      
       _lock.obj                     20      0         16     
       memchr.obj                    32      0         0      
       memccpy.obj                   28      0         0      
       args_main.obj                 24      0         0      
       strcmp.obj                    24      0         0      
       strchr.obj                    22      0         0      
       s_copysign.obj                20      0         0      
       strcpy.obj                    20      0         0      
       strlen.obj                    20      0         0      
       copy_decompress_none.obj      14      0         0      
       copy_zero_init.obj            12      0         0      
       errno.obj                     0       0         8      
       stkdepth_vars.obj             0       0         8      
       pre_init.obj                  4       0         0      
       mpu_init.obj                  2       0         0      
       startup.obj                   2       0         0      
    +--+-----------------------------+-------+---------+---------+
       Total:                        12384   257       1928   
                                                              
       Heap:                         0       0         2048   
       Stack:                        0       0         1024   
       Linker Generated:             0       151       0      
    +--+-----------------------------+-------+---------+---------+
       Grand Total:                  14246   720       5074   


LINKER GENERATED COPY TABLES

__TI_cinit_table @ 00003a70 records: 2, size/record: 8, table size: 16
	.data: load addr=000039e8, load size=00000073 bytes, run addr=20000400, run size=00000202 bytes, compression=lzss
	.bss: load addr=00003a68, load size=00000008 bytes, run addr=20000604, run size=000001e7 bytes, compression=zero_init


LINKER GENERATED HANDLER TABLE

__TI_handler_table @ 00003a5c records: 3, size/record: 4, table size: 12
	index: 0, handler: __TI_decompress_lzss
	index: 1, handler: __TI_decompress_none
	index: 2, handler: __TI_zero_init


GLOBAL SYMBOLS: SORTED ALPHABETICALLY BY Name 

address   name                           
-------   ----                           
0000387b  ADC14_IRQHandler               
0000387b  AES256_IRQHandler              
0000387b  BusFault_Handler               
000035a1  C$$EXIT                        
0000344b  C$$IO$$                        
0000387b  COMP_E0_IRQHandler             
0000387b  COMP_E1_IRQHandler             
0000387b  CS_IRQHandler                  
0000387b  DMA_ERR_IRQHandler             
0000387b  DMA_INT0_IRQHandler            
0000387b  DMA_INT1_IRQHandler            
0000387b  DMA_INT2_IRQHandler            
0000387b  DMA_INT3_IRQHandler            
0000387b  DebugMon_Handler               
0000387b  Default_Handler                
0000387b  EUSCIA0_IRQHandler             
000013d1  EUSCIA1_IRQHandler             
000013d1  EUSCIA1_IRQHandler             
0000387b  EUSCIA2_IRQHandler             
0000387b  EUSCIA3_IRQHandler             
0000387b  EUSCIB0_IRQHandler             
0000387b  EUSCIB1_IRQHandler             
0000387b  EUSCIB2_IRQHandler             
0000387b  EUSCIB3_IRQHandler             
0000387b  FLCTL_IRQHandler               
0000387b  FPU_IRQHandler                 
0000200b  HOSTclock                      
00001fd3  HOSTclose                      
00001f95  HOSTgetenv                     
00001f39  HOSTlseek                      
00001ee7  HOSTopen                       
00001e9b  HOSTread                       
00001e3d  HOSTrename                     
00001e03  HOSTtime                       
00001db5  HOSTtime64                     
00001d7d  HOSTunlink                     
00001d31  HOSTwrite                      
0000387b  HardFault_Handler              
0000387b  MemManage_Handler              
0000387b  NMI_Handler                    
0000387b  PCM_IRQHandler                 
0000387b  PORT1_IRQHandler               
0000387b  PORT2_IRQHandler               
0000387b  PORT3_IRQHandler               
0000387b  PORT4_IRQHandler               
0000387b  PORT5_IRQHandler               
0000387b  PORT6_IRQHandler               
0000387b  PSS_IRQHandler                 
0000387b  PendSV_Handler                 
0000387b  RTC_C_IRQHandler               
0000386f  Reset_Handler                  
UNDEFED   SHT$$INIT_ARRAY$$Base          
UNDEFED   SHT$$INIT_ARRAY$$Limit         
0000387b  SVC_Handler                    
0000387b  SysTick_Handler                
200005fc  SystemCoreClock                
00001a05  SystemCoreClockUpdate          
00001c79  SystemInit                     
0000387b  T32_INT1_IRQHandler            
0000387b  T32_INT2_IRQHandler            
0000387b  T32_INTC_IRQHandler            
0000387b  TA0_0_IRQHandler               
0000387b  TA0_N_IRQHandler               
0000387b  TA1_0_IRQHandler               
0000387b  TA1_N_IRQHandler               
0000387b  TA2_0_IRQHandler               
0000387b  TA2_N_IRQHandler               
0000387b  TA3_0_IRQHandler               
0000387b  TA3_N_IRQHandler               
0000387b  UsageFault_Handler             
4000480c  WDTCTL_SYM                     
0000387b  WDT_A_IRQHandler               
20000604  __CIOBUF_                      
20010000  __STACK_END                    
00000200  __STACK_SIZE                   
00000400  __SYSMEM_SIZE                  
00003a70  __TI_CINIT_Base                
00003a80  __TI_CINIT_Limit               
00003a5c  __TI_Handler_Table_Base        
00003a68  __TI_Handler_Table_Limit       
000032d5  __TI_auto_init                 
0000261d  __TI_cleanup                   
200005d0  __TI_cleanup_ptr               
0000301d  __TI_closefile                 
000033b5  __TI_decompress_lzss           
00003861  __TI_decompress_none           
00002e0d  __TI_doflush                   
200005d4  __TI_dtors_ptr                 
200005d8  __TI_enable_exit_profile_output
200005c0  __TI_ft_end                    
ffffffff  __TI_pprof_out_hndl            
00000931  __TI_printfi                   
ffffffff  __TI_prof_data_size            
ffffffff  __TI_prof_data_start           
00002f37  __TI_rd_ok                     
0000344f  __TI_readmsg                   
00000000  __TI_static_base__             
20000724  __TI_tmpnams                   
0000341d  __TI_writemsg                  
00002ed5  __TI_wrt_ok                    
0000387d  __TI_zero_init                 
0000314d  __aeabi_cdcmpeq                
0000314d  __aeabi_cdcmple                
000031d3  __aeabi_cdrcmple               
000036e1  __aeabi_d2iz                   
00002723  __aeabi_dadd                   
000028cf  __aeabi_ddiv                   
00002b39  __aeabi_dmul                   
00002719  __aeabi_dsub                   
0000375f  __aeabi_i2d                    
00003259  __aeabi_memclr                 
00003259  __aeabi_memclr4                
00003259  __aeabi_memclr8                
00002f81  __aeabi_memcpy                 
00002f81  __aeabi_memcpy4                
00002f81  __aeabi_memcpy8                
0000325b  __aeabi_memset                 
0000325b  __aeabi_memset4                
0000325b  __aeabi_memset8                
200005cc  __aeabi_stderr                 
200005c4  __aeabi_stdin                  
200005c8  __aeabi_stdout                 
00002361  __aeabi_uldivmod               
ffffffff  __binit__                      
ffffffff  __c_args__                     
00001227  __mpu_init                     
2000fe00  __stack                        
000037c9  _args_main                     
0000354d  _c_int00                       
0000388c  _ctypes_                       
20000400  _ftable                        
200005e8  _lock                          
0000381f  _nop                           
00003817  _register_lock                 
00003811  _register_unlock               
20000000  _sys_memory                    
000032d3  _system_post_cinit             
00003889  _system_pre_init               
200005ec  _unlock                        
000035a5  abort                          
000022b5  add_device                     
200007dc  angle                          
00003649  atoi                           
ffffffff  binit                          
000019d5  calloc                         
200007de  checksum                       
00002265  close                          
000039cc  compareConfig                  
00003695  copy_in                        
00003825  copysign                       
00003825  copysignl                      
20000600  currentState                   
200007ea  data                           
0000126d  didReceiveSyncWords            
200005f0  errno                          
000035ad  exit                           
00003083  fclose                         
00002e59  fflush                         
00002673  fopen                          
000030b5  fputc                          
00002a05  fputs                          
0000171f  free                           
00002649  freopen                        
000034e9  frexp                          
000034e9  frexpl                         
00003485  fseek                          
200007e0  height                         
20000601  index                          
00001229  initTimer                      
00000000  interruptVectors               
00002c35  ldexp                          
00002c35  ldexpl                         
00002241  lseek                          
000035f5  ltoa                           
000014c5  main                           
200005f8  main_func_sp                   
000016b5  malloc                         
000018e9  memalign                       
000037ad  memccpy                        
0000378d  memchr                         
00002f81  memcpy                         
00003261  memset                         
00001635  minit                          
000012f5  moveCar                        
00002193  open                           
000039dc  portMapping                    
0000334d  printf                         
000030b5  putc                           
00003139  putchar                        
00002b11  puts                           
0000216f  read                           
000017e1  realloc                        
000020e5  remove                         
00002147  remove_device                  
00002109  rename                         
200007c4  rxDataArray                    
00002c35  scalbn                         
00002c35  scalbnl                        
00002d31  setvbuf                        
200007e2  signatureNumber                
000037f9  strchr                         
000037e1  strcmp                         
00003839  strcpy                         
0000384d  strlen                         
00003729  strncpy                        
00003990  uartConfig                     
000020e5  unlink                         
000039b4  upConfig                       
200007e4  width                          
00002055  write                          
200007e6  xCenter                        
200007e8  yCenter                        


GLOBAL SYMBOLS: SORTED BY Symbol Address 

address   name                           
-------   ----                           
00000000  __TI_static_base__             
00000000  interruptVectors               
00000200  __STACK_SIZE                   
00000400  __SYSMEM_SIZE                  
00000931  __TI_printfi                   
00001227  __mpu_init                     
00001229  initTimer                      
0000126d  didReceiveSyncWords            
000012f5  moveCar                        
000013d1  EUSCIA1_IRQHandler             
000013d1  EUSCIA1_IRQHandler             
000014c5  main                           
00001635  minit                          
000016b5  malloc                         
0000171f  free                           
000017e1  realloc                        
000018e9  memalign                       
000019d5  calloc                         
00001a05  SystemCoreClockUpdate          
00001c79  SystemInit                     
00001d31  HOSTwrite                      
00001d7d  HOSTunlink                     
00001db5  HOSTtime64                     
00001e03  HOSTtime                       
00001e3d  HOSTrename                     
00001e9b  HOSTread                       
00001ee7  HOSTopen                       
00001f39  HOSTlseek                      
00001f95  HOSTgetenv                     
00001fd3  HOSTclose                      
0000200b  HOSTclock                      
00002055  write                          
000020e5  remove                         
000020e5  unlink                         
00002109  rename                         
00002147  remove_device                  
0000216f  read                           
00002193  open                           
00002241  lseek                          
00002265  close                          
000022b5  add_device                     
00002361  __aeabi_uldivmod               
0000261d  __TI_cleanup                   
00002649  freopen                        
00002673  fopen                          
00002719  __aeabi_dsub                   
00002723  __aeabi_dadd                   
000028cf  __aeabi_ddiv                   
00002a05  fputs                          
00002b11  puts                           
00002b39  __aeabi_dmul                   
00002c35  ldexp                          
00002c35  ldexpl                         
00002c35  scalbn                         
00002c35  scalbnl                        
00002d31  setvbuf                        
00002e0d  __TI_doflush                   
00002e59  fflush                         
00002ed5  __TI_wrt_ok                    
00002f37  __TI_rd_ok                     
00002f81  __aeabi_memcpy                 
00002f81  __aeabi_memcpy4                
00002f81  __aeabi_memcpy8                
00002f81  memcpy                         
0000301d  __TI_closefile                 
00003083  fclose                         
000030b5  fputc                          
000030b5  putc                           
00003139  putchar                        
0000314d  __aeabi_cdcmpeq                
0000314d  __aeabi_cdcmple                
000031d3  __aeabi_cdrcmple               
00003259  __aeabi_memclr                 
00003259  __aeabi_memclr4                
00003259  __aeabi_memclr8                
0000325b  __aeabi_memset                 
0000325b  __aeabi_memset4                
0000325b  __aeabi_memset8                
00003261  memset                         
000032d3  _system_post_cinit             
000032d5  __TI_auto_init                 
0000334d  printf                         
000033b5  __TI_decompress_lzss           
0000341d  __TI_writemsg                  
0000344b  C$$IO$$                        
0000344f  __TI_readmsg                   
00003485  fseek                          
000034e9  frexp                          
000034e9  frexpl                         
0000354d  _c_int00                       
000035a1  C$$EXIT                        
000035a5  abort                          
000035ad  exit                           
000035f5  ltoa                           
00003649  atoi                           
00003695  copy_in                        
000036e1  __aeabi_d2iz                   
00003729  strncpy                        
0000375f  __aeabi_i2d                    
0000378d  memchr                         
000037ad  memccpy                        
000037c9  _args_main                     
000037e1  strcmp                         
000037f9  strchr                         
00003811  _register_unlock               
00003817  _register_lock                 
0000381f  _nop                           
00003825  copysign                       
00003825  copysignl                      
00003839  strcpy                         
0000384d  strlen                         
00003861  __TI_decompress_none           
0000386f  Reset_Handler                  
0000387b  ADC14_IRQHandler               
0000387b  AES256_IRQHandler              
0000387b  BusFault_Handler               
0000387b  COMP_E0_IRQHandler             
0000387b  COMP_E1_IRQHandler             
0000387b  CS_IRQHandler                  
0000387b  DMA_ERR_IRQHandler             
0000387b  DMA_INT0_IRQHandler            
0000387b  DMA_INT1_IRQHandler            
0000387b  DMA_INT2_IRQHandler            
0000387b  DMA_INT3_IRQHandler            
0000387b  DebugMon_Handler               
0000387b  Default_Handler                
0000387b  EUSCIA0_IRQHandler             
0000387b  EUSCIA2_IRQHandler             
0000387b  EUSCIA3_IRQHandler             
0000387b  EUSCIB0_IRQHandler             
0000387b  EUSCIB1_IRQHandler             
0000387b  EUSCIB2_IRQHandler             
0000387b  EUSCIB3_IRQHandler             
0000387b  FLCTL_IRQHandler               
0000387b  FPU_IRQHandler                 
0000387b  HardFault_Handler              
0000387b  MemManage_Handler              
0000387b  NMI_Handler                    
0000387b  PCM_IRQHandler                 
0000387b  PORT1_IRQHandler               
0000387b  PORT2_IRQHandler               
0000387b  PORT3_IRQHandler               
0000387b  PORT4_IRQHandler               
0000387b  PORT5_IRQHandler               
0000387b  PORT6_IRQHandler               
0000387b  PSS_IRQHandler                 
0000387b  PendSV_Handler                 
0000387b  RTC_C_IRQHandler               
0000387b  SVC_Handler                    
0000387b  SysTick_Handler                
0000387b  T32_INT1_IRQHandler            
0000387b  T32_INT2_IRQHandler            
0000387b  T32_INTC_IRQHandler            
0000387b  TA0_0_IRQHandler               
0000387b  TA0_N_IRQHandler               
0000387b  TA1_0_IRQHandler               
0000387b  TA1_N_IRQHandler               
0000387b  TA2_0_IRQHandler               
0000387b  TA2_N_IRQHandler               
0000387b  TA3_0_IRQHandler               
0000387b  TA3_N_IRQHandler               
0000387b  UsageFault_Handler             
0000387b  WDT_A_IRQHandler               
0000387d  __TI_zero_init                 
00003889  _system_pre_init               
0000388c  _ctypes_                       
00003990  uartConfig                     
000039b4  upConfig                       
000039cc  compareConfig                  
000039dc  portMapping                    
00003a5c  __TI_Handler_Table_Base        
00003a68  __TI_Handler_Table_Limit       
00003a70  __TI_CINIT_Base                
00003a80  __TI_CINIT_Limit               
20000000  _sys_memory                    
20000400  _ftable                        
200005c0  __TI_ft_end                    
200005c4  __aeabi_stdin                  
200005c8  __aeabi_stdout                 
200005cc  __aeabi_stderr                 
200005d0  __TI_cleanup_ptr               
200005d4  __TI_dtors_ptr                 
200005d8  __TI_enable_exit_profile_output
200005e8  _lock                          
200005ec  _unlock                        
200005f0  errno                          
200005f8  main_func_sp                   
200005fc  SystemCoreClock                
20000600  currentState                   
20000601  index                          
20000604  __CIOBUF_                      
20000724  __TI_tmpnams                   
200007c4  rxDataArray                    
200007dc  angle                          
200007de  checksum                       
200007e0  height                         
200007e2  signatureNumber                
200007e4  width                          
200007e6  xCenter                        
200007e8  yCenter                        
200007ea  data                           
2000fe00  __stack                        
20010000  __STACK_END                    
4000480c  WDTCTL_SYM                     
ffffffff  __TI_pprof_out_hndl            
ffffffff  __TI_prof_data_size            
ffffffff  __TI_prof_data_start           
ffffffff  __binit__                      
ffffffff  __c_args__                     
ffffffff  binit                          
UNDEFED   SHT$$INIT_ARRAY$$Base          
UNDEFED   SHT$$INIT_ARRAY$$Limit         

[212 symbols]
