******************************************************************************
                  TI ARM Linker Unix v17.3.0                   
******************************************************************************
>> Linked Sat Apr 29 00:18:00 2017

OUTPUT FILE NAME:   <pixyUart.out>
ENTRY POINT SYMBOL: "_c_int00"  address: 00000a5d


MEMORY CONFIGURATION

         name            origin    length      used     unused   attr    fill
----------------------  --------  ---------  --------  --------  ----  --------
  MAIN                  00000000   00040000  00000c3e  0003f3c2  R  X
  INFO                  00200000   00004000  00000000  00004000  R  X
  SRAM_CODE             01000000   00010000  0000023d  0000fdc3  RW X
  SRAM_DATA             20000000   00010000  0000023d  0000fdc3  RW  


SEGMENT ALLOCATION MAP

run origin  load origin   length   init length attrs members
----------  ----------- ---------- ----------- ----- -------
00000000    00000000    00000c40   00000c40    r-x
  00000000    00000000    000000e4   000000e4    r-- .intvecs
  000000e4    000000e4    00000ac6   00000ac6    r-x .text
  00000bac    00000bac    00000054   00000054    r-- .const
  00000c00    00000c00    00000040   00000040    r-- .cinit
20000000    20000000    0000003e   00000000    rw-
  20000000    20000000    0000001f   00000000    rw- .bss
  20000020    20000020    0000001e   00000000    rw- .data
2000fe00    2000fe00    00000200   00000000    rw-
  2000fe00    2000fe00    00000200   00000000    rw- .stack


SECTION ALLOCATION MAP

 output                                  attributes/
section   page    origin      length       input sections
--------  ----  ----------  ----------   ----------------
.intvecs   0    00000000    000000e4     
                  00000000    000000e4     startup_msp432p401r_ccs.obj (.intvecs:retain)

.text      0    000000e4    00000ac6     
                  000000e4    0000045c     main.obj (.text)
                  00000540    0000032c     system_msp432p401r.obj (.text)
                  0000086c    0000009c     rtsv7M4_T_le_v4SPD16_eabi.lib : memcpy_t2.obj (.text)
                  00000908    0000007a                                   : memset_t2.obj (.text)
                  00000982    00000002                                   : mpu_init.obj (.text)
                  00000984    00000070                                   : autoinit.obj (.text)
                  000009f4    00000068                                   : copy_decompress_lzss.obj (.text:decompress:lzss)
                  00000a5c    00000054                                   : boot.obj (.text)
                  00000ab0    00000054                                   : exit.obj (.text)
                  00000b04    0000004c                                   : cpy_tbl.obj (.text)
                  00000b50    00000018                                   : args_main.obj (.text)
                  00000b68    00000014                                   : _lock.obj (.text)
                  00000b7c    0000000e                                   : copy_decompress_none.obj (.text:decompress:none)
                  00000b8a    0000000e     startup_msp432p401r_ccs.obj (.text)
                  00000b98    0000000c     rtsv7M4_T_le_v4SPD16_eabi.lib : copy_zero_init.obj (.text:decompress:ZI)
                  00000ba4    00000004                                   : pre_init.obj (.text)
                  00000ba8    00000002                                   : startup.obj (.text)

.const     0    00000bac    00000054     
                  00000bac    00000024     main.obj (.const:uartConfig)
                  00000bd0    00000018     main.obj (.const:upConfig)
                  00000be8    00000010     main.obj (.const:compareConfig)
                  00000bf8    00000008     main.obj (.const:.string:portMapping)

.cinit     0    00000c00    00000040     
                  00000c00    00000016     (.cinit..data.load) [load image, compression = lzss]
                  00000c16    00000002     --HOLE-- [fill = 0]
                  00000c18    0000000c     (__TI_handler_table)
                  00000c24    00000004     --HOLE-- [fill = 0]
                  00000c28    00000008     (.cinit..bss.load) [load image, compression = zero_init]
                  00000c30    00000010     (__TI_cinit_table)

.init_array 
*          0    00000000    00000000     UNINITIALIZED

.binit     0    00000000    00000000     

.bss       0    20000000    0000001f     UNINITIALIZED
                  20000000    00000010     (.common:rxDataArray)
                  20000010    00000002     (.common:angle)
                  20000012    00000002     (.common:checksum)
                  20000014    00000002     (.common:height)
                  20000016    00000002     (.common:signatureNumber)
                  20000018    00000002     (.common:width)
                  2000001a    00000002     (.common:xCenter)
                  2000001c    00000002     (.common:yCenter)
                  2000001e    00000001     (.common:data)

.data      0    20000020    0000001e     UNINITIALIZED
                  20000020    0000000c     rtsv7M4_T_le_v4SPD16_eabi.lib : exit.obj (.data:$O1$$)
                  2000002c    00000008                                   : _lock.obj (.data:$O1$$)
                  20000034    00000004                                   : stkdepth_vars.obj (.data)
                  20000038    00000004     system_msp432p401r.obj (.data)
                  2000003c    00000002     main.obj (.data)

.stack     0    2000fe00    00000200     UNINITIALIZED
                  2000fe00    00000200     --HOLE--

MODULE SUMMARY

       Module                        code   ro data   rw data
       ------                        ----   -------   -------
    ./
       main.obj                      1116   84        66     
       system_msp432p401r.obj        812    0         8      
       startup_msp432p401r_ccs.obj   14     228       0      
    +--+-----------------------------+------+---------+---------+
       Total:                        1942   312       74     
                                                             
    /Applications/ti/ccsv7/tools/compiler/ti-cgt-arm_17.3.0.STS/lib/rtsv7M4_T_le_v4SPD16_eabi.lib
       memcpy_t2.obj                 156    0         0      
       memset_t2.obj                 122    0         0      
       autoinit.obj                  112    0         0      
       exit.obj                      84     0         24     
       copy_decompress_lzss.obj      104    0         0      
       boot.obj                      84     0         0      
       cpy_tbl.obj                   76     0         0      
       _lock.obj                     20     0         16     
       args_main.obj                 24     0         0      
       copy_decompress_none.obj      14     0         0      
       copy_zero_init.obj            12     0         0      
       stkdepth_vars.obj             0      0         8      
       pre_init.obj                  4      0         0      
       mpu_init.obj                  2      0         0      
       startup.obj                   2      0         0      
    +--+-----------------------------+------+---------+---------+
       Total:                        816    0         48     
                                                             
       Stack:                        0      0         1024   
       Linker Generated:             0      58        0      
    +--+-----------------------------+------+---------+---------+
       Grand Total:                  2758   370       1146   


LINKER GENERATED COPY TABLES

__TI_cinit_table @ 00000c30 records: 2, size/record: 8, table size: 16
	.data: load addr=00000c00, load size=00000016 bytes, run addr=20000020, run size=0000001e bytes, compression=lzss
	.bss: load addr=00000c28, load size=00000008 bytes, run addr=20000000, run size=0000001f bytes, compression=zero_init


LINKER GENERATED HANDLER TABLE

__TI_handler_table @ 00000c18 records: 3, size/record: 4, table size: 12
	index: 0, handler: __TI_decompress_lzss
	index: 1, handler: __TI_decompress_none
	index: 2, handler: __TI_zero_init


GLOBAL SYMBOLS: SORTED ALPHABETICALLY BY Name 

address   name                           
-------   ----                           
00000b97  ADC14_IRQHandler               
00000b97  AES256_IRQHandler              
00000b97  BusFault_Handler               
00000ab1  C$$EXIT                        
00000b97  COMP_E0_IRQHandler             
00000b97  COMP_E1_IRQHandler             
00000b97  CS_IRQHandler                  
00000b97  DMA_ERR_IRQHandler             
00000b97  DMA_INT0_IRQHandler            
00000b97  DMA_INT1_IRQHandler            
00000b97  DMA_INT2_IRQHandler            
00000b97  DMA_INT3_IRQHandler            
00000b97  DebugMon_Handler               
00000b97  Default_Handler                
00000b97  EUSCIA0_IRQHandler             
000002bb  EUSCIA1_IRQHandler             
000002bb  EUSCIA1_IRQHandler             
00000b97  EUSCIA2_IRQHandler             
00000b97  EUSCIA3_IRQHandler             
00000b97  EUSCIB0_IRQHandler             
00000b97  EUSCIB1_IRQHandler             
00000b97  EUSCIB2_IRQHandler             
00000b97  EUSCIB3_IRQHandler             
00000b97  FLCTL_IRQHandler               
00000b97  FPU_IRQHandler                 
00000b97  HardFault_Handler              
00000b97  MemManage_Handler              
00000b97  NMI_Handler                    
00000b97  PCM_IRQHandler                 
00000b97  PORT1_IRQHandler               
00000b97  PORT2_IRQHandler               
00000b97  PORT3_IRQHandler               
00000b97  PORT4_IRQHandler               
00000b97  PORT5_IRQHandler               
00000b97  PORT6_IRQHandler               
00000b97  PSS_IRQHandler                 
00000b97  PendSV_Handler                 
00000b97  RTC_C_IRQHandler               
00000b8b  Reset_Handler                  
UNDEFED   SHT$$INIT_ARRAY$$Base          
UNDEFED   SHT$$INIT_ARRAY$$Limit         
00000b97  SVC_Handler                    
00000b97  SysTick_Handler                
20000038  SystemCoreClock                
00000541  SystemCoreClockUpdate          
000007b5  SystemInit                     
00000b97  T32_INT1_IRQHandler            
00000b97  T32_INT2_IRQHandler            
00000b97  T32_INTC_IRQHandler            
00000b97  TA0_0_IRQHandler               
00000b97  TA0_N_IRQHandler               
00000b97  TA1_0_IRQHandler               
00000b97  TA1_N_IRQHandler               
00000b97  TA2_0_IRQHandler               
00000b97  TA2_N_IRQHandler               
00000b97  TA3_0_IRQHandler               
00000b97  TA3_N_IRQHandler               
00000b97  UsageFault_Handler             
4000480c  WDTCTL_SYM                     
00000b97  WDT_A_IRQHandler               
20010000  __STACK_END                    
00000200  __STACK_SIZE                   
00000c30  __TI_CINIT_Base                
00000c40  __TI_CINIT_Limit               
00000c18  __TI_Handler_Table_Base        
00000c24  __TI_Handler_Table_Limit       
00000985  __TI_auto_init                 
20000020  __TI_cleanup_ptr               
000009f5  __TI_decompress_lzss           
00000b7d  __TI_decompress_none           
20000024  __TI_dtors_ptr                 
20000028  __TI_enable_exit_profile_output
ffffffff  __TI_pprof_out_hndl            
ffffffff  __TI_prof_data_size            
ffffffff  __TI_prof_data_start           
00000000  __TI_static_base__             
00000b99  __TI_zero_init                 
00000909  __aeabi_memclr                 
00000909  __aeabi_memclr4                
00000909  __aeabi_memclr8                
0000086d  __aeabi_memcpy                 
0000086d  __aeabi_memcpy4                
0000086d  __aeabi_memcpy8                
0000090b  __aeabi_memset                 
0000090b  __aeabi_memset4                
0000090b  __aeabi_memset8                
ffffffff  __binit__                      
ffffffff  __c_args__                     
00000983  __mpu_init                     
2000fe00  __stack                        
00000b51  _args_main                     
00000a5d  _c_int00                       
2000002c  _lock                          
00000b77  _nop                           
00000b6f  _register_lock                 
00000b69  _register_unlock               
00000ba9  _system_post_cinit             
00000ba5  _system_pre_init               
20000030  _unlock                        
00000ab5  abort                          
20000010  angle                          
ffffffff  binit                          
20000012  checksum                       
00000be8  compareConfig                  
00000b05  copy_in                        
2000003c  currentState                   
2000001e  data                           
00000129  didReceiveSyncWords            
00000abd  exit                           
20000014  height                         
2000003d  index                          
000000e5  initTimer                      
00000000  interruptVectors               
000003a5  main                           
20000034  main_func_sp                   
0000086d  memcpy                         
00000911  memset                         
000001b1  moveCar                        
00000bf8  portMapping                    
20000000  rxDataArray                    
20000016  signatureNumber                
00000bac  uartConfig                     
00000bd0  upConfig                       
20000018  width                          
2000001a  xCenter                        
2000001c  yCenter                        


GLOBAL SYMBOLS: SORTED BY Symbol Address 

address   name                           
-------   ----                           
00000000  __TI_static_base__             
00000000  interruptVectors               
000000e5  initTimer                      
00000129  didReceiveSyncWords            
000001b1  moveCar                        
00000200  __STACK_SIZE                   
000002bb  EUSCIA1_IRQHandler             
000002bb  EUSCIA1_IRQHandler             
000003a5  main                           
00000541  SystemCoreClockUpdate          
000007b5  SystemInit                     
0000086d  __aeabi_memcpy                 
0000086d  __aeabi_memcpy4                
0000086d  __aeabi_memcpy8                
0000086d  memcpy                         
00000909  __aeabi_memclr                 
00000909  __aeabi_memclr4                
00000909  __aeabi_memclr8                
0000090b  __aeabi_memset                 
0000090b  __aeabi_memset4                
0000090b  __aeabi_memset8                
00000911  memset                         
00000983  __mpu_init                     
00000985  __TI_auto_init                 
000009f5  __TI_decompress_lzss           
00000a5d  _c_int00                       
00000ab1  C$$EXIT                        
00000ab5  abort                          
00000abd  exit                           
00000b05  copy_in                        
00000b51  _args_main                     
00000b69  _register_unlock               
00000b6f  _register_lock                 
00000b77  _nop                           
00000b7d  __TI_decompress_none           
00000b8b  Reset_Handler                  
00000b97  ADC14_IRQHandler               
00000b97  AES256_IRQHandler              
00000b97  BusFault_Handler               
00000b97  COMP_E0_IRQHandler             
00000b97  COMP_E1_IRQHandler             
00000b97  CS_IRQHandler                  
00000b97  DMA_ERR_IRQHandler             
00000b97  DMA_INT0_IRQHandler            
00000b97  DMA_INT1_IRQHandler            
00000b97  DMA_INT2_IRQHandler            
00000b97  DMA_INT3_IRQHandler            
00000b97  DebugMon_Handler               
00000b97  Default_Handler                
00000b97  EUSCIA0_IRQHandler             
00000b97  EUSCIA2_IRQHandler             
00000b97  EUSCIA3_IRQHandler             
00000b97  EUSCIB0_IRQHandler             
00000b97  EUSCIB1_IRQHandler             
00000b97  EUSCIB2_IRQHandler             
00000b97  EUSCIB3_IRQHandler             
00000b97  FLCTL_IRQHandler               
00000b97  FPU_IRQHandler                 
00000b97  HardFault_Handler              
00000b97  MemManage_Handler              
00000b97  NMI_Handler                    
00000b97  PCM_IRQHandler                 
00000b97  PORT1_IRQHandler               
00000b97  PORT2_IRQHandler               
00000b97  PORT3_IRQHandler               
00000b97  PORT4_IRQHandler               
00000b97  PORT5_IRQHandler               
00000b97  PORT6_IRQHandler               
00000b97  PSS_IRQHandler                 
00000b97  PendSV_Handler                 
00000b97  RTC_C_IRQHandler               
00000b97  SVC_Handler                    
00000b97  SysTick_Handler                
00000b97  T32_INT1_IRQHandler            
00000b97  T32_INT2_IRQHandler            
00000b97  T32_INTC_IRQHandler            
00000b97  TA0_0_IRQHandler               
00000b97  TA0_N_IRQHandler               
00000b97  TA1_0_IRQHandler               
00000b97  TA1_N_IRQHandler               
00000b97  TA2_0_IRQHandler               
00000b97  TA2_N_IRQHandler               
00000b97  TA3_0_IRQHandler               
00000b97  TA3_N_IRQHandler               
00000b97  UsageFault_Handler             
00000b97  WDT_A_IRQHandler               
00000b99  __TI_zero_init                 
00000ba5  _system_pre_init               
00000ba9  _system_post_cinit             
00000bac  uartConfig                     
00000bd0  upConfig                       
00000be8  compareConfig                  
00000bf8  portMapping                    
00000c18  __TI_Handler_Table_Base        
00000c24  __TI_Handler_Table_Limit       
00000c30  __TI_CINIT_Base                
00000c40  __TI_CINIT_Limit               
20000000  rxDataArray                    
20000010  angle                          
20000012  checksum                       
20000014  height                         
20000016  signatureNumber                
20000018  width                          
2000001a  xCenter                        
2000001c  yCenter                        
2000001e  data                           
20000020  __TI_cleanup_ptr               
20000024  __TI_dtors_ptr                 
20000028  __TI_enable_exit_profile_output
2000002c  _lock                          
20000030  _unlock                        
20000034  main_func_sp                   
20000038  SystemCoreClock                
2000003c  currentState                   
2000003d  index                          
2000fe00  __stack                        
20010000  __STACK_END                    
4000480c  WDTCTL_SYM                     
ffffffff  __TI_pprof_out_hndl            
ffffffff  __TI_prof_data_size            
ffffffff  __TI_prof_data_start           
ffffffff  __binit__                      
ffffffff  __c_args__                     
ffffffff  binit                          
UNDEFED   SHT$$INIT_ARRAY$$Base          
UNDEFED   SHT$$INIT_ARRAY$$Limit         

[126 symbols]
