******************************************************************************
                  TI ARM Linker Unix v17.3.0                   
******************************************************************************
>> Linked Wed May  3 03:49:40 2017

OUTPUT FILE NAME:   <pixyUart.out>
ENTRY POINT SYMBOL: "_c_int00"  address: 00000ea1


MEMORY CONFIGURATION

         name            origin    length      used     unused   attr    fill
----------------------  --------  ---------  --------  --------  ----  --------
  MAIN                  00000000   00040000  00001082  0003ef7e  R  X
  INFO                  00200000   00004000  00000000  00004000  R  X
  SRAM_CODE             01000000   00010000  00000263  0000fd9d  RW X
  SRAM_DATA             20000000   00010000  00000263  0000fd9d  RW  


SEGMENT ALLOCATION MAP

run origin  load origin   length   init length attrs members
----------  ----------- ---------- ----------- ----- -------
00000000    00000000    00001088   00001088    r-x
  00000000    00000000    000000e4   000000e4    r-- .intvecs
  000000e4    000000e4    00000f0a   00000f0a    r-x .text
  00000ff0    00000ff0    00000054   00000054    r-- .const
  00001048    00001048    00000040   00000040    r-- .cinit
20000000    20000000    00000064   00000000    rw-
  20000000    20000000    00000037   00000000    rw- .bss
  20000038    20000038    0000002c   00000000    rw- .data
2000fe00    2000fe00    00000200   00000000    rw-
  2000fe00    2000fe00    00000200   00000000    rw- .stack


SECTION ALLOCATION MAP

 output                                  attributes/
section   page    origin      length       input sections
--------  ----  ----------  ----------   ----------------
.intvecs   0    00000000    000000e4     
                  00000000    000000e4     startup_msp432p401r_ccs.obj (.intvecs:retain)

.text      0    000000e4    00000f0a     
                  000000e4    000008a0     main.obj (.text)
                  00000984    0000032c     system_msp432p401r.obj (.text)
                  00000cb0    0000009c     rtsv7M4_T_le_v4SPD16_eabi.lib : memcpy_t2.obj (.text)
                  00000d4c    0000007a                                   : memset_t2.obj (.text)
                  00000dc6    00000002                                   : mpu_init.obj (.text)
                  00000dc8    00000070                                   : autoinit.obj (.text)
                  00000e38    00000068                                   : copy_decompress_lzss.obj (.text:decompress:lzss)
                  00000ea0    00000054                                   : boot.obj (.text)
                  00000ef4    00000054                                   : exit.obj (.text)
                  00000f48    0000004c                                   : cpy_tbl.obj (.text)
                  00000f94    00000018                                   : args_main.obj (.text)
                  00000fac    00000014                                   : _lock.obj (.text)
                  00000fc0    0000000e                                   : copy_decompress_none.obj (.text:decompress:none)
                  00000fce    0000000e     startup_msp432p401r_ccs.obj (.text)
                  00000fdc    0000000c     rtsv7M4_T_le_v4SPD16_eabi.lib : copy_zero_init.obj (.text:decompress:ZI)
                  00000fe8    00000004                                   : pre_init.obj (.text)
                  00000fec    00000002                                   : startup.obj (.text)

.const     0    00000ff0    00000054     
                  00000ff0    00000024     main.obj (.const:uartConfig)
                  00001014    00000018     main.obj (.const:upConfig)
                  0000102c    00000010     main.obj (.const:compareConfig)
                  0000103c    00000008     main.obj (.const:.string:portMapping)

.cinit     0    00001048    00000040     
                  00001048    0000001b     (.cinit..data.load) [load image, compression = lzss]
                  00001063    00000001     --HOLE-- [fill = 0]
                  00001064    0000000c     (__TI_handler_table)
                  00001070    00000008     (.cinit..bss.load) [load image, compression = zero_init]
                  00001078    00000010     (__TI_cinit_table)

.init_array 
*          0    00000000    00000000     UNINITIALIZED

.binit     0    00000000    00000000     

.bss       0    20000000    00000037     UNINITIALIZED
                  20000000    00000010     (.common:rxDataArray)
                  20000010    0000000c     (.common:bleRxDataArray)
                  2000001c    00000004     (.common:xAcc)
                  20000020    00000004     (.common:yAcc)
                  20000024    00000004     (.common:zAcc)
                  20000028    00000002     (.common:angle)
                  2000002a    00000002     (.common:checksum)
                  2000002c    00000002     (.common:height)
                  2000002e    00000002     (.common:signatureNumber)
                  20000030    00000002     (.common:width)
                  20000032    00000002     (.common:xCenter)
                  20000034    00000002     (.common:yCenter)
                  20000036    00000001     (.common:data)

.data      0    20000038    0000002c     UNINITIALIZED
                  20000038    00000010     main.obj (.data)
                  20000048    0000000c     rtsv7M4_T_le_v4SPD16_eabi.lib : exit.obj (.data:$O1$$)
                  20000054    00000008                                   : _lock.obj (.data:$O1$$)
                  2000005c    00000004                                   : stkdepth_vars.obj (.data)
                  20000060    00000004     system_msp432p401r.obj (.data)

.stack     0    2000fe00    00000200     UNINITIALIZED
                  2000fe00    00000200     --HOLE--

MODULE SUMMARY

       Module                        code   ro data   rw data
       ------                        ----   -------   -------
    ./
       main.obj                      2208   84        142    
       system_msp432p401r.obj        812    0         8      
       startup_msp432p401r_ccs.obj   14     228       0      
    +--+-----------------------------+------+---------+---------+
       Total:                        3034   312       150    
                                                             
    /Applications/ti/ccsv7/tools/compiler/ti-cgt-arm_17.3.0.STS/lib/rtsv7M4_T_le_v4SPD16_eabi.lib
       memcpy_t2.obj                 156    0         0      
       memset_t2.obj                 122    0         0      
       autoinit.obj                  112    0         0      
       exit.obj                      84     0         24     
       copy_decompress_lzss.obj      104    0         0      
       boot.obj                      84     0         0      
       cpy_tbl.obj                   76     0         0      
       _lock.obj                     20     0         16     
       args_main.obj                 24     0         0      
       copy_decompress_none.obj      14     0         0      
       copy_zero_init.obj            12     0         0      
       stkdepth_vars.obj             0      0         8      
       pre_init.obj                  4      0         0      
       mpu_init.obj                  2      0         0      
       startup.obj                   2      0         0      
    +--+-----------------------------+------+---------+---------+
       Total:                        816    0         48     
                                                             
       Stack:                        0      0         1024   
       Linker Generated:             0      63        0      
    +--+-----------------------------+------+---------+---------+
       Grand Total:                  3850   375       1222   


LINKER GENERATED COPY TABLES

__TI_cinit_table @ 00001078 records: 2, size/record: 8, table size: 16
	.data: load addr=00001048, load size=0000001b bytes, run addr=20000038, run size=0000002c bytes, compression=lzss
	.bss: load addr=00001070, load size=00000008 bytes, run addr=20000000, run size=00000037 bytes, compression=zero_init


LINKER GENERATED HANDLER TABLE

__TI_handler_table @ 00001064 records: 3, size/record: 4, table size: 12
	index: 0, handler: __TI_decompress_lzss
	index: 1, handler: __TI_decompress_none
	index: 2, handler: __TI_zero_init


GLOBAL SYMBOLS: SORTED ALPHABETICALLY BY Name 

address   name                           
-------   ----                           
00000fdb  ADC14_IRQHandler               
00000fdb  AES256_IRQHandler              
00000fdb  BusFault_Handler               
00000ef5  C$$EXIT                        
00000fdb  COMP_E0_IRQHandler             
00000fdb  COMP_E1_IRQHandler             
00000fdb  CS_IRQHandler                  
00000fdb  DMA_ERR_IRQHandler             
00000fdb  DMA_INT0_IRQHandler            
00000fdb  DMA_INT1_IRQHandler            
00000fdb  DMA_INT2_IRQHandler            
00000fdb  DMA_INT3_IRQHandler            
00000fdb  DebugMon_Handler               
00000fdb  Default_Handler                
00000fdb  EUSCIA0_IRQHandler             
000002b1  EUSCIA1_IRQHandler             
000002b1  EUSCIA1_IRQHandler             
00000409  EUSCIA2_IRQHandler             
00000409  EUSCIA2_IRQHandler             
00000fdb  EUSCIA3_IRQHandler             
00000fdb  EUSCIB0_IRQHandler             
00000fdb  EUSCIB1_IRQHandler             
00000fdb  EUSCIB2_IRQHandler             
00000fdb  EUSCIB3_IRQHandler             
00000fdb  FLCTL_IRQHandler               
00000fdb  FPU_IRQHandler                 
00000fdb  HardFault_Handler              
00000fdb  MemManage_Handler              
00000fdb  NMI_Handler                    
00000fdb  PCM_IRQHandler                 
00000fdb  PORT1_IRQHandler               
00000fdb  PORT2_IRQHandler               
00000fdb  PORT3_IRQHandler               
00000fdb  PORT4_IRQHandler               
00000fdb  PORT5_IRQHandler               
00000fdb  PORT6_IRQHandler               
00000fdb  PSS_IRQHandler                 
00000fdb  PendSV_Handler                 
00000fdb  RTC_C_IRQHandler               
00000fcf  Reset_Handler                  
UNDEFED   SHT$$INIT_ARRAY$$Base          
UNDEFED   SHT$$INIT_ARRAY$$Limit         
00000fdb  SVC_Handler                    
00000fdb  SysTick_Handler                
20000060  SystemCoreClock                
00000985  SystemCoreClockUpdate          
00000bf9  SystemInit                     
00000fdb  T32_INT1_IRQHandler            
00000fdb  T32_INT2_IRQHandler            
00000fdb  T32_INTC_IRQHandler            
00000fdb  TA0_0_IRQHandler               
00000fdb  TA0_N_IRQHandler               
00000fdb  TA1_0_IRQHandler               
00000fdb  TA1_N_IRQHandler               
00000fdb  TA2_0_IRQHandler               
00000fdb  TA2_N_IRQHandler               
00000fdb  TA3_0_IRQHandler               
00000fdb  TA3_N_IRQHandler               
00000fdb  UsageFault_Handler             
4000480c  WDTCTL_SYM                     
00000fdb  WDT_A_IRQHandler               
20010000  __STACK_END                    
00000200  __STACK_SIZE                   
00001078  __TI_CINIT_Base                
00001088  __TI_CINIT_Limit               
00001064  __TI_Handler_Table_Base        
00001070  __TI_Handler_Table_Limit       
00000dc9  __TI_auto_init                 
20000048  __TI_cleanup_ptr               
00000e39  __TI_decompress_lzss           
00000fc1  __TI_decompress_none           
2000004c  __TI_dtors_ptr                 
20000050  __TI_enable_exit_profile_output
ffffffff  __TI_pprof_out_hndl            
ffffffff  __TI_prof_data_size            
ffffffff  __TI_prof_data_start           
00000000  __TI_static_base__             
00000fdd  __TI_zero_init                 
00000d4d  __aeabi_memclr                 
00000d4d  __aeabi_memclr4                
00000d4d  __aeabi_memclr8                
00000cb1  __aeabi_memcpy                 
00000cb1  __aeabi_memcpy4                
00000cb1  __aeabi_memcpy8                
00000d4f  __aeabi_memset                 
00000d4f  __aeabi_memset4                
00000d4f  __aeabi_memset8                
ffffffff  __binit__                      
ffffffff  __c_args__                     
00000dc7  __mpu_init                     
2000fe00  __stack                        
00000f95  _args_main                     
00000ea1  _c_int00                       
20000054  _lock                          
00000fbb  _nop                           
00000fb3  _register_lock                 
00000fad  _register_unlock               
00000fed  _system_post_cinit             
00000fe9  _system_pre_init               
20000058  _unlock                        
00000ef9  abort                          
20000028  angle                          
ffffffff  binit                          
2000003a  bleIndex                       
20000010  bleRxDataArray                 
2000002a  checksum                       
0000102c  compareConfig                  
00000f49  copy_in                        
20000038  currentState                   
20000036  data                           
00000129  didReceiveSyncWords            
00000f01  exit                           
2000002c  height                         
20000039  index                          
000000e5  initTimer                      
00000000  interruptVectors               
0000079d  main                           
2000005c  main_func_sp                   
00000cb1  memcpy                         
00000d55  memset                         
000001b1  moveCar                        
0000103c  portMapping                    
20000000  rxDataArray                    
2000002e  signatureNumber                
00000ff0  uartConfig                     
00001014  upConfig                       
20000030  width                          
2000003c  x                              
2000001c  xAcc                           
20000032  xCenter                        
20000040  y                              
20000020  yAcc                           
20000034  yCenter                        
20000044  z                              
20000024  zAcc                           


GLOBAL SYMBOLS: SORTED BY Symbol Address 

address   name                           
-------   ----                           
00000000  __TI_static_base__             
00000000  interruptVectors               
000000e5  initTimer                      
00000129  didReceiveSyncWords            
000001b1  moveCar                        
00000200  __STACK_SIZE                   
000002b1  EUSCIA1_IRQHandler             
000002b1  EUSCIA1_IRQHandler             
00000409  EUSCIA2_IRQHandler             
00000409  EUSCIA2_IRQHandler             
0000079d  main                           
00000985  SystemCoreClockUpdate          
00000bf9  SystemInit                     
00000cb1  __aeabi_memcpy                 
00000cb1  __aeabi_memcpy4                
00000cb1  __aeabi_memcpy8                
00000cb1  memcpy                         
00000d4d  __aeabi_memclr                 
00000d4d  __aeabi_memclr4                
00000d4d  __aeabi_memclr8                
00000d4f  __aeabi_memset                 
00000d4f  __aeabi_memset4                
00000d4f  __aeabi_memset8                
00000d55  memset                         
00000dc7  __mpu_init                     
00000dc9  __TI_auto_init                 
00000e39  __TI_decompress_lzss           
00000ea1  _c_int00                       
00000ef5  C$$EXIT                        
00000ef9  abort                          
00000f01  exit                           
00000f49  copy_in                        
00000f95  _args_main                     
00000fad  _register_unlock               
00000fb3  _register_lock                 
00000fbb  _nop                           
00000fc1  __TI_decompress_none           
00000fcf  Reset_Handler                  
00000fdb  ADC14_IRQHandler               
00000fdb  AES256_IRQHandler              
00000fdb  BusFault_Handler               
00000fdb  COMP_E0_IRQHandler             
00000fdb  COMP_E1_IRQHandler             
00000fdb  CS_IRQHandler                  
00000fdb  DMA_ERR_IRQHandler             
00000fdb  DMA_INT0_IRQHandler            
00000fdb  DMA_INT1_IRQHandler            
00000fdb  DMA_INT2_IRQHandler            
00000fdb  DMA_INT3_IRQHandler            
00000fdb  DebugMon_Handler               
00000fdb  Default_Handler                
00000fdb  EUSCIA0_IRQHandler             
00000fdb  EUSCIA3_IRQHandler             
00000fdb  EUSCIB0_IRQHandler             
00000fdb  EUSCIB1_IRQHandler             
00000fdb  EUSCIB2_IRQHandler             
00000fdb  EUSCIB3_IRQHandler             
00000fdb  FLCTL_IRQHandler               
00000fdb  FPU_IRQHandler                 
00000fdb  HardFault_Handler              
00000fdb  MemManage_Handler              
00000fdb  NMI_Handler                    
00000fdb  PCM_IRQHandler                 
00000fdb  PORT1_IRQHandler               
00000fdb  PORT2_IRQHandler               
00000fdb  PORT3_IRQHandler               
00000fdb  PORT4_IRQHandler               
00000fdb  PORT5_IRQHandler               
00000fdb  PORT6_IRQHandler               
00000fdb  PSS_IRQHandler                 
00000fdb  PendSV_Handler                 
00000fdb  RTC_C_IRQHandler               
00000fdb  SVC_Handler                    
00000fdb  SysTick_Handler                
00000fdb  T32_INT1_IRQHandler            
00000fdb  T32_INT2_IRQHandler            
00000fdb  T32_INTC_IRQHandler            
00000fdb  TA0_0_IRQHandler               
00000fdb  TA0_N_IRQHandler               
00000fdb  TA1_0_IRQHandler               
00000fdb  TA1_N_IRQHandler               
00000fdb  TA2_0_IRQHandler               
00000fdb  TA2_N_IRQHandler               
00000fdb  TA3_0_IRQHandler               
00000fdb  TA3_N_IRQHandler               
00000fdb  UsageFault_Handler             
00000fdb  WDT_A_IRQHandler               
00000fdd  __TI_zero_init                 
00000fe9  _system_pre_init               
00000fed  _system_post_cinit             
00000ff0  uartConfig                     
00001014  upConfig                       
0000102c  compareConfig                  
0000103c  portMapping                    
00001064  __TI_Handler_Table_Base        
00001070  __TI_Handler_Table_Limit       
00001078  __TI_CINIT_Base                
00001088  __TI_CINIT_Limit               
20000000  rxDataArray                    
20000010  bleRxDataArray                 
2000001c  xAcc                           
20000020  yAcc                           
20000024  zAcc                           
20000028  angle                          
2000002a  checksum                       
2000002c  height                         
2000002e  signatureNumber                
20000030  width                          
20000032  xCenter                        
20000034  yCenter                        
20000036  data                           
20000038  currentState                   
20000039  index                          
2000003a  bleIndex                       
2000003c  x                              
20000040  y                              
20000044  z                              
20000048  __TI_cleanup_ptr               
2000004c  __TI_dtors_ptr                 
20000050  __TI_enable_exit_profile_output
20000054  _lock                          
20000058  _unlock                        
2000005c  main_func_sp                   
20000060  SystemCoreClock                
2000fe00  __stack                        
20010000  __STACK_END                    
4000480c  WDTCTL_SYM                     
ffffffff  __TI_pprof_out_hndl            
ffffffff  __TI_prof_data_size            
ffffffff  __TI_prof_data_start           
ffffffff  __binit__                      
ffffffff  __c_args__                     
ffffffff  binit                          
UNDEFED   SHT$$INIT_ARRAY$$Base          
UNDEFED   SHT$$INIT_ARRAY$$Limit         

[135 symbols]
